 TcSgSvrcd

 Timestamp is 56d833c3 (Thu Mar 03 20:53:23 2016)

 Preferred load address is 00400000

 Start         Length     Name                   Class
 0001:00000000 0018a1b1H .text                   CODE
 0001:0018a1c0 0000101eH .text$AFX_COL1          CODE
 0001:0018b1e0 0000aaf6H .text$x                 CODE
 0001:00195cd6 000b710aH .textbss                CODE
 0002:00000000 0000d5faH .rdata                  DATA
 0002:0000d600 000001a8H .rdata$r                DATA
 0002:0000d7a8 0000ac6fH .xdata$x                DATA
 0002:00018417 00000000H .edata                  DATA
 0003:00000000 00000104H .CRT$XCA                DATA
 0003:00000104 00000268H .CRT$XCU                DATA
 0003:0000036c 00000104H .CRT$XCZ                DATA
 0003:00000470 00000104H .CRT$XIA                DATA
 0003:00000574 00000104H .CRT$XIZ                DATA
 0003:00000680 00015738H .data                   DATA
 0003:00015db8 000090d4H .bss                    DATA
 0004:00000000 00000154H .idata$2                DATA
 0004:00000154 00000014H .idata$3                DATA
 0004:00000168 00000b8cH .idata$4                DATA
 0004:00000cf4 00000b8cH .idata$5                DATA
 0004:00001880 00001fa7H .idata$6                DATA
 0005:00000000 00000169H .rsrc$01                DATA
 0005:00000170 000007f0H .rsrc$02                DATA

  Address         Publics by Value              Rva+Base     Lib:Object

 0001:00004e37       ?Instance@DataRecord@@SAPAV1@XZ 00405e37 f   DataRecord.obj
 0001:00004ed8       ?Purge@DataRecord@@SAXXZ   00405ed8 f   DataRecord.obj
 0001:00004f4b       ??0DataRecord@@QAE@XZ      00405f4b f   DataRecord.obj
 0001:00005002       ??1DataRecord@@UAE@XZ      00406002 f   DataRecord.obj
 0001:000050a5       ?init@DataRecord@@UAEXQADPAVCGameServer@@@Z 004060a5 f   DataRecord.obj
 0001:000050f1       ?ResetInfos@DataRecord@@UAEXXZ 004060f1 f   DataRecord.obj
 0001:0000517a       ?UpdateInfos@DataRecord@@UAEXPAVCTable@@PAU_tagREFRESH_RESULT_EX@@PAU_tagGAME_RESULT_EX@@@Z 0040617a f   DataRecord.obj
 0001:000053ad       ?UpdateRoomBout@DataRecord@@UAEXHH@Z 004063ad f   DataRecord.obj
 0001:00005467       ?SaveInfos@DataRecord@@UAEXH@Z 00406467 f   DataRecord.obj
 0001:000062c4       ?ReadInfos@DataRecord@@UAEXXZ 004072c4 f   DataRecord.obj
 0001:00006994       ?GetRecordFile@DataRecord@@IAE?AVCString@@XZ 00407994 f   DataRecord.obj
 0001:00006aca       ?FormatStr@DataRecord@@IAEXAAVCString@@H@Z 00407aca f   DataRecord.obj
 0001:00006b04       ?FormatOneRowStr@DataRecord@@IAE?AVCString@@QAV2@HH@Z 00407b04 f   DataRecord.obj
 0001:00006c06       ?SplitStr@DataRecord@@IAEHQAVCString@@HABV2@D_N@Z 00407c06 f   DataRecord.obj
 0001:00006d6e       ?GetRoomKeyByNo@DataRecord@@IAEHHH@Z 00407d6e f   DataRecord.obj
 0001:00006da9       ?GetRoomKeyByIndex@DataRecord@@IAEHHH@Z 00407da9 f   DataRecord.obj
 0001:00006dc9       ?ParseRoomKey@DataRecord@@IAEXHAAH0@Z 00407dc9 f   DataRecord.obj
 0001:00006dfd       ?GetTableIndex@DataRecord@@IAEHHH@Z 00407dfd f   DataRecord.obj
 0001:00007125       ?IsTableDepositRoom@DataRecord@@MAEHH@Z 00408125 f   DataRecord.obj
 0001:00007166       ?GetRoomSvrIniFile@DataRecord@@IAEHHAAVCString@@@Z 00408166 f   DataRecord.obj
 0001:00007b30       ??_GDataRecord@@UAEPAXI@Z  00408b30 f i DataRecord.obj
 0001:00007b30       ??_EDataRecord@@UAEPAXI@Z  00408b30 f i DataRecord.obj
 0001:00007b80       ??1?$map@HU_tagPlayerInfo@@U?$less@H@std@@V?$allocator@U_tagPlayerInfo@@@3@@std@@QAE@XZ 00408b80 f i DataRecord.obj
 0001:00007bb0       ??1?$map@HU_tagRoomInfo@@U?$less@H@std@@V?$allocator@U_tagRoomInfo@@@3@@std@@QAE@XZ 00408bb0 f i DataRecord.obj
 0001:00007be0       ??Y_tagRoomInfo@@QAEABU0@ABU0@@Z 00408be0 f i DataRecord.obj
 0001:00007cd0       ??1?$set@HU?$less@H@std@@V?$allocator@H@2@@std@@QAE@XZ 00408cd0 f i DataRecord.obj
 0001:00007d00       ??0?$set@HU?$less@H@std@@V?$allocator@H@2@@std@@QAE@ABU?$less@H@1@ABV?$allocator@H@1@@Z 00408d00 f i DataRecord.obj
 0001:00007d40       ?begin@?$set@HU?$less@H@std@@V?$allocator@H@2@@std@@QBE?AVconst_iterator@?$_Tree@HHU_Kfn@?$set@HU?$less@H@std@@V?$allocator@H@2@@std@@U?$less@H@3@V?$allocator@H@3@@2@XZ 00408d40 f i DataRecord.obj
 0001:00007d90       ?end@?$set@HU?$less@H@std@@V?$allocator@H@2@@std@@QAE?AViterator@?$_Tree@HHU_Kfn@?$set@HU?$less@H@std@@V?$allocator@H@2@@std@@U?$less@H@3@V?$allocator@H@3@@2@XZ 00408d90 f i DataRecord.obj
 0001:00007de0       ?end@?$set@HU?$less@H@std@@V?$allocator@H@2@@std@@QBE?AVconst_iterator@?$_Tree@HHU_Kfn@?$set@HU?$less@H@std@@V?$allocator@H@2@@std@@U?$less@H@3@V?$allocator@H@3@@2@XZ 00408de0 f i DataRecord.obj
 0001:00007e30       ?size@?$set@HU?$less@H@std@@V?$allocator@H@2@@std@@QBEIXZ 00408e30 f i DataRecord.obj
 0001:00007e60       ?insert@?$set@HU?$less@H@std@@V?$allocator@H@2@@std@@QAE?AU?$pair@Viterator@?$_Tree@HHU_Kfn@?$set@HU?$less@H@std@@V?$allocator@H@2@@std@@U?$less@H@3@V?$allocator@H@3@@std@@_N@2@ABH@Z 00408e60 f i DataRecord.obj
 0001:00007ef0       ?find@?$set@HU?$less@H@std@@V?$allocator@H@2@@std@@QAE?AViterator@?$_Tree@HHU_Kfn@?$set@HU?$less@H@std@@V?$allocator@H@2@@std@@U?$less@H@3@V?$allocator@H@3@@2@ABH@Z 00408ef0 f i DataRecord.obj
 0001:00007f50       ??1?$_Tree@HHU_Kfn@?$set@HU?$less@H@std@@V?$allocator@H@2@@std@@U?$less@H@3@V?$allocator@H@3@@std@@QAE@XZ 00408f50 f i DataRecord.obj
 0001:00008070       ??Dconst_iterator@?$_Tree@HHU_Kfn@?$set@HU?$less@H@std@@V?$allocator@H@2@@std@@U?$less@H@3@V?$allocator@H@3@@std@@QBEABHXZ 00409070 f i DataRecord.obj
 0001:000080b0       ??Econst_iterator@?$_Tree@HHU_Kfn@?$set@HU?$less@H@std@@V?$allocator@H@2@@std@@U?$less@H@3@V?$allocator@H@3@@std@@QAEAAV012@XZ 004090b0 f i DataRecord.obj
 0001:000080e0       ??9const_iterator@?$_Tree@HHU_Kfn@?$set@HU?$less@H@std@@V?$allocator@H@2@@std@@U?$less@H@3@V?$allocator@H@3@@std@@QBE_NABV012@@Z 004090e0 f i DataRecord.obj
 0001:00008130       ??8iterator@?$_Tree@HHU_Kfn@?$set@HU?$less@H@std@@V?$allocator@H@2@@std@@U?$less@H@3@V?$allocator@H@3@@std@@QBE_NABV012@@Z 00409130 f i DataRecord.obj
 0001:00008160       ??0?$map@HU_tagPlayerInfo@@U?$less@H@std@@V?$allocator@U_tagPlayerInfo@@@3@@std@@QAE@ABU?$less@H@1@ABV?$allocator@U_tagPlayerInfo@@@1@@Z 00409160 f i DataRecord.obj
 0001:000081a0       ?begin@?$map@HU_tagPlayerInfo@@U?$less@H@std@@V?$allocator@U_tagPlayerInfo@@@3@@std@@QAE?AViterator@?$_Tree@HU?$pair@$$CBHU_tagPlayerInfo@@@std@@U_Kfn@?$map@HU_tagPlayerInfo@@U?$less@H@std@@V?$allocator@U_tagPlayerInfo@@@3@@2@U?$less@H@2@V?$allocator@U_tagPlayerInfo@@@2@@2@XZ 004091a0 f i DataRecord.obj
 0001:000081f0       ?end@?$map@HU_tagPlayerInfo@@U?$less@H@std@@V?$allocator@U_tagPlayerInfo@@@3@@std@@QAE?AViterator@?$_Tree@HU?$pair@$$CBHU_tagPlayerInfo@@@std@@U_Kfn@?$map@HU_tagPlayerInfo@@U?$less@H@std@@V?$allocator@U_tagPlayerInfo@@@3@@2@U?$less@H@2@V?$allocator@U_tagPlayerInfo@@@2@@2@XZ 004091f0 f i DataRecord.obj
 0001:00008240       ?size@?$map@HU_tagPlayerInfo@@U?$less@H@std@@V?$allocator@U_tagPlayerInfo@@@3@@std@@QBEIXZ 00409240 f i DataRecord.obj
 0001:00008270       ??A?$map@HU_tagPlayerInfo@@U?$less@H@std@@V?$allocator@U_tagPlayerInfo@@@3@@std@@QAEAAU_tagPlayerInfo@@ABH@Z 00409270 f i DataRecord.obj
 0001:000082f0       ??0_tagPlayerInfo@@QAE@XZ  004092f0 f i DataRecord.obj
 0001:00008360       ?clear@?$map@HU_tagPlayerInfo@@U?$less@H@std@@V?$allocator@U_tagPlayerInfo@@@3@@std@@QAEXXZ 00409360 f i DataRecord.obj
 0001:00008390       ??1?$_Tree@HU?$pair@$$CBHU_tagPlayerInfo@@@std@@U_Kfn@?$map@HU_tagPlayerInfo@@U?$less@H@std@@V?$allocator@U_tagPlayerInfo@@@3@@2@U?$less@H@2@V?$allocator@U_tagPlayerInfo@@@2@@std@@QAE@XZ 00409390 f i DataRecord.obj
 0001:000084b0       ??Citerator@?$_Tree@HU?$pair@$$CBHU_tagPlayerInfo@@@std@@U_Kfn@?$map@HU_tagPlayerInfo@@U?$less@H@std@@V?$allocator@U_tagPlayerInfo@@@3@@2@U?$less@H@2@V?$allocator@U_tagPlayerInfo@@@2@@std@@QBEPAU?$pair@$$CBHU_tagPlayerInfo@@@2@XZ 004094b0 f i DataRecord.obj
 0001:000084e0       ??Eiterator@?$_Tree@HU?$pair@$$CBHU_tagPlayerInfo@@@std@@U_Kfn@?$map@HU_tagPlayerInfo@@U?$less@H@std@@V?$allocator@U_tagPlayerInfo@@@3@@2@U?$less@H@2@V?$allocator@U_tagPlayerInfo@@@2@@std@@QAEAAV012@XZ 004094e0 f i DataRecord.obj
 0001:00008510       ??9iterator@?$_Tree@HU?$pair@$$CBHU_tagPlayerInfo@@@std@@U_Kfn@?$map@HU_tagPlayerInfo@@U?$less@H@std@@V?$allocator@U_tagPlayerInfo@@@3@@2@U?$less@H@2@V?$allocator@U_tagPlayerInfo@@@2@@std@@QBE_NABV012@@Z 00409510 f i DataRecord.obj
 0001:00008560       ??0?$map@HU_tagRoomInfo@@U?$less@H@std@@V?$allocator@U_tagRoomInfo@@@3@@std@@QAE@ABU?$less@H@1@ABV?$allocator@U_tagRoomInfo@@@1@@Z 00409560 f i DataRecord.obj
 0001:000085a0       ?begin@?$map@HU_tagRoomInfo@@U?$less@H@std@@V?$allocator@U_tagRoomInfo@@@3@@std@@QAE?AViterator@?$_Tree@HU?$pair@$$CBHU_tagRoomInfo@@@std@@U_Kfn@?$map@HU_tagRoomInfo@@U?$less@H@std@@V?$allocator@U_tagRoomInfo@@@3@@2@U?$less@H@2@V?$allocator@U_tagRoomInfo@@@2@@2@XZ 004095a0 f i DataRecord.obj
 0001:000085f0       ?end@?$map@HU_tagRoomInfo@@U?$less@H@std@@V?$allocator@U_tagRoomInfo@@@3@@std@@QAE?AViterator@?$_Tree@HU?$pair@$$CBHU_tagRoomInfo@@@std@@U_Kfn@?$map@HU_tagRoomInfo@@U?$less@H@std@@V?$allocator@U_tagRoomInfo@@@3@@2@U?$less@H@2@V?$allocator@U_tagRoomInfo@@@2@@2@XZ 004095f0 f i DataRecord.obj
 0001:00008640       ??A?$map@HU_tagRoomInfo@@U?$less@H@std@@V?$allocator@U_tagRoomInfo@@@3@@std@@QAEAAU_tagRoomInfo@@ABH@Z 00409640 f i DataRecord.obj
 0001:00008730       ??0_tagRoomInfo@@QAE@XZ    00409730 f i DataRecord.obj
 0001:000087f0       ??1_tagRoomInfo@@QAE@XZ    004097f0 f i DataRecord.obj
 0001:00008820       ?clear@?$set@HU?$less@H@std@@V?$allocator@H@2@@std@@QAEXXZ 00409820 f i DataRecord.obj
 0001:00008850       ?clear@?$map@HU_tagRoomInfo@@U?$less@H@std@@V?$allocator@U_tagRoomInfo@@@3@@std@@QAEXXZ 00409850 f i DataRecord.obj
 0001:00008880       ??1?$_Tree@HU?$pair@$$CBHU_tagRoomInfo@@@std@@U_Kfn@?$map@HU_tagRoomInfo@@U?$less@H@std@@V?$allocator@U_tagRoomInfo@@@3@@2@U?$less@H@2@V?$allocator@U_tagRoomInfo@@@2@@std@@QAE@XZ 00409880 f i DataRecord.obj
 0001:000089a0       ??Citerator@?$_Tree@HU?$pair@$$CBHU_tagRoomInfo@@@std@@U_Kfn@?$map@HU_tagRoomInfo@@U?$less@H@std@@V?$allocator@U_tagRoomInfo@@@3@@2@U?$less@H@2@V?$allocator@U_tagRoomInfo@@@2@@std@@QBEPAU?$pair@$$CBHU_tagRoomInfo@@@2@XZ 004099a0 f i DataRecord.obj
 0001:000089d0       ??Eiterator@?$_Tree@HU?$pair@$$CBHU_tagRoomInfo@@@std@@U_Kfn@?$map@HU_tagRoomInfo@@U?$less@H@std@@V?$allocator@U_tagRoomInfo@@@3@@2@U?$less@H@2@V?$allocator@U_tagRoomInfo@@@2@@std@@QAEAAV012@XZ 004099d0 f i DataRecord.obj
 0001:00008a00       ??9iterator@?$_Tree@HU?$pair@$$CBHU_tagRoomInfo@@@std@@U_Kfn@?$map@HU_tagRoomInfo@@U?$less@H@std@@V?$allocator@U_tagRoomInfo@@@3@@2@U?$less@H@2@V?$allocator@U_tagRoomInfo@@@2@@std@@QBE_NABV012@@Z 00409a00 f i DataRecord.obj
 0001:00008a50       ??1?$pair@$$CBHU_tagRoomInfo@@@std@@QAE@XZ 00409a50 f i DataRecord.obj
 0001:00008a80       ?_Value@?$_Tree@HHU_Kfn@?$set@HU?$less@H@std@@V?$allocator@H@2@@std@@U?$less@H@3@V?$allocator@H@3@@std@@KAAAHPAU_Node@12@@Z 00409a80 f i DataRecord.obj
 0001:00008a90       ??0?$_Tree@HHU_Kfn@?$set@HU?$less@H@std@@V?$allocator@H@2@@std@@U?$less@H@3@V?$allocator@H@3@@std@@QAE@ABU?$less@H@1@_NABV?$allocator@H@1@@Z 00409a90 f i DataRecord.obj
 0001:00008af0       ?begin@?$_Tree@HHU_Kfn@?$set@HU?$less@H@std@@V?$allocator@H@2@@std@@U?$less@H@3@V?$allocator@H@3@@std@@QAE?AViterator@12@XZ 00409af0 f i DataRecord.obj
 0001:00008b50       ?begin@?$_Tree@HHU_Kfn@?$set@HU?$less@H@std@@V?$allocator@H@2@@std@@U?$less@H@3@V?$allocator@H@3@@std@@QBE?AVconst_iterator@12@XZ 00409b50 f i DataRecord.obj
 0001:00008bb0       ?end@?$_Tree@HHU_Kfn@?$set@HU?$less@H@std@@V?$allocator@H@2@@std@@U?$less@H@3@V?$allocator@H@3@@std@@QAE?AViterator@12@XZ 00409bb0 f i DataRecord.obj
 0001:00008c00       ?end@?$_Tree@HHU_Kfn@?$set@HU?$less@H@std@@V?$allocator@H@2@@std@@U?$less@H@3@V?$allocator@H@3@@std@@QBE?AVconst_iterator@12@XZ 00409c00 f i DataRecord.obj
 0001:00008c50       ?size@?$_Tree@HHU_Kfn@?$set@HU?$less@H@std@@V?$allocator@H@2@@std@@U?$less@H@3@V?$allocator@H@3@@std@@QBEIXZ 00409c50 f i DataRecord.obj
 0001:00008c70       ?insert@?$_Tree@HHU_Kfn@?$set@HU?$less@H@std@@V?$allocator@H@2@@std@@U?$less@H@3@V?$allocator@H@3@@std@@QAE?AU?$pair@Viterator@?$_Tree@HHU_Kfn@?$set@HU?$less@H@std@@V?$allocator@H@2@@std@@U?$less@H@3@V?$allocator@H@3@@std@@_N@2@ABH@Z 00409c70 f i DataRecord.obj
 0001:00008f10       ?erase@?$_Tree@HHU_Kfn@?$set@HU?$less@H@std@@V?$allocator@H@2@@std@@U?$less@H@3@V?$allocator@H@3@@std@@QAE?AViterator@12@V312@0@Z 00409f10 f i DataRecord.obj
 0001:00009080       ?clear@?$_Tree@HHU_Kfn@?$set@HU?$less@H@std@@V?$allocator@H@2@@std@@U?$less@H@3@V?$allocator@H@3@@std@@QAEXXZ 0040a080 f i DataRecord.obj
 0001:000090f0       ?find@?$_Tree@HHU_Kfn@?$set@HU?$less@H@std@@V?$allocator@H@2@@std@@U?$less@H@3@V?$allocator@H@3@@std@@QAE?AViterator@12@ABH@Z 0040a0f0 f i DataRecord.obj
 0001:000091e0       ?_Init@?$_Tree@HHU_Kfn@?$set@HU?$less@H@std@@V?$allocator@H@2@@std@@U?$less@H@3@V?$allocator@H@3@@std@@IAEXXZ 0040a1e0 f i DataRecord.obj
 0001:00009360       ?_Freenode@?$_Tree@HHU_Kfn@?$set@HU?$less@H@std@@V?$allocator@H@2@@std@@U?$less@H@3@V?$allocator@H@3@@std@@IAEXPAU_Node@12@@Z 0040a360 f i DataRecord.obj
 0001:000093a0       ??8const_iterator@?$_Tree@HHU_Kfn@?$set@HU?$less@H@std@@V?$allocator@H@2@@std@@U?$less@H@3@V?$allocator@H@3@@std@@QBE_NABV012@@Z 0040a3a0 f i DataRecord.obj
 0001:000093d0       ?_Inc@const_iterator@?$_Tree@HHU_Kfn@?$set@HU?$less@H@std@@V?$allocator@H@2@@std@@U?$less@H@3@V?$allocator@H@3@@std@@QAEXXZ 0040a3d0 f i DataRecord.obj
 0001:000094b0       ??0?$pair@Viterator@?$_Tree@HHU_Kfn@?$set@HU?$less@H@std@@V?$allocator@H@2@@std@@U?$less@H@3@V?$allocator@H@3@@std@@_N@std@@QAE@ABViterator@?$_Tree@HHU_Kfn@?$set@HU?$less@H@std@@V?$allocator@H@2@@std@@U?$less@H@3@V?$allocator@H@3@@1@AB_N@Z 0040a4b0 f i DataRecord.obj
 0001:000094f0       ?insert@?$map@HU_tagPlayerInfo@@U?$less@H@std@@V?$allocator@U_tagPlayerInfo@@@3@@std@@QAE?AU?$pair@Viterator@?$_Tree@HU?$pair@$$CBHU_tagPlayerInfo@@@std@@U_Kfn@?$map@HU_tagPlayerInfo@@U?$less@H@std@@V?$allocator@U_tagPlayerInfo@@@3@@2@U?$less@H@2@V?$allocator@U_tagPlayerInfo@@@2@@std@@_N@2@ABU?$pair@$$CBHU_tagPlayerInfo@@@2@@Z 0040a4f0 f i DataRecord.obj
 0001:00009580       ??0?$_Tree@HU?$pair@$$CBHU_tagPlayerInfo@@@std@@U_Kfn@?$map@HU_tagPlayerInfo@@U?$less@H@std@@V?$allocator@U_tagPlayerInfo@@@3@@2@U?$less@H@2@V?$allocator@U_tagPlayerInfo@@@2@@std@@QAE@ABU?$less@H@1@_NABV?$allocator@U_tagPlayerInfo@@@1@@Z 0040a580 f i DataRecord.obj
 0001:000095e0       ?begin@?$_Tree@HU?$pair@$$CBHU_tagPlayerInfo@@@std@@U_Kfn@?$map@HU_tagPlayerInfo@@U?$less@H@std@@V?$allocator@U_tagPlayerInfo@@@3@@2@U?$less@H@2@V?$allocator@U_tagPlayerInfo@@@2@@std@@QAE?AViterator@12@XZ 0040a5e0 f i DataRecord.obj
 0001:00009640       ?end@?$_Tree@HU?$pair@$$CBHU_tagPlayerInfo@@@std@@U_Kfn@?$map@HU_tagPlayerInfo@@U?$less@H@std@@V?$allocator@U_tagPlayerInfo@@@3@@2@U?$less@H@2@V?$allocator@U_tagPlayerInfo@@@2@@std@@QAE?AViterator@12@XZ 0040a640 f i DataRecord.obj
 0001:00009690       ?size@?$_Tree@HU?$pair@$$CBHU_tagPlayerInfo@@@std@@U_Kfn@?$map@HU_tagPlayerInfo@@U?$less@H@std@@V?$allocator@U_tagPlayerInfo@@@3@@2@U?$less@H@2@V?$allocator@U_tagPlayerInfo@@@2@@std@@QBEIXZ 0040a690 f i DataRecord.obj
 0001:000096b0       ?erase@?$_Tree@HU?$pair@$$CBHU_tagPlayerInfo@@@std@@U_Kfn@?$map@HU_tagPlayerInfo@@U?$less@H@std@@V?$allocator@U_tagPlayerInfo@@@3@@2@U?$less@H@2@V?$allocator@U_tagPlayerInfo@@@2@@std@@QAE?AViterator@12@V312@0@Z 0040a6b0 f i DataRecord.obj
 0001:00009820       ?clear@?$_Tree@HU?$pair@$$CBHU_tagPlayerInfo@@@std@@U_Kfn@?$map@HU_tagPlayerInfo@@U?$less@H@std@@V?$allocator@U_tagPlayerInfo@@@3@@2@U?$less@H@2@V?$allocator@U_tagPlayerInfo@@@2@@std@@QAEXXZ 0040a820 f i DataRecord.obj
 0001:00009890       ?_Freenode@?$_Tree@HU?$pair@$$CBHU_tagPlayerInfo@@@std@@U_Kfn@?$map@HU_tagPlayerInfo@@U?$less@H@std@@V?$allocator@U_tagPlayerInfo@@@3@@2@U?$less@H@2@V?$allocator@U_tagPlayerInfo@@@2@@std@@IAEXPAU_Node@12@@Z 0040a890 f i DataRecord.obj
 0001:000098d0       ??0?$pair@$$CBHU_tagPlayerInfo@@@std@@QAE@ABHABU_tagPlayerInfo@@@Z 0040a8d0 f i DataRecord.obj
 0001:00009920       ?_Inc@const_iterator@?$_Tree@HU?$pair@$$CBHU_tagPlayerInfo@@@std@@U_Kfn@?$map@HU_tagPlayerInfo@@U?$less@H@std@@V?$allocator@U_tagPlayerInfo@@@3@@2@U?$less@H@2@V?$allocator@U_tagPlayerInfo@@@2@@std@@QAEXXZ 0040a920 f i DataRecord.obj
 0001:00009a00       ??Diterator@?$_Tree@HU?$pair@$$CBHU_tagPlayerInfo@@@std@@U_Kfn@?$map@HU_tagPlayerInfo@@U?$less@H@std@@V?$allocator@U_tagPlayerInfo@@@3@@2@U?$less@H@2@V?$allocator@U_tagPlayerInfo@@@2@@std@@QBEAAU?$pair@$$CBHU_tagPlayerInfo@@@2@XZ 0040aa00 f i DataRecord.obj
 0001:00009a40       ??8iterator@?$_Tree@HU?$pair@$$CBHU_tagPlayerInfo@@@std@@U_Kfn@?$map@HU_tagPlayerInfo@@U?$less@H@std@@V?$allocator@U_tagPlayerInfo@@@3@@2@U?$less@H@2@V?$allocator@U_tagPlayerInfo@@@2@@std@@QBE_NABV012@@Z 0040aa40 f i DataRecord.obj
 0001:00009a70       ?insert@?$map@HU_tagRoomInfo@@U?$less@H@std@@V?$allocator@U_tagRoomInfo@@@3@@std@@QAE?AU?$pair@Viterator@?$_Tree@HU?$pair@$$CBHU_tagRoomInfo@@@std@@U_Kfn@?$map@HU_tagRoomInfo@@U?$less@H@std@@V?$allocator@U_tagRoomInfo@@@3@@2@U?$less@H@2@V?$allocator@U_tagRoomInfo@@@2@@std@@_N@2@ABU?$pair@$$CBHU_tagRoomInfo@@@2@@Z 0040aa70 f i DataRecord.obj
 0001:00009b00       ??0?$_Tree@HU?$pair@$$CBHU_tagRoomInfo@@@std@@U_Kfn@?$map@HU_tagRoomInfo@@U?$less@H@std@@V?$allocator@U_tagRoomInfo@@@3@@2@U?$less@H@2@V?$allocator@U_tagRoomInfo@@@2@@std@@QAE@ABU?$less@H@1@_NABV?$allocator@U_tagRoomInfo@@@1@@Z 0040ab00 f i DataRecord.obj
 0001:00009b60       ?begin@?$_Tree@HU?$pair@$$CBHU_tagRoomInfo@@@std@@U_Kfn@?$map@HU_tagRoomInfo@@U?$less@H@std@@V?$allocator@U_tagRoomInfo@@@3@@2@U?$less@H@2@V?$allocator@U_tagRoomInfo@@@2@@std@@QAE?AViterator@12@XZ 0040ab60 f i DataRecord.obj
 0001:00009bc0       ?end@?$_Tree@HU?$pair@$$CBHU_tagRoomInfo@@@std@@U_Kfn@?$map@HU_tagRoomInfo@@U?$less@H@std@@V?$allocator@U_tagRoomInfo@@@3@@2@U?$less@H@2@V?$allocator@U_tagRoomInfo@@@2@@std@@QAE?AViterator@12@XZ 0040abc0 f i DataRecord.obj
 0001:00009c10       ?erase@?$_Tree@HU?$pair@$$CBHU_tagRoomInfo@@@std@@U_Kfn@?$map@HU_tagRoomInfo@@U?$less@H@std@@V?$allocator@U_tagRoomInfo@@@3@@2@U?$less@H@2@V?$allocator@U_tagRoomInfo@@@2@@std@@QAE?AViterator@12@V312@0@Z 0040ac10 f i DataRecord.obj
 0001:00009d80       ?clear@?$_Tree@HU?$pair@$$CBHU_tagRoomInfo@@@std@@U_Kfn@?$map@HU_tagRoomInfo@@U?$less@H@std@@V?$allocator@U_tagRoomInfo@@@3@@2@U?$less@H@2@V?$allocator@U_tagRoomInfo@@@2@@std@@QAEXXZ 0040ad80 f i DataRecord.obj
 0001:00009df0       ?_Freenode@?$_Tree@HU?$pair@$$CBHU_tagRoomInfo@@@std@@U_Kfn@?$map@HU_tagRoomInfo@@U?$less@H@std@@V?$allocator@U_tagRoomInfo@@@3@@2@U?$less@H@2@V?$allocator@U_tagRoomInfo@@@2@@std@@IAEXPAU_Node@12@@Z 0040adf0 f i DataRecord.obj
 0001:00009e30       ??0?$pair@$$CBHU_tagRoomInfo@@@std@@QAE@ABHABU_tagRoomInfo@@@Z 0040ae30 f i DataRecord.obj
 0001:00009e80       ??0_tagRoomInfo@@QAE@ABU0@@Z 0040ae80 f i DataRecord.obj
 0001:00009ef0       ??0?$set@HU?$less@H@std@@V?$allocator@H@2@@std@@QAE@ABV01@@Z 0040aef0 f i DataRecord.obj
 0001:00009f30       ??0?$_Tree@HHU_Kfn@?$set@HU?$less@H@std@@V?$allocator@H@2@@std@@U?$less@H@3@V?$allocator@H@3@@std@@QAE@ABV01@@Z 0040af30 f i DataRecord.obj
 0001:00009fa0       ?_Copy@?$_Tree@HHU_Kfn@?$set@HU?$less@H@std@@V?$allocator@H@2@@std@@U?$less@H@3@V?$allocator@H@3@@std@@IAEXABV12@@Z 0040afa0 f i DataRecord.obj
 0001:0000a0a0       ?_Inc@const_iterator@?$_Tree@HU?$pair@$$CBHU_tagRoomInfo@@@std@@U_Kfn@?$map@HU_tagRoomInfo@@U?$less@H@std@@V?$allocator@U_tagRoomInfo@@@3@@2@U?$less@H@2@V?$allocator@U_tagRoomInfo@@@2@@std@@QAEXXZ 0040b0a0 f i DataRecord.obj
 0001:0000a180       ??Diterator@?$_Tree@HU?$pair@$$CBHU_tagRoomInfo@@@std@@U_Kfn@?$map@HU_tagRoomInfo@@U?$less@H@std@@V?$allocator@U_tagRoomInfo@@@3@@2@U?$less@H@2@V?$allocator@U_tagRoomInfo@@@2@@std@@QBEAAU?$pair@$$CBHU_tagRoomInfo@@@2@XZ 0040b180 f i DataRecord.obj
 0001:0000a1c0       ??8iterator@?$_Tree@HU?$pair@$$CBHU_tagRoomInfo@@@std@@U_Kfn@?$map@HU_tagRoomInfo@@U?$less@H@std@@V?$allocator@U_tagRoomInfo@@@3@@2@U?$less@H@2@V?$allocator@U_tagRoomInfo@@@2@@std@@QBE_NABV012@@Z 0040b1c0 f i DataRecord.obj
 0001:0000a1f0       ??R?$less@H@std@@QBE_NABH0@Z 0040b1f0 f i DataRecord.obj
 0001:0000a220       ??R_Kfn@?$set@HU?$less@H@std@@V?$allocator@H@2@@std@@QBEABHABH@Z 0040b220 f i DataRecord.obj
 0001:0000a240       ?_Key@?$_Tree@HHU_Kfn@?$set@HU?$less@H@std@@V?$allocator@H@2@@std@@U?$less@H@3@V?$allocator@H@3@@std@@KAABHPAU_Node@12@@Z 0040b240 f i DataRecord.obj
 0001:0000a280       ?_Left@?$_Tree@HHU_Kfn@?$set@HU?$less@H@std@@V?$allocator@H@2@@std@@U?$less@H@3@V?$allocator@H@3@@std@@KAAAPAU_Node@12@PAU312@@Z 0040b280 f i DataRecord.obj
 0001:0000a290       ?_Parent@?$_Tree@HHU_Kfn@?$set@HU?$less@H@std@@V?$allocator@H@2@@std@@U?$less@H@3@V?$allocator@H@3@@std@@KAAAPAU_Node@12@PAU312@@Z 0040b290 f i DataRecord.obj
 0001:0000a2a0       ?_Right@?$_Tree@HHU_Kfn@?$set@HU?$less@H@std@@V?$allocator@H@2@@std@@U?$less@H@3@V?$allocator@H@3@@std@@KAAAPAU_Node@12@PAU312@@Z 0040b2a0 f i DataRecord.obj
 0001:0000a2b0       ?erase@?$_Tree@HHU_Kfn@?$set@HU?$less@H@std@@V?$allocator@H@2@@std@@U?$less@H@3@V?$allocator@H@3@@std@@QAE?AViterator@12@V312@@Z 0040b2b0 f i DataRecord.obj
 0001:0000ad60       ?lower_bound@?$_Tree@HHU_Kfn@?$set@HU?$less@H@std@@V?$allocator@H@2@@std@@U?$less@H@3@V?$allocator@H@3@@std@@QAE?AViterator@12@ABH@Z 0040bd60 f i DataRecord.obj
 0001:0000adc0       ?_Copy@?$_Tree@HHU_Kfn@?$set@HU?$less@H@std@@V?$allocator@H@2@@std@@U?$less@H@3@V?$allocator@H@3@@std@@IAEPAU_Node@12@PAU312@0@Z 0040bdc0 f i DataRecord.obj
 0001:0000af10       ?_Erase@?$_Tree@HHU_Kfn@?$set@HU?$less@H@std@@V?$allocator@H@2@@std@@U?$less@H@3@V?$allocator@H@3@@std@@IAEXPAU_Node@12@@Z 0040bf10 f i DataRecord.obj
 0001:0000afc0       ?_Insert@?$_Tree@HHU_Kfn@?$set@HU?$less@H@std@@V?$allocator@H@2@@std@@U?$less@H@3@V?$allocator@H@3@@std@@IAE?AViterator@12@PAU_Node@12@0ABH@Z 0040bfc0 f i DataRecord.obj
 0001:0000b590       ?_Lmost@?$_Tree@HHU_Kfn@?$set@HU?$less@H@std@@V?$allocator@H@2@@std@@U?$less@H@3@V?$allocator@H@3@@std@@IAEAAPAU_Node@12@XZ 0040c590 f i DataRecord.obj
 0001:0000b5d0       ?_Lmost@?$_Tree@HHU_Kfn@?$set@HU?$less@H@std@@V?$allocator@H@2@@std@@U?$less@H@3@V?$allocator@H@3@@std@@IBEAAPAU_Node@12@XZ 0040c5d0 f i DataRecord.obj
 0001:0000b610       ?_Max@?$_Tree@HHU_Kfn@?$set@HU?$less@H@std@@V?$allocator@H@2@@std@@U?$less@H@3@V?$allocator@H@3@@std@@KAPAU_Node@12@PAU312@@Z 0040c610 f i DataRecord.obj
 0001:0000b660       ?_Min@?$_Tree@HHU_Kfn@?$set@HU?$less@H@std@@V?$allocator@H@2@@std@@U?$less@H@3@V?$allocator@H@3@@std@@KAPAU_Node@12@PAU312@@Z 0040c660 f i DataRecord.obj
 0001:0000b6b0       ?_Rmost@?$_Tree@HHU_Kfn@?$set@HU?$less@H@std@@V?$allocator@H@2@@std@@U?$less@H@3@V?$allocator@H@3@@std@@IAEAAPAU_Node@12@XZ 0040c6b0 f i DataRecord.obj
 0001:0000b6f0       ?_Root@?$_Tree@HHU_Kfn@?$set@HU?$less@H@std@@V?$allocator@H@2@@std@@U?$less@H@3@V?$allocator@H@3@@std@@IAEAAPAU_Node@12@XZ 0040c6f0 f i DataRecord.obj
 0001:0000b730       ?_Root@?$_Tree@HHU_Kfn@?$set@HU?$less@H@std@@V?$allocator@H@2@@std@@U?$less@H@3@V?$allocator@H@3@@std@@IBEAAPAU_Node@12@XZ 0040c730 f i DataRecord.obj
 0001:0000b770       ?_Buynode@?$_Tree@HHU_Kfn@?$set@HU?$less@H@std@@V?$allocator@H@2@@std@@U?$less@H@3@V?$allocator@H@3@@std@@IAEPAU_Node@12@PAU312@W4_Redbl@12@@Z 0040c770 f i DataRecord.obj
 0001:0000b7e0       ?deallocate@?$allocator@H@std@@QAEXPAXI@Z 0040c7e0 f i DataRecord.obj
 0001:0000b820       ??0const_iterator@?$_Tree@HHU_Kfn@?$set@HU?$less@H@std@@V?$allocator@H@2@@std@@U?$less@H@3@V?$allocator@H@3@@std@@QAE@PAU_Node@12@@Z 0040c820 f i DataRecord.obj
 0001:0000b850       ?_Mynode@const_iterator@?$_Tree@HHU_Kfn@?$set@HU?$less@H@std@@V?$allocator@H@2@@std@@U?$less@H@3@V?$allocator@H@3@@std@@QBEPAU_Node@23@XZ 0040c850 f i DataRecord.obj
 0001:0000b870       ??0iterator@?$_Tree@HHU_Kfn@?$set@HU?$less@H@std@@V?$allocator@H@2@@std@@U?$less@H@3@V?$allocator@H@3@@std@@QAE@PAU_Node@12@@Z 0040c870 f i DataRecord.obj
 0001:0000b8b0       ??Eiterator@?$_Tree@HHU_Kfn@?$set@HU?$less@H@std@@V?$allocator@H@2@@std@@U?$less@H@3@V?$allocator@H@3@@std@@QAE?AV012@H@Z 0040c8b0 f i DataRecord.obj
 0001:0000b910       ??Fiterator@?$_Tree@HHU_Kfn@?$set@HU?$less@H@std@@V?$allocator@H@2@@std@@U?$less@H@3@V?$allocator@H@3@@std@@QAEAAV012@XZ 0040c910 f i DataRecord.obj
 0001:0000b940       ??9iterator@?$_Tree@HHU_Kfn@?$set@HU?$less@H@std@@V?$allocator@H@2@@std@@U?$less@H@3@V?$allocator@H@3@@std@@QBE_NABV012@@Z 0040c940 f i DataRecord.obj
 0001:0000b990       ?deallocate@?$allocator@U_tagPlayerInfo@@@std@@QAEXPAXI@Z 0040c990 f i DataRecord.obj
 0001:0000b9d0       ?_Parent@?$_Tree@HU?$pair@$$CBHU_tagPlayerInfo@@@std@@U_Kfn@?$map@HU_tagPlayerInfo@@U?$less@H@std@@V?$allocator@U_tagPlayerInfo@@@3@@2@U?$less@H@2@V?$allocator@U_tagPlayerInfo@@@2@@std@@KAAAPAU_Node@12@PAU312@@Z 0040c9d0 f i DataRecord.obj
 0001:0000b9e0       ?_Right@?$_Tree@HU?$pair@$$CBHU_tagPlayerInfo@@@std@@U_Kfn@?$map@HU_tagPlayerInfo@@U?$less@H@std@@V?$allocator@U_tagPlayerInfo@@@3@@2@U?$less@H@2@V?$allocator@U_tagPlayerInfo@@@2@@std@@KAAAPAU_Node@12@PAU312@@Z 0040c9e0 f i DataRecord.obj
 0001:0000b9f0       ?_Value@?$_Tree@HU?$pair@$$CBHU_tagPlayerInfo@@@std@@U_Kfn@?$map@HU_tagPlayerInfo@@U?$less@H@std@@V?$allocator@U_tagPlayerInfo@@@3@@2@U?$less@H@2@V?$allocator@U_tagPlayerInfo@@@2@@std@@KAAAU?$pair@$$CBHU_tagPlayerInfo@@@2@PAU_Node@12@@Z 0040c9f0 f i DataRecord.obj
 0001:0000ba00       ?insert@?$_Tree@HU?$pair@$$CBHU_tagPlayerInfo@@@std@@U_Kfn@?$map@HU_tagPlayerInfo@@U?$less@H@std@@V?$allocator@U_tagPlayerInfo@@@3@@2@U?$less@H@2@V?$allocator@U_tagPlayerInfo@@@2@@std@@QAE?AU?$pair@Viterator@?$_Tree@HU?$pair@$$CBHU_tagPlayerInfo@@@std@@U_Kfn@?$map@HU_tagPlayerInfo@@U?$less@H@std@@V?$allocator@U_tagPlayerInfo@@@3@@2@U?$less@H@2@V?$allocator@U_tagPlayerInfo@@@2@@std@@_N@2@ABU?$pair@$$CBHU_tagPlayerInfo@@@2@@Z 0040ca00 f i DataRecord.obj
 0001:0000bca0       ?erase@?$_Tree@HU?$pair@$$CBHU_tagPlayerInfo@@@std@@U_Kfn@?$map@HU_tagPlayerInfo@@U?$less@H@std@@V?$allocator@U_tagPlayerInfo@@@3@@2@U?$less@H@2@V?$allocator@U_tagPlayerInfo@@@2@@std@@QAE?AViterator@12@V312@@Z 0040cca0 f i DataRecord.obj
 0001:0000c750       ?_Erase@?$_Tree@HU?$pair@$$CBHU_tagPlayerInfo@@@std@@U_Kfn@?$map@HU_tagPlayerInfo@@U?$less@H@std@@V?$allocator@U_tagPlayerInfo@@@3@@2@U?$less@H@2@V?$allocator@U_tagPlayerInfo@@@2@@std@@IAEXPAU_Node@12@@Z 0040d750 f i DataRecord.obj
 0001:0000c800       ?_Init@?$_Tree@HU?$pair@$$CBHU_tagPlayerInfo@@@std@@U_Kfn@?$map@HU_tagPlayerInfo@@U?$less@H@std@@V?$allocator@U_tagPlayerInfo@@@3@@2@U?$less@H@2@V?$allocator@U_tagPlayerInfo@@@2@@std@@IAEXXZ 0040d800 f i DataRecord.obj
 0001:0000c980       ?_Lmost@?$_Tree@HU?$pair@$$CBHU_tagPlayerInfo@@@std@@U_Kfn@?$map@HU_tagPlayerInfo@@U?$less@H@std@@V?$allocator@U_tagPlayerInfo@@@3@@2@U?$less@H@2@V?$allocator@U_tagPlayerInfo@@@2@@std@@IAEAAPAU_Node@12@XZ 0040d980 f i DataRecord.obj
 0001:0000c9c0       ?_Min@?$_Tree@HU?$pair@$$CBHU_tagPlayerInfo@@@std@@U_Kfn@?$map@HU_tagPlayerInfo@@U?$less@H@std@@V?$allocator@U_tagPlayerInfo@@@3@@2@U?$less@H@2@V?$allocator@U_tagPlayerInfo@@@2@@std@@KAPAU_Node@12@PAU312@@Z 0040d9c0 f i DataRecord.obj
 0001:0000ca10       ?_Rmost@?$_Tree@HU?$pair@$$CBHU_tagPlayerInfo@@@std@@U_Kfn@?$map@HU_tagPlayerInfo@@U?$less@H@std@@V?$allocator@U_tagPlayerInfo@@@3@@2@U?$less@H@2@V?$allocator@U_tagPlayerInfo@@@2@@std@@IAEAAPAU_Node@12@XZ 0040da10 f i DataRecord.obj
 0001:0000ca50       ?_Root@?$_Tree@HU?$pair@$$CBHU_tagPlayerInfo@@@std@@U_Kfn@?$map@HU_tagPlayerInfo@@U?$less@H@std@@V?$allocator@U_tagPlayerInfo@@@3@@2@U?$less@H@2@V?$allocator@U_tagPlayerInfo@@@2@@std@@IAEAAPAU_Node@12@XZ 0040da50 f i DataRecord.obj
 0001:0000ca90       ??0iterator@?$_Tree@HU?$pair@$$CBHU_tagPlayerInfo@@@std@@U_Kfn@?$map@HU_tagPlayerInfo@@U?$less@H@std@@V?$allocator@U_tagPlayerInfo@@@3@@2@U?$less@H@2@V?$allocator@U_tagPlayerInfo@@@2@@std@@QAE@PAU_Node@12@@Z 0040da90 f i DataRecord.obj
 0001:0000cad0       ??Eiterator@?$_Tree@HU?$pair@$$CBHU_tagPlayerInfo@@@std@@U_Kfn@?$map@HU_tagPlayerInfo@@U?$less@H@std@@V?$allocator@U_tagPlayerInfo@@@3@@2@U?$less@H@2@V?$allocator@U_tagPlayerInfo@@@2@@std@@QAE?AV012@H@Z 0040dad0 f i DataRecord.obj
 0001:0000cb30       ?deallocate@?$allocator@U_tagRoomInfo@@@std@@QAEXPAXI@Z 0040db30 f i DataRecord.obj
 0001:0000cb70       ?_Parent@?$_Tree@HU?$pair@$$CBHU_tagRoomInfo@@@std@@U_Kfn@?$map@HU_tagRoomInfo@@U?$less@H@std@@V?$allocator@U_tagRoomInfo@@@3@@2@U?$less@H@2@V?$allocator@U_tagRoomInfo@@@2@@std@@KAAAPAU_Node@12@PAU312@@Z 0040db70 f i DataRecord.obj
 0001:0000cb80       ?_Right@?$_Tree@HU?$pair@$$CBHU_tagRoomInfo@@@std@@U_Kfn@?$map@HU_tagRoomInfo@@U?$less@H@std@@V?$allocator@U_tagRoomInfo@@@3@@2@U?$less@H@2@V?$allocator@U_tagRoomInfo@@@2@@std@@KAAAPAU_Node@12@PAU312@@Z 0040db80 f i DataRecord.obj
 0001:0000cb90       ?_Value@?$_Tree@HU?$pair@$$CBHU_tagRoomInfo@@@std@@U_Kfn@?$map@HU_tagRoomInfo@@U?$less@H@std@@V?$allocator@U_tagRoomInfo@@@3@@2@U?$less@H@2@V?$allocator@U_tagRoomInfo@@@2@@std@@KAAAU?$pair@$$CBHU_tagRoomInfo@@@2@PAU_Node@12@@Z 0040db90 f i DataRecord.obj
 0001:0000cba0       ?size@?$_Tree@HU?$pair@$$CBHU_tagRoomInfo@@@std@@U_Kfn@?$map@HU_tagRoomInfo@@U?$less@H@std@@V?$allocator@U_tagRoomInfo@@@3@@2@U?$less@H@2@V?$allocator@U_tagRoomInfo@@@2@@std@@QBEIXZ 0040dba0 f i DataRecord.obj
 0001:0000cbc0       ?insert@?$_Tree@HU?$pair@$$CBHU_tagRoomInfo@@@std@@U_Kfn@?$map@HU_tagRoomInfo@@U?$less@H@std@@V?$allocator@U_tagRoomInfo@@@3@@2@U?$less@H@2@V?$allocator@U_tagRoomInfo@@@2@@std@@QAE?AU?$pair@Viterator@?$_Tree@HU?$pair@$$CBHU_tagRoomInfo@@@std@@U_Kfn@?$map@HU_tagRoomInfo@@U?$less@H@std@@V?$allocator@U_tagRoomInfo@@@3@@2@U?$less@H@2@V?$allocator@U_tagRoomInfo@@@2@@std@@_N@2@ABU?$pair@$$CBHU_tagRoomInfo@@@2@@Z 0040dbc0 f i DataRecord.obj
 0001:0000ce60       ?erase@?$_Tree@HU?$pair@$$CBHU_tagRoomInfo@@@std@@U_Kfn@?$map@HU_tagRoomInfo@@U?$less@H@std@@V?$allocator@U_tagRoomInfo@@@3@@2@U?$less@H@2@V?$allocator@U_tagRoomInfo@@@2@@std@@QAE?AViterator@12@V312@@Z 0040de60 f i DataRecord.obj
 0001:0000d910       ?_Erase@?$_Tree@HU?$pair@$$CBHU_tagRoomInfo@@@std@@U_Kfn@?$map@HU_tagRoomInfo@@U?$less@H@std@@V?$allocator@U_tagRoomInfo@@@3@@2@U?$less@H@2@V?$allocator@U_tagRoomInfo@@@2@@std@@IAEXPAU_Node@12@@Z 0040e910 f i DataRecord.obj
 0001:0000d9c0       ?_Init@?$_Tree@HU?$pair@$$CBHU_tagRoomInfo@@@std@@U_Kfn@?$map@HU_tagRoomInfo@@U?$less@H@std@@V?$allocator@U_tagRoomInfo@@@3@@2@U?$less@H@2@V?$allocator@U_tagRoomInfo@@@2@@std@@IAEXXZ 0040e9c0 f i DataRecord.obj
 0001:0000db40       ?_Lmost@?$_Tree@HU?$pair@$$CBHU_tagRoomInfo@@@std@@U_Kfn@?$map@HU_tagRoomInfo@@U?$less@H@std@@V?$allocator@U_tagRoomInfo@@@3@@2@U?$less@H@2@V?$allocator@U_tagRoomInfo@@@2@@std@@IAEAAPAU_Node@12@XZ 0040eb40 f i DataRecord.obj
 0001:0000db80       ?_Min@?$_Tree@HU?$pair@$$CBHU_tagRoomInfo@@@std@@U_Kfn@?$map@HU_tagRoomInfo@@U?$less@H@std@@V?$allocator@U_tagRoomInfo@@@3@@2@U?$less@H@2@V?$allocator@U_tagRoomInfo@@@2@@std@@KAPAU_Node@12@PAU312@@Z 0040eb80 f i DataRecord.obj
 0001:0000dbd0       ?_Rmost@?$_Tree@HU?$pair@$$CBHU_tagRoomInfo@@@std@@U_Kfn@?$map@HU_tagRoomInfo@@U?$less@H@std@@V?$allocator@U_tagRoomInfo@@@3@@2@U?$less@H@2@V?$allocator@U_tagRoomInfo@@@2@@std@@IAEAAPAU_Node@12@XZ 0040ebd0 f i DataRecord.obj
 0001:0000dc10       ?_Root@?$_Tree@HU?$pair@$$CBHU_tagRoomInfo@@@std@@U_Kfn@?$map@HU_tagRoomInfo@@U?$less@H@std@@V?$allocator@U_tagRoomInfo@@@3@@2@U?$less@H@2@V?$allocator@U_tagRoomInfo@@@2@@std@@IAEAAPAU_Node@12@XZ 0040ec10 f i DataRecord.obj
 0001:0000dc50       ??0iterator@?$_Tree@HU?$pair@$$CBHU_tagRoomInfo@@@std@@U_Kfn@?$map@HU_tagRoomInfo@@U?$less@H@std@@V?$allocator@U_tagRoomInfo@@@3@@2@U?$less@H@2@V?$allocator@U_tagRoomInfo@@@2@@std@@QAE@PAU_Node@12@@Z 0040ec50 f i DataRecord.obj
 0001:0000dc90       ??Eiterator@?$_Tree@HU?$pair@$$CBHU_tagRoomInfo@@@std@@U_Kfn@?$map@HU_tagRoomInfo@@U?$less@H@std@@V?$allocator@U_tagRoomInfo@@@3@@2@U?$less@H@2@V?$allocator@U_tagRoomInfo@@@2@@std@@QAE?AV012@H@Z 0040ec90 f i DataRecord.obj
 0001:0000dcf0       ??0?$pair@Viterator@?$_Tree@HU?$pair@$$CBHU_tagPlayerInfo@@@std@@U_Kfn@?$map@HU_tagPlayerInfo@@U?$less@H@std@@V?$allocator@U_tagPlayerInfo@@@3@@2@U?$less@H@2@V?$allocator@U_tagPlayerInfo@@@2@@std@@_N@std@@QAE@ABViterator@?$_Tree@HU?$pair@$$CBHU_tagPlayerInfo@@@std@@U_Kfn@?$map@HU_tagPlayerInfo@@U?$less@H@std@@V?$allocator@U_tagPlayerInfo@@@3@@2@U?$less@H@2@V?$allocator@U_tagPlayerInfo@@@2@@1@AB_N@Z 0040ecf0 f i DataRecord.obj
 0001:0000dd30       ??0?$pair@Viterator@?$_Tree@HU?$pair@$$CBHU_tagRoomInfo@@@std@@U_Kfn@?$map@HU_tagRoomInfo@@U?$less@H@std@@V?$allocator@U_tagRoomInfo@@@3@@2@U?$less@H@2@V?$allocator@U_tagRoomInfo@@@2@@std@@_N@std@@QAE@ABViterator@?$_Tree@HU?$pair@$$CBHU_tagRoomInfo@@@std@@U_Kfn@?$map@HU_tagRoomInfo@@U?$less@H@std@@V?$allocator@U_tagRoomInfo@@@3@@2@U?$less@H@2@V?$allocator@U_tagRoomInfo@@@2@@1@AB_N@Z 0040ed30 f i DataRecord.obj
 0001:0000dd70       ?_Color@?$_Tree@HHU_Kfn@?$set@HU?$less@H@std@@V?$allocator@H@2@@std@@U?$less@H@3@V?$allocator@H@3@@std@@KAAAW4_Redbl@12@PAU_Node@12@@Z 0040ed70 f i DataRecord.obj
 0001:0000dd80       ?_Lbound@?$_Tree@HHU_Kfn@?$set@HU?$less@H@std@@V?$allocator@H@2@@std@@U?$less@H@3@V?$allocator@H@3@@std@@IBEPAU_Node@12@ABH@Z 0040ed80 f i DataRecord.obj
 0001:0000de50       ?_Lrotate@?$_Tree@HHU_Kfn@?$set@HU?$less@H@std@@V?$allocator@H@2@@std@@U?$less@H@3@V?$allocator@H@3@@std@@IAEXPAU_Node@12@@Z 0040ee50 f i DataRecord.obj
 0001:0000dfe0       ?_Rrotate@?$_Tree@HHU_Kfn@?$set@HU?$less@H@std@@V?$allocator@H@2@@std@@U?$less@H@3@V?$allocator@H@3@@std@@IAEXPAU_Node@12@@Z 0040efe0 f i DataRecord.obj
 0001:0000e170       ?_Consval@?$_Tree@HHU_Kfn@?$set@HU?$less@H@std@@V?$allocator@H@2@@std@@U?$less@H@3@V?$allocator@H@3@@std@@IAEXPAHABH@Z 0040f170 f i DataRecord.obj
 0001:0000e1b0       ?_Destval@?$_Tree@HHU_Kfn@?$set@HU?$less@H@std@@V?$allocator@H@2@@std@@U?$less@H@3@V?$allocator@H@3@@std@@IAEXPAH@Z 0040f1b0 f i DataRecord.obj
 0001:0000e1f0       ?_Charalloc@?$allocator@H@std@@QAEPADI@Z 0040f1f0 f i DataRecord.obj
 0001:0000e230       ?_Dec@const_iterator@?$_Tree@HHU_Kfn@?$set@HU?$less@H@std@@V?$allocator@H@2@@std@@U?$less@H@3@V?$allocator@H@3@@std@@QAEXXZ 0040f230 f i DataRecord.obj
 0001:0000e350       ??Eiterator@?$_Tree@HHU_Kfn@?$set@HU?$less@H@std@@V?$allocator@H@2@@std@@U?$less@H@3@V?$allocator@H@3@@std@@QAEAAV012@XZ 0040f350 f i DataRecord.obj
 0001:0000e380       ??R_Kfn@?$map@HU_tagPlayerInfo@@U?$less@H@std@@V?$allocator@U_tagPlayerInfo@@@3@@std@@QBEABHABU?$pair@$$CBHU_tagPlayerInfo@@@2@@Z 0040f380 f i DataRecord.obj
 0001:0000e3a0       ?_Color@?$_Tree@HU?$pair@$$CBHU_tagPlayerInfo@@@std@@U_Kfn@?$map@HU_tagPlayerInfo@@U?$less@H@std@@V?$allocator@U_tagPlayerInfo@@@3@@2@U?$less@H@2@V?$allocator@U_tagPlayerInfo@@@2@@std@@KAAAW4_Redbl@12@PAU_Node@12@@Z 0040f3a0 f i DataRecord.obj
 0001:0000e3b0       ?_Key@?$_Tree@HU?$pair@$$CBHU_tagPlayerInfo@@@std@@U_Kfn@?$map@HU_tagPlayerInfo@@U?$less@H@std@@V?$allocator@U_tagPlayerInfo@@@3@@2@U?$less@H@2@V?$allocator@U_tagPlayerInfo@@@2@@std@@KAABHPAU_Node@12@@Z 0040f3b0 f i DataRecord.obj
 0001:0000e3f0       ?_Left@?$_Tree@HU?$pair@$$CBHU_tagPlayerInfo@@@std@@U_Kfn@?$map@HU_tagPlayerInfo@@U?$less@H@std@@V?$allocator@U_tagPlayerInfo@@@3@@2@U?$less@H@2@V?$allocator@U_tagPlayerInfo@@@2@@std@@KAAAPAU_Node@12@PAU312@@Z 0040f3f0 f i DataRecord.obj
 0001:0000e400       ?_Insert@?$_Tree@HU?$pair@$$CBHU_tagPlayerInfo@@@std@@U_Kfn@?$map@HU_tagPlayerInfo@@U?$less@H@std@@V?$allocator@U_tagPlayerInfo@@@3@@2@U?$less@H@2@V?$allocator@U_tagPlayerInfo@@@2@@std@@IAE?AViterator@12@PAU_Node@12@0ABU?$pair@$$CBHU_tagPlayerInfo@@@2@@Z 0040f400 f i DataRecord.obj
 0001:0000e9d0       ?_Lrotate@?$_Tree@HU?$pair@$$CBHU_tagPlayerInfo@@@std@@U_Kfn@?$map@HU_tagPlayerInfo@@U?$less@H@std@@V?$allocator@U_tagPlayerInfo@@@3@@2@U?$less@H@2@V?$allocator@U_tagPlayerInfo@@@2@@std@@IAEXPAU_Node@12@@Z 0040f9d0 f i DataRecord.obj
 0001:0000eb60       ?_Max@?$_Tree@HU?$pair@$$CBHU_tagPlayerInfo@@@std@@U_Kfn@?$map@HU_tagPlayerInfo@@U?$less@H@std@@V?$allocator@U_tagPlayerInfo@@@3@@2@U?$less@H@2@V?$allocator@U_tagPlayerInfo@@@2@@std@@KAPAU_Node@12@PAU312@@Z 0040fb60 f i DataRecord.obj
 0001:0000ebb0       ?_Rrotate@?$_Tree@HU?$pair@$$CBHU_tagPlayerInfo@@@std@@U_Kfn@?$map@HU_tagPlayerInfo@@U?$less@H@std@@V?$allocator@U_tagPlayerInfo@@@3@@2@U?$less@H@2@V?$allocator@U_tagPlayerInfo@@@2@@std@@IAEXPAU_Node@12@@Z 0040fbb0 f i DataRecord.obj
 0001:0000ed40       ?_Buynode@?$_Tree@HU?$pair@$$CBHU_tagPlayerInfo@@@std@@U_Kfn@?$map@HU_tagPlayerInfo@@U?$less@H@std@@V?$allocator@U_tagPlayerInfo@@@3@@2@U?$less@H@2@V?$allocator@U_tagPlayerInfo@@@2@@std@@IAEPAU_Node@12@PAU312@W4_Redbl@12@@Z 0040fd40 f i DataRecord.obj
 0001:0000edb0       ?_Destval@?$_Tree@HU?$pair@$$CBHU_tagPlayerInfo@@@std@@U_Kfn@?$map@HU_tagPlayerInfo@@U?$less@H@std@@V?$allocator@U_tagPlayerInfo@@@3@@2@U?$less@H@2@V?$allocator@U_tagPlayerInfo@@@2@@std@@IAEXPAU?$pair@$$CBHU_tagPlayerInfo@@@2@@Z 0040fdb0 f i DataRecord.obj
 0001:0000edf0       ??0const_iterator@?$_Tree@HU?$pair@$$CBHU_tagPlayerInfo@@@std@@U_Kfn@?$map@HU_tagPlayerInfo@@U?$less@H@std@@V?$allocator@U_tagPlayerInfo@@@3@@2@U?$less@H@2@V?$allocator@U_tagPlayerInfo@@@2@@std@@QAE@PAU_Node@12@@Z 0040fdf0 f i DataRecord.obj
 0001:0000ee20       ?_Mynode@const_iterator@?$_Tree@HU?$pair@$$CBHU_tagPlayerInfo@@@std@@U_Kfn@?$map@HU_tagPlayerInfo@@U?$less@H@std@@V?$allocator@U_tagPlayerInfo@@@3@@2@U?$less@H@2@V?$allocator@U_tagPlayerInfo@@@2@@std@@QBEPAU_Node@23@XZ 0040fe20 f i DataRecord.obj
 0001:0000ee40       ??Fiterator@?$_Tree@HU?$pair@$$CBHU_tagPlayerInfo@@@std@@U_Kfn@?$map@HU_tagPlayerInfo@@U?$less@H@std@@V?$allocator@U_tagPlayerInfo@@@3@@2@U?$less@H@2@V?$allocator@U_tagPlayerInfo@@@2@@std@@QAEAAV012@XZ 0040fe40 f i DataRecord.obj
 0001:0000ee70       ??R_Kfn@?$map@HU_tagRoomInfo@@U?$less@H@std@@V?$allocator@U_tagRoomInfo@@@3@@std@@QBEABHABU?$pair@$$CBHU_tagRoomInfo@@@2@@Z 0040fe70 f i DataRecord.obj
 0001:0000ee90       ?_Color@?$_Tree@HU?$pair@$$CBHU_tagRoomInfo@@@std@@U_Kfn@?$map@HU_tagRoomInfo@@U?$less@H@std@@V?$allocator@U_tagRoomInfo@@@3@@2@U?$less@H@2@V?$allocator@U_tagRoomInfo@@@2@@std@@KAAAW4_Redbl@12@PAU_Node@12@@Z 0040fe90 f i DataRecord.obj
 0001:0000eea0       ?_Key@?$_Tree@HU?$pair@$$CBHU_tagRoomInfo@@@std@@U_Kfn@?$map@HU_tagRoomInfo@@U?$less@H@std@@V?$allocator@U_tagRoomInfo@@@3@@2@U?$less@H@2@V?$allocator@U_tagRoomInfo@@@2@@std@@KAABHPAU_Node@12@@Z 0040fea0 f i DataRecord.obj
 0001:0000eee0       ?_Left@?$_Tree@HU?$pair@$$CBHU_tagRoomInfo@@@std@@U_Kfn@?$map@HU_tagRoomInfo@@U?$less@H@std@@V?$allocator@U_tagRoomInfo@@@3@@2@U?$less@H@2@V?$allocator@U_tagRoomInfo@@@2@@std@@KAAAPAU_Node@12@PAU312@@Z 0040fee0 f i DataRecord.obj
 0001:0000eef0       ?_Insert@?$_Tree@HU?$pair@$$CBHU_tagRoomInfo@@@std@@U_Kfn@?$map@HU_tagRoomInfo@@U?$less@H@std@@V?$allocator@U_tagRoomInfo@@@3@@2@U?$less@H@2@V?$allocator@U_tagRoomInfo@@@2@@std@@IAE?AViterator@12@PAU_Node@12@0ABU?$pair@$$CBHU_tagRoomInfo@@@2@@Z 0040fef0 f i DataRecord.obj
 0001:0000f4c0       ?_Lrotate@?$_Tree@HU?$pair@$$CBHU_tagRoomInfo@@@std@@U_Kfn@?$map@HU_tagRoomInfo@@U?$less@H@std@@V?$allocator@U_tagRoomInfo@@@3@@2@U?$less@H@2@V?$allocator@U_tagRoomInfo@@@2@@std@@IAEXPAU_Node@12@@Z 004104c0 f i DataRecord.obj
 0001:0000f650       ?_Max@?$_Tree@HU?$pair@$$CBHU_tagRoomInfo@@@std@@U_Kfn@?$map@HU_tagRoomInfo@@U?$less@H@std@@V?$allocator@U_tagRoomInfo@@@3@@2@U?$less@H@2@V?$allocator@U_tagRoomInfo@@@2@@std@@KAPAU_Node@12@PAU312@@Z 00410650 f i DataRecord.obj
 0001:0000f6a0       ?_Rrotate@?$_Tree@HU?$pair@$$CBHU_tagRoomInfo@@@std@@U_Kfn@?$map@HU_tagRoomInfo@@U?$less@H@std@@V?$allocator@U_tagRoomInfo@@@3@@2@U?$less@H@2@V?$allocator@U_tagRoomInfo@@@2@@std@@IAEXPAU_Node@12@@Z 004106a0 f i DataRecord.obj
 0001:0000f830       ?_Buynode@?$_Tree@HU?$pair@$$CBHU_tagRoomInfo@@@std@@U_Kfn@?$map@HU_tagRoomInfo@@U?$less@H@std@@V?$allocator@U_tagRoomInfo@@@3@@2@U?$less@H@2@V?$allocator@U_tagRoomInfo@@@2@@std@@IAEPAU_Node@12@PAU312@W4_Redbl@12@@Z 00410830 f i DataRecord.obj
 0001:0000f8a0       ?_Destval@?$_Tree@HU?$pair@$$CBHU_tagRoomInfo@@@std@@U_Kfn@?$map@HU_tagRoomInfo@@U?$less@H@std@@V?$allocator@U_tagRoomInfo@@@3@@2@U?$less@H@2@V?$allocator@U_tagRoomInfo@@@2@@std@@IAEXPAU?$pair@$$CBHU_tagRoomInfo@@@2@@Z 004108a0 f i DataRecord.obj
 0001:0000f8e0       ??0const_iterator@?$_Tree@HU?$pair@$$CBHU_tagRoomInfo@@@std@@U_Kfn@?$map@HU_tagRoomInfo@@U?$less@H@std@@V?$allocator@U_tagRoomInfo@@@3@@2@U?$less@H@2@V?$allocator@U_tagRoomInfo@@@2@@std@@QAE@PAU_Node@12@@Z 004108e0 f i DataRecord.obj
 0001:0000f910       ?_Mynode@const_iterator@?$_Tree@HU?$pair@$$CBHU_tagRoomInfo@@@std@@U_Kfn@?$map@HU_tagRoomInfo@@U?$less@H@std@@V?$allocator@U_tagRoomInfo@@@3@@2@U?$less@H@2@V?$allocator@U_tagRoomInfo@@@2@@std@@QBEPAU_Node@23@XZ 00410910 f i DataRecord.obj
 0001:0000f930       ??Fiterator@?$_Tree@HU?$pair@$$CBHU_tagRoomInfo@@@std@@U_Kfn@?$map@HU_tagRoomInfo@@U?$less@H@std@@V?$allocator@U_tagRoomInfo@@@3@@2@U?$less@H@2@V?$allocator@U_tagRoomInfo@@@2@@std@@QAEAAV012@XZ 00410930 f i DataRecord.obj
 0001:0000f960       ?_Charalloc@?$allocator@U_tagPlayerInfo@@@std@@QAEPADI@Z 00410960 f i DataRecord.obj
 0001:0000f9a0       ?_Consval@?$_Tree@HU?$pair@$$CBHU_tagPlayerInfo@@@std@@U_Kfn@?$map@HU_tagPlayerInfo@@U?$less@H@std@@V?$allocator@U_tagPlayerInfo@@@3@@2@U?$less@H@2@V?$allocator@U_tagPlayerInfo@@@2@@std@@IAEXPAU?$pair@$$CBHU_tagPlayerInfo@@@2@ABU32@@Z 004109a0 f i DataRecord.obj
 0001:0000f9e0       ?_Dec@const_iterator@?$_Tree@HU?$pair@$$CBHU_tagPlayerInfo@@@std@@U_Kfn@?$map@HU_tagPlayerInfo@@U?$less@H@std@@V?$allocator@U_tagPlayerInfo@@@3@@2@U?$less@H@2@V?$allocator@U_tagPlayerInfo@@@2@@std@@QAEXXZ 004109e0 f i DataRecord.obj
 0001:0000fb00       ?_Charalloc@?$allocator@U_tagRoomInfo@@@std@@QAEPADI@Z 00410b00 f i DataRecord.obj
 0001:0000fb40       ?_Consval@?$_Tree@HU?$pair@$$CBHU_tagRoomInfo@@@std@@U_Kfn@?$map@HU_tagRoomInfo@@U?$less@H@std@@V?$allocator@U_tagRoomInfo@@@3@@2@U?$less@H@2@V?$allocator@U_tagRoomInfo@@@2@@std@@IAEXPAU?$pair@$$CBHU_tagRoomInfo@@@2@ABU32@@Z 00410b40 f i DataRecord.obj
 0001:0000fb80       ?_Dec@const_iterator@?$_Tree@HU?$pair@$$CBHU_tagRoomInfo@@@std@@U_Kfn@?$map@HU_tagRoomInfo@@U?$less@H@std@@V?$allocator@U_tagRoomInfo@@@3@@2@U?$less@H@2@V?$allocator@U_tagRoomInfo@@@2@@std@@QAEXXZ 00410b80 f i DataRecord.obj
 0001:0000fca0       ??0CCritSec@@QAE@XZ        00410ca0 f i DataRecord.obj
 0001:0000fcf0       ??1CCritSec@@QAE@XZ        00410cf0 f i DataRecord.obj
 0001:0000fd30       ??0CAutoLock@@QAE@PAVCCritSec@@@Z 00410d30 f i DataRecord.obj
 0001:0000fd70       ?Lock@CCritSec@@QAEXXZ     00410d70 f i DataRecord.obj
 0001:0000fdb0       ??1CAutoLock@@QAE@XZ       00410db0 f i DataRecord.obj
 0001:0000fde0       ?Unlock@CCritSec@@QAEXXZ   00410de0 f i DataRecord.obj
 0001:0000fe20       ?swap@std@@YAXAAW4_Redbl@?$_Tree@HHU_Kfn@?$set@HU?$less@H@std@@V?$allocator@H@2@@std@@U?$less@H@3@V?$allocator@H@3@@1@0@Z 00410e20 f i DataRecord.obj
 0001:0000fe60       ?swap@std@@YAXAAW4_Redbl@?$_Tree@HU?$pair@$$CBHU_tagPlayerInfo@@@std@@U_Kfn@?$map@HU_tagPlayerInfo@@U?$less@H@std@@V?$allocator@U_tagPlayerInfo@@@3@@2@U?$less@H@2@V?$allocator@U_tagPlayerInfo@@@2@@1@0@Z 00410e60 f i DataRecord.obj
 0001:0000fea0       ?swap@std@@YAXAAW4_Redbl@?$_Tree@HU?$pair@$$CBHU_tagRoomInfo@@@std@@U_Kfn@?$map@HU_tagRoomInfo@@U?$less@H@std@@V?$allocator@U_tagRoomInfo@@@3@@2@U?$less@H@2@V?$allocator@U_tagRoomInfo@@@2@@1@0@Z 00410ea0 f i DataRecord.obj
 0001:0000fee0       ?_Construct@std@@YAXPAHABH@Z 00410ee0 f i DataRecord.obj
 0001:0000ff50       ??2@YAPAXIPAX@Z            00410f50 f i DataRecord.obj
 0001:0000ff60       ?_Destroy@std@@YAXPAH@Z    00410f60 f i DataRecord.obj
 0001:0000ff70       ?_Allocate@std@@YAPADHPAD@Z 00410f70 f i DataRecord.obj
 0001:0000ffa0       ?_Destroy@std@@YAXPAU?$pair@$$CBHU_tagPlayerInfo@@@1@@Z 00410fa0 f i DataRecord.obj
 0001:0000ffb0       ?_Destroy@std@@YAXPAU?$pair@$$CBHU_tagRoomInfo@@@1@@Z 00410fb0 f i DataRecord.obj
 0001:0000ffd0       ?_Construct@std@@YAXPAU?$pair@$$CBHU_tagPlayerInfo@@@1@ABU21@@Z 00410fd0 f i DataRecord.obj
 0001:00010040       ?_Construct@std@@YAXPAU?$pair@$$CBHU_tagRoomInfo@@@1@ABU21@@Z 00411040 f i DataRecord.obj
 0001:000100f0       ??3@YAXPAX0@Z              004110f0 f i DataRecord.obj
 0001:00010100       ??_G?$pair@$$CBHU_tagRoomInfo@@@std@@QAEPAXI@Z 00411100 f i DataRecord.obj
 0001:00010150       ??0?$pair@$$CBHU_tagRoomInfo@@@std@@QAE@ABU01@@Z 00411150 f i DataRecord.obj
 0001:000101a0       ?Svr_RetrieveFields@@YAHPADPAPADH1@Z 004111a0 f i DataRecord.obj
 0001:00010300       ?x_StrInsertReplace@@YAXAAVCString@@HHABV1@@Z 00411300 f   Markup.obj
 0001:00010404       ?x_Hash@@YAHPBDH@Z         00411404 f   Markup.obj
 0001:00010447       ?x_IntToStr@@YA?AVCString@@H@Z 00411447 f   Markup.obj
 0001:000104f9       ?x_StrNCmp@@YAHPBD0HH@Z    004114f9 f   Markup.obj
 0001:00010630       ?x_AddResult@@YAXAAVCString@@UMCD_CSTR@@1HHH@Z 00411630 f   Markup.obj
 0001:00010867       ?x_GetEncodingCodePage@@YAHUMCD_CSTR@@@Z 00411867 f   Markup.obj
 0001:00010a1f       ?CanConvert@TextEncoding@@SA_NUMCD_CSTR@@0@Z 00411a1f f   Markup.obj
 0001:00010abc       ?x_NoDefaultChar@@YA_NH@Z  00411abc f   Markup.obj
 0001:00010b4a       ?PerformConversion@TextEncoding@@QAEHPAXUMCD_CSTR@@@Z 00411b4a f   Markup.obj
 0001:00010f0f       ?FindRaggedEnd@TextEncoding@@QAE_NAAH@Z 00411f0f f   Markup.obj
 0001:000115e9       ?x_EndianSwapRequired@@YA_NH@Z 004125e9 f   Markup.obj
 0001:00011638       ?x_EndianSwapUTF16@@YAXPAGH@Z 00412638 f   Markup.obj
 0001:0001168a       ?CopyElemPosTree@ElemPosTree@@QAEXPAU1@H@Z 0041268a f   Markup.obj
 0001:000117b6       ?GrowElemPosTree@ElemPosTree@@QAEXH@Z 004127b6 f   Markup.obj
 0001:000119ec       ?FindAttrib@TokenPos@@QAE_NPBDHPAVCString@@@Z 004129ec f   Markup.obj
 0001:00011d9e       ?CalcSlot@ElemStack@@SAHPBDH_N@Z 00412d9e f   Markup.obj
 0001:00011e21       ?PushTagAndCount@ElemStack@@QAEXAAUTokenPos@@@Z 00412e21 f   Markup.obj
 0001:000120c3       ?FileErrorAddResult@FilePos@@QAE_NXZ 004130c3 f   Markup.obj
 0001:0001227b       ?FileSpecifyEncoding@FilePos@@QAEXPAVCString@@@Z 0041327b f   Markup.obj
 0001:000122f8       ?FileAtTop@FilePos@@QAE_NXZ 004132f8 f   Markup.obj
 0001:00012344       ?FileOpen@FilePos@@QAE_NUMCD_CSTR@@@Z 00413344 f   Markup.obj
 0001:00012875       ?FileRead@FilePos@@QAE_NPAX@Z 00413875 f   Markup.obj
 0001:00012b09       ?FileCheckRaggedEnd@FilePos@@QAE_NPAX@Z 00413b09 f   Markup.obj
 0001:00012cc6       ?FileReadText@FilePos@@QAE_NAAVCString@@@Z 00413cc6 f   Markup.obj
 0001:0001356a       ?FileWrite@FilePos@@QAE_NPAXPBX@Z 0041456a f   Markup.obj
 0001:00013720       ?FileWriteText@FilePos@@QAE_NABVCString@@H@Z 00414720 f   Markup.obj
 0001:00013ab7       ?FileClose@FilePos@@QAE_NXZ 00414ab7 f   Markup.obj
 0001:00013b1f       ?FileReadNextBuffer@FilePos@@QAE_NXZ 00414b1f f   Markup.obj
 0001:00013d33       ?FileGatherStart@FilePos@@QAEXH@Z 00414d33 f   Markup.obj
 0001:00013d53       ?FileGatherEnd@FilePos@@QAEHAAVCString@@@Z 00414d53 f   Markup.obj
 0001:00013db5       ?FileFlush@FilePos@@QAE_NAAVCString@@H_N@Z 00414db5 f   Markup.obj
 0001:00013f6a       ?ParsePath@PathPos@@AAE_NXZ 00414f6a f   Markup.obj
 0001:00014117       ?AttribPredicateMatch@PathPos@@QAE_NAAUTokenPos@@@Z 00415117 f   Markup.obj
 0001:00014276       ?GetMap@SavedPosMapArray@@QAE_NAAPAUSavedPosMap@@HH@Z 00415276 f   Markup.obj
 0001:00014419       ?CopySavedPosMaps@SavedPosMapArray@@QAEXPAU1@@Z 00415419 f   Markup.obj
 0001:00014635       ?ParseNode@TokenPos@@QAEHAAUNodePos@@@Z 00415635 f   Markup.obj
 0001:00015131       ??1CMarkup@@QAE@XZ         00416131 f   Markup.obj
 0001:000151ff       ??4CMarkup@@QAEXABV0@@Z    004161ff f   Markup.obj
 0001:000152ff       ?SetDoc@CMarkup@@QAE_NPBD@Z 004162ff f   Markup.obj
 0001:000153c4       ?SetDoc@CMarkup@@QAE_NABVCString@@@Z 004163c4 f   Markup.obj
 0001:00015415       ?IsWellFormed@CMarkup@@QAE_NXZ 00416415 f   Markup.obj
 0001:000154d6       ?GetError@CMarkup@@QBE?AVCString@@XZ 004164d6 f   Markup.obj
 0001:0001645d       ?Load@CMarkup@@QAE_NUMCD_CSTR@@@Z 0041745d f   Markup.obj
 0001:000164c4       ?ReadTextFile@CMarkup@@SA_NUMCD_CSTR@@AAVCString@@PAV3@PAH2@Z 004174c4 f   Markup.obj
 0001:00016610       ?Save@CMarkup@@QAE_NUMCD_CSTR@@@Z 00417610 f   Markup.obj
 0001:00016662       ?WriteTextFile@CMarkup@@SA_NUMCD_CSTR@@ABVCString@@PAV3@PAH2@Z 00417662 f   Markup.obj
 0001:00016830       ?FindElem@CMarkup@@QAE_NUMCD_CSTR@@@Z 00417830 f   Markup.obj
 0001:000168e6       ?FindChildElem@CMarkup@@QAE_NUMCD_CSTR@@@Z 004178e6 f   Markup.obj
 0001:000169b5       ?EscapeText@CMarkup@@SA?AVCString@@UMCD_CSTR@@H@Z 004179b5 f   Markup.obj
 0001:00016d18       ?UnescapeText@CMarkup@@SA?AVCString@@UMCD_CSTR@@HH@Z 00417d18 f   Markup.obj
 0001:000171c3       ?DetectUTF8@CMarkup@@SA_NPBDHPAHPA_N@Z 004181c3 f   Markup.obj
 0001:0001727e       ?DecodeCharUTF8@CMarkup@@SAHAAPBDPBD@Z 0041827e f   Markup.obj
 0001:00017377       ?EncodeCharUTF16@CMarkup@@SAXHPAGAAH@Z 00418377 f   Markup.obj
 0001:0001742a       ?DecodeCharUTF16@CMarkup@@SAHAAPBGPBG@Z 0041842a f   Markup.obj
 0001:000174b4       ?EncodeCharUTF8@CMarkup@@SAXHPADAAH@Z 004184b4 f   Markup.obj
 0001:000176aa       ?UTF16To8@CMarkup@@SAHPADPBGH@Z 004186aa f   Markup.obj
 0001:00017770       ?UTF8To16@CMarkup@@SAHPAGPBDH@Z 00418770 f   Markup.obj
 0001:00017824       ?UTF8ToA@CMarkup@@SA?AVCString@@UMCD_CSTR@@PAH@Z 00418824 f   Markup.obj
 0001:0001794e       ?AToUTF8@CMarkup@@SA?AVCString@@UMCD_CSTR@@@Z 0041894e f   Markup.obj
 0001:00017a5d       ?GetDeclaredEncoding@CMarkup@@SA?AVCString@@UMCD_CSTR@@@Z 00418a5d f   Markup.obj
 0001:00017dfa       ?GetEncodingCodePage@CMarkup@@SAHUMCD_CSTR@@@Z 00418dfa f   Markup.obj
 0001:00017e12       ?FindNode@CMarkup@@QAEHH@Z 00418e12 f   Markup.obj
 0001:0001811e       ?RemoveNode@CMarkup@@QAE_NXZ 0041911e f   Markup.obj
 0001:000181a0       ?GetTagName@CMarkup@@QBE?AVCString@@XZ 004191a0 f   Markup.obj
 0001:0001849c       ?IntoElem@CMarkup@@QAE_NXZ 0041949c f   Markup.obj
 0001:000184e8       ?OutOfElem@CMarkup@@QAE_NXZ 004194e8 f   Markup.obj
 0001:0001853f       ?GetNthAttrib@CMarkup@@QBE_NHAAVCString@@0@Z 0041953f f   Markup.obj
 0001:0001867b       ?GetAttribName@CMarkup@@QBE?AVCString@@H@Z 0041967b f   Markup.obj
 0001:00018786       ?SavePos@CMarkup@@QAE_NUMCD_CSTR@@H@Z 00419786 f   Markup.obj
 0001:00018b1d       ?RestorePos@CMarkup@@QAE_NUMCD_CSTR@@H@Z 00419b1d f   Markup.obj
 0001:00018cd7       ?SetMapSize@CMarkup@@QAE_NHH@Z 00419cd7 f   Markup.obj
 0001:00018d26       ?RemoveElem@CMarkup@@QAE_NXZ 00419d26 f   Markup.obj
 0001:00018d9b       ?RemoveChildElem@CMarkup@@QAE_NXZ 00419d9b f   Markup.obj
 0001:00018e0c       ?x_InitMarkup@CMarkup@@IAEXXZ 00419e0c f   Markup.obj
 0001:00018f0c       ?x_GetParent@CMarkup@@IAEHH@Z 00419f0c f   Markup.obj
 0001:00018f3c       ?x_SetPos@CMarkup@@IAEXHHH@Z 00419f3c f   Markup.obj
 0001:00018fa0       ?x_SetDebugState@CMarkup@@IAEXXZ 00419fa0 f   Markup.obj
 0001:000190f3       ?x_GetFreePos@CMarkup@@IAEHXZ 0041a0f3 f   Markup.obj
 0001:00019141       ?x_AllocElemPos@CMarkup@@IAE_NH@Z 0041a141 f   Markup.obj
 0001:00019199       ?x_ParseDoc@CMarkup@@IAE_NXZ 0041a199 f   Markup.obj
 0001:0001930a       ?x_ParseElem@CMarkup@@IAEHHAAUTokenPos@@@Z 0041a30a f   Markup.obj
 0001:00019aa3       ?x_FindElem@CMarkup@@IBEHHHAAUPathPos@@@Z 0041aaa3 f   Markup.obj
 0001:00019be0       ?x_GetPath@CMarkup@@IBE?AVCString@@H@Z 0041abe0 f   Markup.obj
 0001:00019ed6       ?x_GetTagName@CMarkup@@IBE?AVCString@@H@Z 0041aed6 f   Markup.obj
 0001:00019f8c       ?x_GetAttrib@CMarkup@@IBE?AVCString@@HPBD@Z 0041af8c f   Markup.obj
 0001:0001a0c5       ?x_SetAttrib@CMarkup@@IAE_NHPBDHH@Z 0041b0c5 f   Markup.obj
 0001:0001a134       ?x_SetAttrib@CMarkup@@IAE_NHPBD0H@Z 0041b134 f   Markup.obj
 0001:0001a5a9       ?x_CreateNode@CMarkup@@KA_NAAVCString@@HPBD@Z 0041b5a9 f   Markup.obj
 0001:0001a809       ?x_EncodeCDATASection@CMarkup@@KA?AVCString@@PBD@Z 0041b809 f   Markup.obj
 0001:0001a948       ?x_SetData@CMarkup@@IAE_NHH@Z 0041b948 f   Markup.obj
 0001:0001a9b1       ?x_SetData@CMarkup@@IAE_NHPBDH@Z 0041b9b1 f   Markup.obj
 0001:0001acdc       ?x_GetData@CMarkup@@IAE?AVCString@@H@Z 0041bcdc f   Markup.obj
 0001:0001b40d       ?x_GetElemContent@CMarkup@@IBE?AVCString@@H@Z 0041c40d f   Markup.obj
 0001:0001b4ba       ?x_SetElemContent@CMarkup@@IAE_NPBD@Z 0041c4ba f   Markup.obj
 0001:0001b7bb       ?x_DocChange@CMarkup@@IAEXHHABVCString@@@Z 0041c7bb f   Markup.obj
 0001:0001b7f4       ?x_Adjust@CMarkup@@IAEXHH_N@Z 0041c7f4 f   Markup.obj
 0001:0001b9a1       ?x_InsertNew@CMarkup@@IAEHHAAHAAUNodePos@@@Z 0041c9a1 f   Markup.obj
 0001:0001c07a       ?x_AddElem@CMarkup@@IAE_NPBDHH@Z 0041d07a f   Markup.obj
 0001:0001c0e5       ?x_AddElem@CMarkup@@IAE_NPBD0H@Z 0041d0e5 f   Markup.obj
 0001:0001c6be       ?x_GetSubDoc@CMarkup@@IAE?AVCString@@H@Z 0041d6be f   Markup.obj
 0001:0001c79e       ?x_AddSubDoc@CMarkup@@IAE_NPBDH@Z 0041d79e f   Markup.obj
 0001:0001cdd8       ?x_RemoveElem@CMarkup@@IAEHH@Z 0041ddd8 f   Markup.obj
 0001:0001cef6       ?x_LinkElem@CMarkup@@IAEXHHH@Z 0041def6 f   Markup.obj
 0001:0001d149       ?x_UnlinkElem@CMarkup@@IAEHH@Z 0041e149 f   Markup.obj
 0001:0001d29c       ?x_UnlinkPrevElem@CMarkup@@IAEHHHH@Z 0041e29c f   Markup.obj
 0001:0001d36e       ?x_ReleasePos@CMarkup@@IAEHH@Z 0041e36e f   Markup.obj
 0001:0001d3e4       ?x_ReleaseSubDoc@CMarkup@@IAEHH@Z 0041e3e4 f   Markup.obj
 0001:0001d4af       ?x_CheckSavedPos@CMarkup@@IAEXXZ 0041e4af f   Markup.obj
 0001:0001d662       ?x_AdjustForNode@CMarkup@@IAEXHHH@Z 0041e662 f   Markup.obj
 0001:0001d712       ?x_AddNode@CMarkup@@IAE_NHPBDH@Z 0041e712 f   Markup.obj
 0001:0001d98a       ?x_RemoveNode@CMarkup@@IAEXHAAH000@Z 0041e98a f   Markup.obj
 0001:000212b0       ??0MCD_CSTR@@QAE@PBD@Z     004222b0 f i Markup.obj
 0001:000212e0       ??0MCD_CSTR@@QAE@ABVCString@@@Z 004222e0 f i Markup.obj
 0001:00021320       ??0CMarkup@@QAE@UMCD_CSTR@@@Z 00422320 f i Markup.obj
 0001:000213d0       ??BMCD_CSTR@@QBEPBDXZ      004223d0 f i Markup.obj
 0001:000213f0       ?GetDoc@CMarkup@@QBEABVCString@@XZ 004223f0 f i Markup.obj
 0001:00021410       ?AddElem@CMarkup@@QAE_NUMCD_CSTR@@0H@Z 00422410 f i Markup.obj
 0001:00021460       ?SetAttrib@CMarkup@@QAE_NUMCD_CSTR@@0H@Z 00422460 f i Markup.obj
 0001:000214c0       ?SetAttrib@CMarkup@@QAE_NUMCD_CSTR@@HH@Z 004224c0 f i Markup.obj
 0001:00021510       ?ReleaseElemPosTree@ElemPosTree@@QAEXXZ 00422510 f i Markup.obj
 0001:00021550       ?Release@ElemPosTree@@QAEXXZ 00422550 f i Markup.obj
 0001:000215f0       ?Clear@ElemPosTree@@QAEXXZ 004225f0 f i Markup.obj
 0001:00021630       ?SegsUsed@ElemPosTree@@QBEHXZ 00422630 f i Markup.obj
 0001:00021660       ?GetTokenText@TokenPos@@QBE?AVCString@@XZ 00422660 f i Markup.obj
 0001:000216d0       ?Length@TokenPos@@QBEHXZ   004226d0 f i Markup.obj
 0001:00021700       ?GetTokenPtr@TokenPos@@QBEPBDXZ 00422700 f i Markup.obj
 0001:00021730       ?NextChar@TokenPos@@QAEDXZ 00422730 f i Markup.obj
 0001:000217a0       ?FindAny@TokenPos@@QAE_NXZ 004227a0 f i Markup.obj
 0001:00021890       ?Match@TokenPos@@QAE_NUMCD_CSTR@@@Z 00422890 f i Markup.obj
 0001:000219a0       ??_ETagPos@@QAEPAXI@Z      004229a0 f i Markup.obj
 0001:00021a50       ??1TagPos@@QAE@XZ          00422a50 f i Markup.obj
 0001:00021a80       ?Init@TagPos@@QAEXHH@Z     00422a80 f i Markup.obj
 0001:00021af0       ?IncCount@TagPos@@QAEXXZ   00422af0 f i Markup.obj
 0001:00021b30       ?Current@ElemStack@@QAEAAUTagPos@@XZ 00422b30 f i Markup.obj
 0001:00021b60       ?Push@ElemStack@@QAEXPBDH@Z 00422b60 f i Markup.obj
 0001:00021c20       ?SetTagName@TagPos@@QAEXPBDH@Z 00422c20 f i Markup.obj
 0001:00021c80       ?Slot@ElemStack@@QAEXH@Z   00422c80 f i Markup.obj
 0001:00021d30       ?Unslot@ElemStack@@QAEXAAUTagPos@@@Z 00422d30 f i Markup.obj
 0001:00021dd0       ?Alloc@ElemStack@@IAEXH@Z  00422dd0 f i Markup.obj
 0001:00021ef0       ??0TagPos@@QAE@XZ          00422ef0 f i Markup.obj
 0001:00021f70       ?Copy@ElemStack@@IAEXPAUTagPos@@@Z 00422f70 f i Markup.obj
 0001:00022050       ??4TagPos@@QAEAAU0@ABU0@@Z 00423050 f i Markup.obj
 0001:00022100       ??0TextEncoding@@QAE@UMCD_CSTR@@PBXH@Z 00423100 f i Markup.obj
 0001:000221d0       ??1TextEncoding@@QAE@XZ    004231d0 f i Markup.obj
 0001:00022250       ?GetTypeAndInc@PathPos@@QAEHXZ 00423250 f i Markup.obj
 0001:00022300       ?GetNumAndInc@PathPos@@QAEHXZ 00423300 f i Markup.obj
 0001:000223a0       ?GetValAndInc@PathPos@@QAEPBDXZ 004233a0 f i Markup.obj
 0001:000224b0       ?GetChar@PathPos@@QAEDXZ   004234b0 f i Markup.obj
 0001:000224e0       ?SaveOffset@PathPos@@QAEXXZ 004234e0 f i Markup.obj
 0001:00022510       ?RevertOffset@PathPos@@QAEXXZ 00423510 f i Markup.obj
 0001:00022540       ?IncWord@PathPos@@QAEXXZ   00423540 f i Markup.obj
 0001:00022640       ?IncWord@PathPos@@QAEXD@Z  00423640 f i Markup.obj
 0001:000226e0       ?IncChar@PathPos@@QAEXXZ   004236e0 f i Markup.obj
 0001:00022710       ?IsAnywherePath@PathPos@@QAE_NXZ 00423710 f i Markup.obj
 0001:00022740       ?GetValOrWordLen@PathPos@@QAEHXZ 00423740 f i Markup.obj
 0001:00022760       ?GetPtr@PathPos@@QAEPBDXZ  00423760 f i Markup.obj
 0001:00022790       ??_ESavedPos@@QAEPAXI@Z    00423790 f i Markup.obj
 0001:00022840       ??1SavedPos@@QAE@XZ        00423840 f i Markup.obj
 0001:00022870       ??0SavedPosMap@@QAE@H@Z    00423870 f i Markup.obj
 0001:00022900       ??0SavedPos@@QAE@XZ        00423900 f i Markup.obj
 0001:00022950       ?ReleaseMaps@SavedPosMapArray@@QAEXXZ 00423950 f i Markup.obj
 0001:00022a10       ??_GSavedPosMap@@QAEPAXI@Z 00423a10 f i Markup.obj
 0001:00022a60       ??1SavedPosMap@@QAE@XZ     00423a60 f i Markup.obj
 0001:00022b30       ??4SavedPos@@QAEAAU0@ABU0@@Z 00423b30 f i Markup.obj
 0001:00022b90       ??_GSavedPosMapArray@@QAEPAXI@Z 00423b90 f i Markup.obj
 0001:00022be0       ??1SavedPosMapArray@@QAE@XZ 00423be0 f i Markup.obj
 0001:00022c10       ??_GElemPosTree@@QAEPAXI@Z 00423c10 f i Markup.obj
 0001:00022c60       ??1ElemPosTree@@QAE@XZ     00423c60 f i Markup.obj
 0001:00022c90       ?GetSize@ElemPosTree@@QBEHXZ 00423c90 f i Markup.obj
 0001:00022cb0       ?GetRefElemPosAt@ElemPosTree@@QBEAAUElemPos@@H@Z 00423cb0 f i Markup.obj
 0001:00022cf0       ?GetAttrib@CMarkup@@QBE?AVCString@@UMCD_CSTR@@@Z 00423cf0 f i Markup.obj
 0001:00022d60       ??0FilePos@@QAE@XZ         00423d60 f i Markup.obj
 0001:00022eb0       ??0ElemStack@@QAE@XZ       00423eb0 f i Markup.obj
 0001:00022f50       ??1ElemStack@@QAE@XZ       00423f50 f i Markup.obj
 0001:00022fd0       ?InitTable@ElemStack@@QAEXXZ 00423fd0 f i Markup.obj
 0001:00023010       ??1FilePos@@QAE@XZ         00424010 f i Markup.obj
 0001:000230b0       ??0PathPos@@QAE@PBD_N@Z    004240b0 f i Markup.obj
 0001:00023150       ??0NodePos@@QAE@XZ         00424150 f i Markup.obj
 0001:00023190       ??0TokenPos@@QAE@UMCD_CSTR@@HPAUFilePos@@@Z 00424190 f i Markup.obj
 0001:000231f0       ?Clear@TokenPos@@QAEXXZ    004241f0 f i Markup.obj
 0001:00023230       ?FindName@TokenPos@@QAE_NXZ 00424230 f i Markup.obj
 0001:00023330       ??1NodePos@@QAE@XZ         00424330 f i Markup.obj
 0001:00023360       ?IsEmptyElement@ElemPos@@QAE_NXZ 00424360 f i Markup.obj
 0001:000233a0       ?StartTagLen@ElemPos@@QBEHXZ 004243a0 f i Markup.obj
 0001:000233d0       ?StartContent@ElemPos@@QBEHXZ 004243d0 f i Markup.obj
 0001:00023410       ?ContentLen@ElemPos@@QBEHXZ 00424410 f i Markup.obj
 0001:00023460       ?EndTagLen@ElemPos@@QBEHXZ 00424460 f i Markup.obj
 0001:00023490       ?StartAfter@ElemPos@@QBEHXZ 00424490 f i Markup.obj
 0001:000234c0       ??0ElemPosTree@@QAE@XZ     004244c0 f i Markup.obj
 0001:000234f0       ??0SavedPosMapArray@@QAE@XZ 004244f0 f i Markup.obj
 0001:00023520       ?ResetPos@CMarkup@@QAEXXZ  00424520 f i Markup.obj
 0001:00023560       ?ClearVirtualParent@ElemPos@@QAEXXZ 00424560 f i Markup.obj
 0001:000235a0       ?SetStartTagLen@ElemPos@@QAEXH@Z 004245a0 f i Markup.obj
 0001:000235e0       ?SetEndTagLen@ElemPos@@QAEXH@Z 004245e0 f i Markup.obj
 0001:00023620       ?Level@ElemPos@@QBEHXZ     00424620 f i Markup.obj
 0001:00023650       ?SetLevel@ElemPos@@QAEXH@Z 00424650 f i Markup.obj
 0001:00023690       ?GetRefTagPosAt@ElemStack@@QAEAAUTagPos@@H@Z 00424690 f i Markup.obj
 0001:000236c0       ?PushIntoLevel@ElemStack@@QAEXPBDH@Z 004246c0 f i Markup.obj
 0001:00023740       ?PopOutOfLevel@ElemStack@@QAEXXZ 00424740 f i Markup.obj
 0001:00023770       ?IsAbsolutePath@PathPos@@QAE_NXZ 00424770 f i Markup.obj
 0001:000237a0       ?IsPath@PathPos@@QAE_NXZ   004247a0 f i Markup.obj
 0001:000237d0       ?ValidPath@PathPos@@QAE_NXZ 004247d0 f i Markup.obj
 0001:00023800       ?AdjustStartTagLen@ElemPos@@QAEXH@Z 00424800 f i Markup.obj
 0001:00023850       ??0NodePos@@QAE@H@Z        00424850 f i Markup.obj
 0001:000238c0       ?IsUnparsed@ElemPos@@QAE_NXZ 004248c0 f i Markup.obj
 0001:00023900       ?OutOfLevel@ElemStack@@QAEXXZ 00424900 f i Markup.obj
 0001:00023970       ?Pop@ElemStack@@QAEXXZ     00424970 f i Markup.obj
 0001:00023a20       ?WhitespaceToTag@TokenPos@@QAEHH@Z 00424a20 f i Markup.obj
 0001:00023ab0       ?OnRequest@CMySockClit@@MAEHPAX0@Z 00424ab0 f   MySockClit.obj
 0001:00023c30       ?OnResponse@CMySockClit@@MAEHPAU_tagCONTEXT_HEAD@@PAVREQUEST@@1@Z 00424c30 f   MySockClit.obj
 0001:00023c79       ?OnNotifyClient@CMySockClit@@MAEHPAVREQUEST@@@Z 00424c79 f   MySockClit.obj
 0001:00023cf6       ?OnSendPulse@CMySockClit@@MAEHPAVREQUEST@@@Z 00424cf6 f   MySockClit.obj
 0001:00023de0       ??0REQUEST@@QAE@XZ         00424de0 f i MySockClit.obj
 0001:00023e20       ??1REQUEST@@QAE@XZ         00424e20 f i MySockClit.obj
 0001:00023e40       ?OnRequest@CGameServer@@MAEHPAX0@Z 00424e40 f   Server.obj
 0001:0002416d       ?OnNewTable@CGameServer@@MAEPAVCTable@@HHH@Z 0042516d f   Server.obj
 0001:00024258       ?OnSeverAutoPlay@CGameServer@@UAEXPAVCRoom@@PAVCTable@@H@Z 00425258 f   Server.obj
 0001:00024562       ?OnSendSysMsgToServer@CGameServer@@MAEHPAU_tagCONTEXT_HEAD@@PAVREQUEST@@PAVCWorkerContext@@@Z 00425562 f   Server.obj
 0001:00025917       ?OnZuPai@CGameServer@@QAEHPAU_tagCONTEXT_HEAD@@PAVREQUEST@@PAVCWorkerContext@@@Z 00426917 f   Server.obj
 0001:000261c2       ?OnQiangZhuang@CGameServer@@QAEHPAU_tagCONTEXT_HEAD@@PAVREQUEST@@PAVCWorkerContext@@@Z 004271c2 f   Server.obj
 0001:00026a21       ?OnYaZhu@CGameServer@@QAEHPAU_tagCONTEXT_HEAD@@PAVREQUEST@@PAVCWorkerContext@@@Z 00427a21 f   Server.obj
 0001:00027284       ?Initialize@CGameServer@@UAEHXZ 00428284 f   Server.obj
 0001:00027308       ?ReadChunkSvrFromProfile@CGameServer@@QAEHXZ 00428308 f   Server.obj
 0001:0002737f       ?InitSockToChunk@CGameServer@@QAEHXZ 0042837f f   Server.obj
 0001:00027721       ?Shutdown@CGameServer@@UAEXXZ 00428721 f   Server.obj
 0001:00027757       ?ShutDownSockToChunk@CGameServer@@QAEXXZ 00428757 f   Server.obj
 0001:00027979       ?OnAskExit@CGameServer@@MAEHPAU_tagCONTEXT_HEAD@@PAVREQUEST@@PAVCWorkerContext@@@Z 00428979 f   Server.obj
 0001:00027f24       ?NotifyPlayersAskExit@CGameServer@@QAEXPAVCGameTable@@PAU_tagASK_EXIT@@JH@Z 00428f24 f   Server.obj
 0001:00028002       ?OnGameWin@CGameServer@@UAEHPAU_tagCONTEXT_HEAD@@PAVCRoom@@PAVCTable@@HHH@Z 00429002 f   Server.obj
 0001:00028972       ?GetRoomSvrIniFile@CGameServer@@UAEHHAAVCString@@@Z 00429972 f   Server.obj
 0001:00028caa       ?GetTableDepositMin@CGameServer@@UAEHHH@Z 00429caa f   Server.obj
 0001:00028fe1       ?GetMinPlayingDeposit@CGameServer@@UAEHPAVCTable@@H@Z 00429fe1 f   Server.obj
 0001:00029170       ?IsTableDepositRoom@CGameServer@@UAEHH@Z 0042a170 f   Server.obj
 0001:000291bc       ?OnStartGameEx@CGameServer@@UAEHPAU_tagCONTEXT_HEAD@@PAVREQUEST@@PAVCWorkerContext@@@Z 0042a1bc f   Server.obj
 0001:00029d86       ?ReadTableGrade@CGameServer@@QAEHHPAU_tagTABLESILVERGRADEALL@@@Z 0042ad86 f   Server.obj
 0001:0002a0b9       ?NotifyTableGrade@CGameServer@@QAEXHIJ@Z 0042b0b9 f   Server.obj
 0001:0002a289       ?PostAskNewTableByTableGrade@CGameServer@@QAEXHHHH@Z 0042b289 f   Server.obj
 0001:0002a325       ?OnEnterGameDXXW@CGameServer@@UAEHPAU_tagCONTEXT_HEAD@@PAU_tagENTER_GAME_EX@@@Z 0042b325 f   Server.obj
 0001:0002a3aa       ?OnPlayerEnterGame@CGameServer@@UAEHPAU_tagCONTEXT_HEAD@@PAU_tagENTER_GAME_OK_EX@@PAVREQUEST@@@Z 0042b3aa f   Server.obj
 0001:0002ad9e       ?SendWelfareActivityID@CGameServer@@QAEXIJ@Z 0042bd9e f   Server.obj
 0001:0002ae20       ?SendIsTongbiRoom@CGameServer@@QAEXHIJ@Z 0042be20 f   Server.obj
 0001:0002aed3       ?OnChatToTableEx@CGameServer@@UAEHPAU_tagCONTEXT_HEAD@@PAVREQUEST@@PAVCWorkerContext@@@Z 0042bed3 f   Server.obj
 0001:0002b7c2       ?CopyWaitResultMap@CGameServer@@QAEXAAV?$CMap@KKU_tagWAIT_FRESHRESULT@@AAU1@@@@Z 0042c7c2 f   Server.obj
 0001:0002b885       ?RemoveWaitResultByKey@CGameServer@@QAEXK@Z 0042c885 f   Server.obj
 0001:0002b904       ?CheckGameWin@CGameServer@@UAEXXZ 0042c904 f   Server.obj
 0001:0002bb55       ?GetThreadID_ChunkConnect@CGameServer@@QAEIXZ 0042cb55 f   Server.obj
 0001:0002bb70       ?Chunk_BaseVerify@CGameServer@@QAEHHH@Z 0042cb70 f   Server.obj
 0001:0002bba2       ?Chunk_TransmitRequest@CGameServer@@QAEHPAU_tagCONTEXT_HEAD@@PAVREQUEST@@@Z 0042cba2 f   Server.obj
 0001:0002bd5c       ?Chunk_SendPulseData@CGameServer@@QAEXXZ 0042cd5c f   Server.obj
 0001:0002be83       ?Chunk_SendThreadFunc@CGameServer@@KGIPAX@Z 0042ce83 f   Server.obj
 0001:0002beac       ?Chunk_ConnectThreadFunc@CGameServer@@KGIPAX@Z 0042ceac f   Server.obj
 0001:0002bed5       ?Chunk_ServerPulseThreadFunc@CGameServer@@KGIPAX@Z 0042ced5 f   Server.obj
 0001:0002befe       ?Chunk_TimerThreadFunc@CGameServer@@KGIPAX@Z 0042cefe f   Server.obj
 0001:0002bf27       ?Chunk_SendThreadProc@CGameServer@@IAEIXZ 0042cf27 f   Server.obj
 0001:0002c1b3       ?Chunk_ConnectThreadProc@CGameServer@@IAEIXZ 0042d1b3 f   Server.obj
 0001:0002c4a9       ?Chunk_ServerPulseThreadProc@CGameServer@@IAEIXZ 0042d4a9 f   Server.obj
 0001:0002c70f       ?Chunk_TimerThreadProc@CGameServer@@IAEIXZ 0042d70f f   Server.obj
 0001:0002c88e       ?Chunk_ValidateClientEx@CGameServer@@IAEHXZ 0042d88e f   Server.obj
 0001:0002c8a5       ?Chunk_ValidateClientInfo@CGameServer@@IAEHH@Z 0042d8a5 f   Server.obj
 0001:0002caa7       ?Chunk_IsTimingOK@CGameServer@@IAEHKAAH00@Z 0042daa7 f   Server.obj
 0001:0002cbfb       ?Chunk_DoTimingWork@CGameServer@@IAEHXZ 0042dbfb f   Server.obj
 0001:0002cc71       ?Chunk_OnTimerTriggered@CGameServer@@IAEHKAAH00@Z 0042dc71 f   Server.obj
 0001:0002ccb7       ?Chunk_OnHourTriggered@CGameServer@@IAEXAAH@Z 0042dcb7 f   Server.obj
 0001:0002cccb       ?OnChunkSendPulse@CGameServer@@QAEHPAVREQUEST@@@Z 0042dccb f   Server.obj
 0001:0002cd57       ?Chunk_SetIsConnectChunkSvr@CGameServer@@IAEXH@Z 0042dd57 f   Server.obj
 0001:0002cd77       ?Chunk_GetIsConnectChunkSvr@CGameServer@@IAEHXZ 0042dd77 f   Server.obj
 0001:0002cd92       ?OnRoomLimit@CGameServer@@UAEHPAU_tagCONTEXT_HEAD@@PAVREQUEST@@PAVCWorkerContext@@@Z 0042dd92 f   Server.obj
 0001:0002d2a4       ?OnChargeBtn@CGameServer@@UAEHPAU_tagCONTEXT_HEAD@@PAVREQUEST@@PAVCWorkerContext@@@Z 0042e2a4 f   Server.obj
 0001:0002d6f3       ?SendChargeUrl@CGameServer@@QAEXIJ@Z 0042e6f3 f   Server.obj
 0001:0002d876       ?OnNewTableChair@CGameServer@@UAEHHHHH@Z 0042e876 f   Server.obj
 0001:0002da19       ?ResetTableBanker@CGameServer@@QAEXPAVCTable@@H@Z 0042ea19 f   Server.obj
 0001:0002daee       ?OnUserStart@CGameServer@@UAEHPAVCTable@@H@Z 0042eaee f   Server.obj
 0001:00030580       ??_GREQUEST@@QAEPAXI@Z     00431580 f i Server.obj
 0001:000305d0       ?Lookup@?$CMap@HHPAVCTable@@PAV1@@@QBEHHAAPAVCTable@@@Z 004315d0 f i Server.obj
 0001:00030660       ?Lookup@?$CMap@HHPAVCRoom@@PAV1@@@QBEHHAAPAVCRoom@@@Z 00431660 f i Server.obj
 0001:000306f0       ?Lookup@?$CMap@HHU_tagUSER_DATA@@AAU1@@@QBEHHAAU_tagUSER_DATA@@@Z 004316f0 f i Server.obj
 0001:00030790       ??0?$CMap@KKU_tagWAIT_FRESHRESULT@@AAU1@@@QAE@H@Z 00431790 f i Server.obj
 0001:00030880       ?GetCount@?$CMap@KKU_tagWAIT_FRESHRESULT@@AAU1@@@QBEHXZ 00431880 f i Server.obj
 0001:000308a0       ?SetAt@?$CMap@KKU_tagWAIT_FRESHRESULT@@AAU1@@@QAEXKAAU_tagWAIT_FRESHRESULT@@@Z 004318a0 f i Server.obj
 0001:000308f0       ?RemoveKey@?$CMap@KKU_tagWAIT_FRESHRESULT@@AAU1@@@QAEHK@Z 004318f0 f i Server.obj
 0001:000309e0       ?GetStartPosition@?$CMap@KKU_tagWAIT_FRESHRESULT@@AAU1@@@QBEPAU__POSITION@@XZ 004319e0 f i Server.obj
 0001:00030a10       ?GetNextAssoc@?$CMap@KKU_tagWAIT_FRESHRESULT@@AAU1@@@QBEXAAPAU__POSITION@@AAKAAU_tagWAIT_FRESHRESULT@@@Z 00431a10 f i Server.obj
 0001:00030c00       ??1?$CMap@KKU_tagWAIT_FRESHRESULT@@AAU1@@@UAE@XZ 00431c00 f i Server.obj
 0001:00030cb0       ?Serialize@?$CMap@KKU_tagWAIT_FRESHRESULT@@AAU1@@@UAEXAAVCArchive@@@Z 00431cb0 f i Server.obj
 0001:00030e60       ?Dump@?$CMap@KKU_tagWAIT_FRESHRESULT@@AAU1@@@UBEXAAVCDumpContext@@@Z 00431e60 f i Server.obj
 0001:00030f70       ?AssertValid@?$CMap@KKU_tagWAIT_FRESHRESULT@@AAU1@@@UBEXXZ 00431f70 f i Server.obj
 0001:00031010       ??_E?$CMap@KKU_tagWAIT_FRESHRESULT@@AAU1@@@UAEPAXI@Z 00432010 f i Server.obj
 0001:00031010       ??_G?$CMap@KKU_tagWAIT_FRESHRESULT@@AAU1@@@UAEPAXI@Z 00432010 f i Server.obj
 0001:00031060       ?SerializeElements@@YGXAAVCArchive@@PAKH@Z 00432060 f i Server.obj
 0001:00031100       ?DumpElements@@YGXAAVCDumpContext@@PBKH@Z 00432100 f i Server.obj
 0001:00031160       ?GetAssocAt@?$CMap@HHPAVCTable@@PAV1@@@IBEPAUCAssoc@1@HAAI@Z 00432160 f i Server.obj
 0001:00031210       ?GetAssocAt@?$CMap@HHPAVCRoom@@PAV1@@@IBEPAUCAssoc@1@HAAI@Z 00432210 f i Server.obj
 0001:000312c0       ?GetAssocAt@?$CMap@HHU_tagUSER_DATA@@AAU1@@@IBEPAUCAssoc@1@HAAI@Z 004322c0 f i Server.obj
 0001:00031370       ??A?$CMap@KKU_tagWAIT_FRESHRESULT@@AAU1@@@QAEAAU_tagWAIT_FRESHRESULT@@K@Z 00432370 f i Server.obj
 0001:00031460       ?RemoveAll@?$CMap@KKU_tagWAIT_FRESHRESULT@@AAU1@@@QAEXXZ 00432460 f i Server.obj
 0001:00031590       ?FreeAssoc@?$CMap@KKU_tagWAIT_FRESHRESULT@@AAU1@@@IAEXPAUCAssoc@1@@Z 00432590 f i Server.obj
 0001:00031650       ?HashKey@@YGIK@Z           00432650 f i Server.obj
 0001:00031660       ?CompareElements@@YGHPBK0@Z 00432660 f i Server.obj
 0001:00031700       ?SerializeElements@@YGXAAVCArchive@@PAU_tagWAIT_FRESHRESULT@@H@Z 00432700 f i Server.obj
 0001:000317a0       ?DumpElements@@YGXAAVCDumpContext@@PBU_tagWAIT_FRESHRESULT@@H@Z 004327a0 f i Server.obj
 0001:00031800       ?DestructElements@@YGXPAKH@Z 00432800 f i Server.obj
 0001:00031880       ?HashKey@@YGIH@Z           00432880 f i Server.obj
 0001:00031890       ?CompareElements@@YGHPBH0@Z 00432890 f i Server.obj
 0001:00031930       ?InitHashTable@?$CMap@KKU_tagWAIT_FRESHRESULT@@AAU1@@@QAEXIH@Z 00432930 f i Server.obj
 0001:00031a70       ?NewAssoc@?$CMap@KKU_tagWAIT_FRESHRESULT@@AAU1@@@IAEPAUCAssoc@1@XZ 00432a70 f i Server.obj
 0001:00031c00       ?GetAssocAt@?$CMap@KKU_tagWAIT_FRESHRESULT@@AAU1@@@IBEPAUCAssoc@1@KAAI@Z 00432c00 f i Server.obj
 0001:00031cb0       ?DestructElements@@YGXPAU_tagWAIT_FRESHRESULT@@H@Z 00432cb0 f i Server.obj
 0001:00031d30       ?ConstructElements@@YGXPAKH@Z 00432d30 f i Server.obj
 0001:00031df0       ?ConstructElements@@YGXPAU_tagWAIT_FRESHRESULT@@H@Z 00432df0 f i Server.obj
 0001:0003202d       ?WriteMiniDMP@@YAXPAU_EXCEPTION_POINTERS@@@Z 0043302d f   TcSgSvr.obj
 0001:000321ca       ?ExpFilter@@YGJPAU_EXCEPTION_POINTERS@@@Z 004331ca f   TcSgSvr.obj
 0001:000321e9       _main                      004331e9 f   TcSgSvr.obj
 0001:00032480       ??0CGameServer@@QAE@PBD00HHKK@Z 00433480 f i TcSgSvr.obj
 0001:00032680       ?CheckBeforeGameStart@CBaseServer@@UAEHPAVCTable@@@Z 00433680 f i TcSgSvr.obj
 0001:000326a0       ?OnSeverAutoPlay@CMainServer@@MAEXPAVCTable@@H@Z 004336a0 f i TcSgSvr.obj
 0001:000326c0       ??0CSkServer@@QAE@PBD00HHKK@Z 004336c0 f i TcSgSvr.obj
 0001:00032730       ??_ECSkServer@@UAEPAXI@Z   00433730 f i TcSgSvr.obj
 0001:00032730       ??_GCSkServer@@UAEPAXI@Z   00433730 f i TcSgSvr.obj
 0001:00032780       ??1CSkServer@@UAE@XZ       00433780 f i TcSgSvr.obj
 0001:000327b0       ??0CMySockClit@@QAE@PAVCBaseServer@@HKK@Z 004337b0 f i TcSgSvr.obj
 0001:00032810       ??0CSockClient@@QAE@PAVCBaseServer@@HKK@Z 00433810 f i TcSgSvr.obj
 0001:00032880       ??_ECSockClient@@UAEPAXI@Z 00433880 f i TcSgSvr.obj
 0001:00032880       ??_GCSockClient@@UAEPAXI@Z 00433880 f i TcSgSvr.obj
 0001:000328d0       ??1CSockClient@@UAE@XZ     004338d0 f i TcSgSvr.obj
 0001:00032900       ??_ECMySockClit@@UAEPAXI@Z 00433900 f i TcSgSvr.obj
 0001:00032900       ??_GCMySockClit@@UAEPAXI@Z 00433900 f i TcSgSvr.obj
 0001:00032950       ??1CMySockClit@@UAE@XZ     00433950 f i TcSgSvr.obj
 0001:00032980       ??_GCGameServer@@UAEPAXI@Z 00433980 f i TcSgSvr.obj
 0001:00032980       ??_ECGameServer@@UAEPAXI@Z 00433980 f i TcSgSvr.obj
 0001:000329d0       ??1CGameServer@@UAE@XZ     004339d0 f i TcSgSvr.obj
 0001:00032a60       ?TCSG_CalcCardValue@@YAHH@Z 00433a60 f   TcSgTbl.obj
 0001:00032a83       ?TCSG_CalcCardPoint@@YAHH@Z 00433a83 f   TcSgTbl.obj
 0001:00032b2c       ??0CGameTable@@QAE@HHHHKKHHHHHHHHQAHHHHHHHP6AHHK@Z111P6AHHHK@Z2@Z 00433b2c f   TcSgTbl.obj
 0001:00032cee       ??1CGameTable@@UAE@XZ      00433cee f   TcSgTbl.obj
 0001:00032d7f       ?InitialGameTableInfo@@YAXPAU_tagGAME_TABLE_INFO@@@Z 00433d7f f   TcSgTbl.obj
 0001:00032e0f       ?My_GetIndexPRI@@YAHHHK@Z  00433e0f f   TcSgTbl.obj
 0001:00032e40       ?GetGameTableInfo@CGameTable@@QAEPAU_tagGAME_TABLE_INFO@@XZ 00433e40 f   TcSgTbl.obj
 0001:00032e87       ?GetPublicInfo@CGameTable@@QAEPAU_tagGAME_PUBLIC_INFO@@XZ 00433e87 f   TcSgTbl.obj
 0001:00032ed3       ?GetStartInfo@CGameTable@@QAEPAU_tagGAME_START_INFO@@XZ 00433ed3 f   TcSgTbl.obj
 0001:00032f1a       ?GetPlayerInfo@CGameTable@@QAEPAU_tagGAME_PLAYER_INFO@@H@Z 00433f1a f   TcSgTbl.obj
 0001:00032f73       ?ResetMembers@CGameTable@@UAEXH@Z 00433f73 f   TcSgTbl.obj
 0001:0003311a       ?ResetTable@CGameTable@@UAEXXZ 0043411a f   TcSgTbl.obj
 0001:00033193       ?GetGameTableInfoSize@CGameTable@@UAEHXZ 00434193 f   TcSgTbl.obj
 0001:000331aa       ?FillupGameTableInfo@CGameTable@@UAEXPAXHHH@Z 004341aa f   TcSgTbl.obj
 0001:00033655       ?GetEnterGameInfoSize@CGameTable@@UAEHXZ 00434655 f   TcSgTbl.obj
 0001:0003366c       ?FillupEnterGameInfo@CGameTable@@UAEXPAXHHH@Z 0043466c f   TcSgTbl.obj
 0001:000336ed       ?GetGameStartSize@CGameTable@@UAEHXZ 004346ed f   TcSgTbl.obj
 0001:00033704       ?FillupGameStart@CGameTable@@UAEXPAXHHH@Z 00434704 f   TcSgTbl.obj
 0001:000337b5       ?GetGameWinSize@CGameTable@@UAEHXZ 004347b5 f   TcSgTbl.obj
 0001:000337cc       ?FillupGameWin@CGameTable@@UAEHPAXHH@Z 004347cc f   TcSgTbl.obj
 0001:00033a65       ?FillupStartData@CGameTable@@UAEXPAXH@Z 00434a65 f   TcSgTbl.obj
 0001:00033bfe       ?CalcBankerChairBefore@CGameTable@@UAEHXZ 00434bfe f   TcSgTbl.obj
 0001:00033cb7       ?CalcBankerChairAfter@CGameTable@@UAEHPAXH@Z 00434cb7 f   TcSgTbl.obj
 0001:00033cd4       ?CalcWinPoints@CGameTable@@UAEHPAXHHQAH@Z 00434cd4 f   TcSgTbl.obj
 0001:00033e98       ?CalcResultDiffs@CGameTable@@UAEHPAXHQAH1@Z 00434e98 f   TcSgTbl.obj
 0001:000340b4       ?ConstructGameData@CGameTable@@UAEXXZ 004350b4 f   TcSgTbl.obj
 0001:00034113       ?GetRandomBombNum@CGameTable@@QAEHH@Z 00435113 f   TcSgTbl.obj
 0001:00034222       ?MakeDealCards@CGameTable@@QAEHH@Z 00435222 f   TcSgTbl.obj
 0001:000344a3       ?MakeCardsLayIn@CGameTable@@QAEXHHAAHQAH@Z 004354a3 f   TcSgTbl.obj
 0001:00034561       ?DealCardNormal@CGameTable@@QAEXXZ 00435561 f   TcSgTbl.obj
 0001:0003458d       ?DealCardNormal_Begin@CGameTable@@QAEXXZ 0043558d f   TcSgTbl.obj
 0001:00034740       ?DealCardNormal_End@CGameTable@@QAEXXZ 00435740 f   TcSgTbl.obj
 0001:00034947       ?CalcCardType@CGameTable@@UAEHHPAU_tagSANGONG_DETAIL@@@Z 00435947 f   TcSgTbl.obj
 0001:00034a6f       ?IsMakedCard@CGameTable@@QAEHH@Z 00435a6f f   TcSgTbl.obj
 0001:00034b19       ?StartDeal@CGameTable@@UAEXXZ 00435b19 f   TcSgTbl.obj
 0001:00034d3c       ?CheckCards@CGameTable@@UAEHXZ 00435d3c f   TcSgTbl.obj
 0001:00034e2e       ?ReadCardsFromFile@CGameTable@@QAEHXZ 00435e2e f   TcSgTbl.obj
 0001:00035181       ?RetrieveFields@CGameTable@@QAEHPADPAPADH1@Z 00436181 f   TcSgTbl.obj
 0001:00035299       ?GetINIFileName@CGameTable@@QAE?AVCString@@XZ 00436299 f   TcSgTbl.obj
 0001:000353d0       ?CatchOneCard@CGameTable@@UAEHH@Z 004363d0 f   TcSgTbl.obj
 0001:000354ed       ?GiveCard@CGameTable@@UAEHHHH@Z 004364ed f   TcSgTbl.obj
 0001:000355c8       ?ValidateThrow@CGameTable@@UAEHPAU_tagCARDS_THROW@@@Z 004365c8 f   TcSgTbl.obj
 0001:0003582b       ?ThrowCards@CGameTable@@UAEHPAU_tagCARDS_THROW@@@Z 0043682b f   TcSgTbl.obj
 0001:00035a45       ?GetCard@CGameTable@@UAEPAU_tagCARDINFO@@H@Z 00436a45 f   TcSgTbl.obj
 0001:00035ac9       ?SetCardStatus@CGameTable@@UAEHHHH@Z 00436ac9 f   TcSgTbl.obj
 0001:00035b68       ?CalcWinOnThrow@CGameTable@@UAEHPAU_tagCARDS_THROW@@@Z 00436b68 f   TcSgTbl.obj
 0001:00035dae       ?CalcWinOnPass@CGameTable@@UAEHPAU_tagCARDS_PASS@@@Z 00436dae f   TcSgTbl.obj
 0001:00035fb4       ?PutThrowCardsToCost@CGameTable@@UAEXH@Z 00436fb4 f   TcSgTbl.obj
 0001:0003604b       ?PutAllCardsToCost@CGameTable@@UAEXXZ 0043704b f   TcSgTbl.obj
 0001:000360cb       ?GetTributeCard@CGameTable@@UAEHH@Z 004370cb f   TcSgTbl.obj
 0001:00036220       ?GetInHandCard@CGameTable@@UAEHHQAH@Z 00437220 f   TcSgTbl.obj
 0001:000362db       ?SetCurrentRank@CGameTable@@UAEXH@Z 004372db f   TcSgTbl.obj
 0001:0003630a       ?GetCurrentRank@CGameTable@@UAEHXZ 0043730a f   TcSgTbl.obj
 0001:00036334       ?CalcChairThrowTime@CGameTable@@UAEHH@Z 00437334 f   TcSgTbl.obj
 0001:000363cb       ?CalcBombInThrow@CGameTable@@UAEXPAU_tagCARDS_THROW@@@Z 004373cb f   TcSgTbl.obj
 0001:00036450       ?IsCardInHand@CGameTable@@UAEHHQAHH@Z 00437450 f   TcSgTbl.obj
 0001:000364e6       ?OnPass@CGameTable@@UAEXPAU_tagCARDS_PASS@@@Z 004374e6 f   TcSgTbl.obj
 0001:00036522       ?ValidatePass@CGameTable@@UAEHPAU_tagCARDS_PASS@@@Z 00437522 f   TcSgTbl.obj
 0001:000365ee       ?FillupNextBoutInfo@CGameTable@@UAEXPAXHH@Z 004375ee f   TcSgTbl.obj
 0001:00036725       ?GetCardType_Bomb@CGameTable@@UAEHQAHH0HHAAU_tagUNITE_TYPE@@H@Z 00437725 f   TcSgTbl.obj
 0001:0003699c       ?GetUniteDetails@CGameTable@@UAEHHQAHHAAU_tagCARD_UNITE@@K@Z 0043799c f   TcSgTbl.obj
 0001:00036ce0       ?SetStatusOnStart@CGameTable@@UAEKXZ 00437ce0 f   TcSgTbl.obj
 0001:00036d1f       ?SetCurrentChairOnStart@CGameTable@@UAEHXZ 00437d1f f   TcSgTbl.obj
 0001:00036d7f       ?CaclCardType_Three_1@CGameTable@@UAEHQAHHHPAU_tagCARD_UNITE@@@Z 00437d7f f   TcSgTbl.obj
 0001:00036e8f       ?GetCardType_Three_1@CGameTable@@UAEHQAHH0HHAAU_tagUNITE_TYPE@@@Z 00437e8f f   TcSgTbl.obj
 0001:0003707e       ?CaclCardType_ABT_Single@CGameTable@@UAEHQAHHHPAU_tagCARD_UNITE@@@Z 0043807e f   TcSgTbl.obj
 0001:000371cb       ?GetCardType_ABT_Single@CGameTable@@UAEHQAHH0HHAAU_tagUNITE_TYPE@@H@Z 004381cb f   TcSgTbl.obj
 0001:000374ee       ?CaclCardType_ABT_Couple@CGameTable@@UAEHQAHHHPAU_tagCARD_UNITE@@@Z 004384ee f   TcSgTbl.obj
 0001:0003762c       ?GetCardType_ABT_Couple@CGameTable@@UAEHQAHH0HHAAU_tagUNITE_TYPE@@H@Z 0043862c f   TcSgTbl.obj
 0001:0003791f       ?CaclCardType_ABT_Three_Couple@CGameTable@@UAEHQAHHHPAU_tagCARD_UNITE@@@Z 0043891f f   TcSgTbl.obj
 0001:00037a5b       ?GetCardType_ABT_Three_Couple@CGameTable@@UAEHQAHH0HHAAU_tagUNITE_TYPE@@H@Z 00438a5b f   TcSgTbl.obj
 0001:0003805a       ?GetIndexByIndex@CGameTable@@QAEHQAHHH@Z 0043905a f   TcSgTbl.obj
 0001:000380c1       ?GetBit1Count@CGameTable@@QAEHI@Z 004390c1 f   TcSgTbl.obj
 0001:00038107       ?GetLayPri@CGameTable@@QAEHQAHH@Z 00439107 f   TcSgTbl.obj
 0001:00038197       ?GetLayPriEx@CGameTable@@QAEHQAHH@Z 00439197 f   TcSgTbl.obj
 0001:0003822d       ?CaclCardType_ABT_Three_1@CGameTable@@UAEHQAHHHPAU_tagCARD_UNITE@@@Z 0043922d f   TcSgTbl.obj
 0001:0003836f       ?GetCardType_ABT_Three_1@CGameTable@@UAEHQAHH0HHAAU_tagUNITE_TYPE@@H@Z 0043936f f   TcSgTbl.obj
 0001:00038875       ?CalcCardType_Four_2@CGameTable@@UAEHQAHHHPAU_tagCARD_UNITE@@@Z 00439875 f   TcSgTbl.obj
 0001:000389aa       ?GetCardType_Four_2@CGameTable@@UAEHQAHH0HHAAU_tagUNITE_TYPE@@@Z 004399aa f   TcSgTbl.obj
[...]
 0004:00001248       __imp_??0?$basic_string@DU?$char_traits@D@std@@V?$allocator@D@2@@std@@QAE@ABV01@@Z 00687248     msvcprtd:MSVCP60D.dll
 0004:0000124c       __imp_?length@?$basic_string@DU?$char_traits@D@std@@V?$allocator@D@2@@std@@QBEIXZ 0068724c     msvcprtd:MSVCP60D.dll
 0004:00001250       __imp_?empty@?$basic_string@DU?$char_traits@D@std@@V?$allocator@D@2@@std@@QBE_NXZ 00687250     msvcprtd:MSVCP60D.dll
 0004:00001254       __imp_??4?$basic_string@DU?$char_traits@D@std@@V?$allocator@D@2@@std@@QAEAAV01@PBD@Z 00687254     msvcprtd:MSVCP60D.dll
 0004:00001258       __imp_??Y?$basic_string@DU?$char_traits@D@std@@V?$allocator@D@2@@std@@QAEAAV01@ABV01@@Z 00687258     msvcprtd:MSVCP60D.dll
 0004:0000125c       __imp_??Y?$basic_string@DU?$char_traits@D@std@@V?$allocator@D@2@@std@@QAEAAV01@PBD@Z 0068725c     msvcprtd:MSVCP60D.dll
 0004:00001260       __imp_??Hstd@@YA?AV?$basic_string@DU?$char_traits@D@std@@V?$allocator@D@2@@0@ABV10@PBD@Z 00687260     msvcprtd:MSVCP60D.dll
 0004:00001264       __imp_??Hstd@@YA?AV?$basic_string@DU?$char_traits@D@std@@V?$allocator@D@2@@0@PBDABV10@@Z 00687264     msvcprtd:MSVCP60D.dll
 0004:00001268       __imp_??Y?$basic_string@DU?$char_traits@D@std@@V?$allocator@D@2@@std@@QAEAAV01@D@Z 00687268     msvcprtd:MSVCP60D.dll
 0004:0000126c       __imp_?reserve@?$basic_string@DU?$char_traits@D@std@@V?$allocator@D@2@@std@@QAEXI@Z 0068726c     msvcprtd:MSVCP60D.dll
 0004:00001270       __imp_??A?$basic_string@DU?$char_traits@D@std@@V?$allocator@D@2@@std@@QAEAADI@Z 00687270     msvcprtd:MSVCP60D.dll
 0004:00001274       __imp_?resize@?$basic_string@DU?$char_traits@D@std@@V?$allocator@D@2@@std@@QAEXI@Z 00687274     msvcprtd:MSVCP60D.dll
 0004:00001278       __imp_??_D?$basic_ostringstream@DU?$char_traits@D@std@@V?$allocator@D@2@@std@@QAEXXZ 00687278     msvcprtd:MSVCP60D.dll
 0004:0000127c       __imp_?str@?$basic_ostringstream@DU?$char_traits@D@std@@V?$allocator@D@2@@std@@QBE?AV?$basic_string@DU?$char_traits@D@std@@V?$allocator@D@2@@2@XZ 0068727c     msvcprtd:MSVCP60D.dll
 0004:00001280       __imp_??6?$basic_ostream@DU?$char_traits@D@std@@@std@@QAEAAV01@P6AAAVios_base@1@AAV21@@Z@Z 00687280     msvcprtd:MSVCP60D.dll
 0004:00001284       __imp_?setw@std@@YA?AU?$_Smanip@H@1@H@Z 00687284     msvcprtd:MSVCP60D.dll
 0004:00001288       __imp_??0?$basic_ostringstream@DU?$char_traits@D@std@@V?$allocator@D@2@@std@@QAE@H@Z 00687288     msvcprtd:MSVCP60D.dll
 0004:0000128c       __imp_??0?$basic_string@DU?$char_traits@D@std@@V?$allocator@D@2@@std@@QAE@IDABV?$allocator@D@1@@Z 0068728c     msvcprtd:MSVCP60D.dll
 0004:00001290       __imp_?size@?$basic_string@DU?$char_traits@D@std@@V?$allocator@D@2@@std@@QBEIXZ 00687290     msvcprtd:MSVCP60D.dll
 0004:00001294       __imp_??6std@@YAAAV?$basic_ostream@DU?$char_traits@D@std@@@0@AAV10@ABV?$basic_string@DU?$char_traits@D@std@@V?$allocator@D@2@@0@@Z 00687294     msvcprtd:MSVCP60D.dll
 0004:00001298       __imp_??6std@@YAAAV?$basic_ostream@DU?$char_traits@D@std@@@0@AAV10@D@Z 00687298     msvcprtd:MSVCP60D.dll
 0004:0000129c       __imp_?setf@ios_base@std@@QAEHHH@Z 0068729c     msvcprtd:MSVCP60D.dll
 0004:000012a0       __imp_?setf@ios_base@std@@QAEHH@Z 006872a0     msvcprtd:MSVCP60D.dll
 0004:000012a4       __imp_?fill@?$basic_ios@DU?$char_traits@D@std@@@std@@QAEDD@Z 006872a4     msvcprtd:MSVCP60D.dll
 0004:000012a8       __imp_?getline@std@@YAAAV?$basic_istream@DU?$char_traits@D@std@@@1@AAV21@AAV?$basic_string@DU?$char_traits@D@std@@V?$allocator@D@2@@1@D@Z 006872a8     msvcprtd:MSVCP60D.dll
 0004:000012ac       __imp_??0_Lockit@std@@QAE@XZ 006872ac     msvcprtd:MSVCP60D.dll
 0004:000012b0       __imp_??0?$basic_string@DU?$char_traits@D@std@@V?$allocator@D@2@@std@@QAE@ABV?$allocator@D@1@@Z 006872b0     msvcprtd:MSVCP60D.dll
 0004:000012b4       \177MSVCP60D_NULL_THUNK_DATA 006872b4     msvcprtd:MSVCP60D.dll
 0004:00001304       __imp___callnewh           00687304     MSVCRT:MSVCRT.dll
 0004:00001308       \177MSVCRT_NULL_THUNK_DATA 00687308     MSVCRT:MSVCRT.dll
 0004:00001334       __imp__ceil                00687334     msvcrtd:MSVCRTD.dll
 0004:00001338       __imp___ftol               00687338     msvcrtd:MSVCRTD.dll
 0004:0000133c       __imp__strcat              0068733c     msvcrtd:MSVCRTD.dll
 0004:00001340       __imp__time                00687340     msvcrtd:MSVCRTD.dll
 0004:00001344       __imp__srand               00687344     msvcrtd:MSVCRTD.dll
 0004:00001348       __imp__rand                00687348     msvcrtd:MSVCRTD.dll
 0004:0000134c       __imp___getch              0068734c     msvcrtd:MSVCRTD.dll
 0004:00001350       __imp__toupper             00687350     msvcrtd:MSVCRTD.dll
 0004:00001354       __imp___beginthreadex      00687354     msvcrtd:MSVCRTD.dll
 0004:00001358       __imp___assert             00687358     msvcrtd:MSVCRTD.dll
 0004:0000135c       __imp__strchr              0068735c     msvcrtd:MSVCRTD.dll
 0004:00001360       __imp__strstr              00687360     msvcrtd:MSVCRTD.dll
 0004:00001364       __imp__strncpy             00687364     msvcrtd:MSVCRTD.dll
 0004:00001368       __imp__strcpy              00687368     msvcrtd:MSVCRTD.dll
 0004:0000136c       __imp__fflush              0068736c     msvcrtd:MSVCRTD.dll
 0004:00001370       __imp__fprintf             00687370     msvcrtd:MSVCRTD.dll
 0004:00001374       __imp__fopen               00687374     msvcrtd:MSVCRTD.dll
 0004:00001378       __imp__fseek               00687378     msvcrtd:MSVCRTD.dll
 0004:0000137c       __imp__ftell               0068737c     msvcrtd:MSVCRTD.dll
 0004:00001380       __imp__strcmp              00687380     msvcrtd:MSVCRTD.dll
 0004:00001384       __imp__fwrite              00687384     msvcrtd:MSVCRTD.dll
 0004:00001388       __imp___mbclen             00687388     msvcrtd:MSVCRTD.dll
 0004:0000138c       __imp___chkesp             0068738c     msvcrtd:MSVCRTD.dll
 0004:00001390       __imp____CxxFrameHandler   00687390     msvcrtd:MSVCRTD.dll
 0004:00001394       __imp___atoi64             00687394     msvcrtd:MSVCRTD.dll
 0004:00001398       __imp__atoi                00687398     msvcrtd:MSVCRTD.dll
 0004:0000139c       __imp___mbsnbcpy           0068739c     msvcrtd:MSVCRTD.dll
 0004:000013a0       __imp___sopen              006873a0     msvcrtd:MSVCRTD.dll
 0004:000013a4       __imp___lseeki64           006873a4     msvcrtd:MSVCRTD.dll
 0004:000013a8       __imp___close              006873a8     msvcrtd:MSVCRTD.dll
 0004:000013ac       __imp___strcmpi            006873ac     msvcrtd:MSVCRTD.dll
 0004:000013ac       __imp__strcmpi             006873ac     msvcrtd:MSVCRTD.dll
 0004:000013b0       __imp__fclose              006873b0     msvcrtd:MSVCRTD.dll
 0004:000013b4       __imp__strtoul             006873b4     msvcrtd:MSVCRTD.dll
 0004:000013b8       __imp__strncmp             006873b8     msvcrtd:MSVCRTD.dll
 0004:000013bc       __imp___write              006873bc     msvcrtd:MSVCRTD.dll
 0004:000013c0       __imp___read               006873c0     msvcrtd:MSVCRTD.dll
 0004:000013c4       __imp__strncat             006873c4     msvcrtd:MSVCRTD.dll
 0004:000013c8       __imp__malloc              006873c8     msvcrtd:MSVCRTD.dll
 0004:000013cc       __imp__free                006873cc     msvcrtd:MSVCRTD.dll
 0004:000013d0       __imp___setmode            006873d0     msvcrtd:MSVCRTD.dll
 0004:000013d4       __imp___iob                006873d4     msvcrtd:MSVCRTD.dll
 0004:000013d8       __imp__mbtowc              006873d8     msvcrtd:MSVCRTD.dll
 0004:000013dc       __imp____mb_cur_max        006873dc     msvcrtd:MSVCRTD.dll
 0004:000013e0       __imp__wctomb              006873e0     msvcrtd:MSVCRTD.dll
 0004:000013e4       __imp__sscanf              006873e4     msvcrtd:MSVCRTD.dll
 0004:000013e8       __imp___finite             006873e8     msvcrtd:MSVCRTD.dll
 0004:000013ec       __imp___isnan              006873ec     msvcrtd:MSVCRTD.dll
 0004:000013f0       __imp__strtod              006873f0     msvcrtd:MSVCRTD.dll
 0004:000013f4       __imp__memcmp              006873f4     msvcrtd:MSVCRTD.dll
 0004:000013f8       __imp__strlen              006873f8     msvcrtd:MSVCRTD.dll
 0004:000013fc       __imp__strtol              006873fc     msvcrtd:MSVCRTD.dll
 0004:00001400       __imp__memmove             00687400     msvcrtd:MSVCRTD.dll
 0004:00001404       __imp__memcpy              00687404     msvcrtd:MSVCRTD.dll
 0004:00001408       __imp__memset              00687408     msvcrtd:MSVCRTD.dll
 0004:0000140c       __imp__sprintf             0068740c     msvcrtd:MSVCRTD.dll
 0004:00001410       __imp__strrchr             00687410     msvcrtd:MSVCRTD.dll
 0004:00001414       __imp__gmtime              00687414     msvcrtd:MSVCRTD.dll
 0004:00001418       __imp__mktime              00687418     msvcrtd:MSVCRTD.dll
 0004:0000141c       __imp__strftime            0068741c     msvcrtd:MSVCRTD.dll
 0004:00001420       __imp___CxxThrowException@8 00687420     msvcrtd:MSVCRTD.dll
 0004:00001424       __imp__vsprintf            00687424     msvcrtd:MSVCRTD.dll
 0004:00001428       __imp___strlwr             00687428     msvcrtd:MSVCRTD.dll
 0004:0000142c       __imp___splitpath          0068742c     msvcrtd:MSVCRTD.dll
 0004:00001430       __imp__localtime           00687430     msvcrtd:MSVCRTD.dll
 0004:00001434       __imp___mbsrchr            00687434     msvcrtd:MSVCRTD.dll
 0004:00001438       __imp___vsnprintf          00687438     msvcrtd:MSVCRTD.dll
 0004:0000143c       __imp__wcslen              0068743c     msvcrtd:MSVCRTD.dll
 0004:00001440       __imp___mbstok             00687440     msvcrtd:MSVCRTD.dll
 0004:00001444       __imp___purecall           00687444     msvcrtd:MSVCRTD.dll
 0004:00001448       __imp___itoa               00687448     msvcrtd:MSVCRTD.dll
 0004:0000144c       __imp__calloc              0068744c     msvcrtd:MSVCRTD.dll
 0004:00001450       __imp____p__commode        00687450     msvcrtd:MSVCRTD.dll
 0004:00001454       __imp__printf              00687454     msvcrtd:MSVCRTD.dll
 0004:00001458       __imp_??0exception@@QAE@ABV0@@Z 00687458     msvcrtd:MSVCRTD.dll
 0004:0000145c       __imp__strpbrk             0068745c     msvcrtd:MSVCRTD.dll
 0004:00001460       __imp____dllonexit         00687460     msvcrtd:MSVCRTD.dll
 0004:00001464       __imp___onexit             00687464     msvcrtd:MSVCRTD.dll
 0004:00001468       __imp___except_handler3    00687468     msvcrtd:MSVCRTD.dll
 0004:0000146c       __imp_?terminate@@YAXXZ    0068746c     msvcrtd:MSVCRTD.dll
 0004:00001470       __imp_??1type_info@@UAE@XZ 00687470     msvcrtd:MSVCRTD.dll
 0004:00001474       __imp___exit               00687474     msvcrtd:MSVCRTD.dll
 0004:00001478       __imp___XcptFilter         00687478     msvcrtd:MSVCRTD.dll
 0004:0000147c       __imp__exit                0068747c     msvcrtd:MSVCRTD.dll
 0004:00001480       __imp____p___initenv       00687480     msvcrtd:MSVCRTD.dll
 0004:00001484       __imp____getmainargs       00687484     msvcrtd:MSVCRTD.dll
 0004:00001488       __imp___initterm           00687488     msvcrtd:MSVCRTD.dll
 0004:0000148c       __imp____setusermatherr    0068748c     msvcrtd:MSVCRTD.dll
 0004:00001490       __imp___adjust_fdiv        00687490     msvcrtd:MSVCRTD.dll
 0004:00001494       __imp___controlfp          00687494     msvcrtd:MSVCRTD.dll
 0004:00001498       __imp____set_app_type      00687498     msvcrtd:MSVCRTD.dll
 0004:0000149c       __imp____p__fmode          0068749c     msvcrtd:MSVCRTD.dll
 0004:000014a0       __imp__fread               006874a0     msvcrtd:MSVCRTD.dll
 0004:000014a4       \177MSVCRTD_NULL_THUNK_DATA 006874a4     msvcrtd:MSVCRTD.dll
 0004:00001518       __imp__VariantChangeType@16 00687518     oleaut32:OLEAUT32.dll
 0004:0000151c       __imp__SysStringByteLen@4  0068751c     oleaut32:OLEAUT32.dll
 0004:00001520       __imp__SysAllocStringByteLen@8 00687520     oleaut32:OLEAUT32.dll
 0004:00001524       __imp__VariantCopy@8       00687524     oleaut32:OLEAUT32.dll
 0004:00001528       __imp__VariantInit@4       00687528     oleaut32:OLEAUT32.dll
 0004:0000152c       __imp__VariantClear@4      0068752c     oleaut32:OLEAUT32.dll
 0004:00001530       __imp__SysFreeString@4     00687530     oleaut32:OLEAUT32.dll
 0004:00001534       __imp__SysAllocString@4    00687534     oleaut32:OLEAUT32.dll
 0004:00001538       __imp__SetErrorInfo@8      00687538     oleaut32:OLEAUT32.dll
 0004:0000153c       __imp__GetErrorInfo@8      0068753c     oleaut32:OLEAUT32.dll
 0004:00001540       __imp__CreateErrorInfo@4   00687540     oleaut32:OLEAUT32.dll
 0004:00001544       \177OLEAUT32_NULL_THUNK_DATA 00687544     oleaut32:OLEAUT32.dll
 0004:00001578       __imp__GetModuleFileNameExA@16 00687578     psapi:PSAPI.DLL
 0004:0000157c       __imp__EnumProcessModules@16 0068757c     psapi:PSAPI.DLL
 0004:00001580       __imp__EnumProcesses@12    00687580     psapi:PSAPI.DLL
 0004:00001584       __imp__GetProcessMemoryInfo@12 00687584     psapi:PSAPI.DLL
 0004:00001588       \177PSAPI_NULL_THUNK_DATA  00687588     psapi:PSAPI.DLL
 0004:000015b4       __imp__UuidCreate@4        006875b4     Rpcrt4:RPCRT4.dll
 0004:000015b8       \177RPCRT4_NULL_THUNK_DATA 006875b8     Rpcrt4:RPCRT4.dll
 0004:000015e4       __imp__OpenWindowStationA@12 006875e4     user32:USER32.dll
 0004:000015e8       __imp__SetProcessWindowStation@4 006875e8     user32:USER32.dll
 0004:000015ec       __imp__OpenDesktopA@16     006875ec     user32:USER32.dll
 0004:000015f0       __imp__SetThreadDesktop@4  006875f0     user32:USER32.dll
 0004:000015f4       __imp__CloseWindowStation@4 006875f4     user32:USER32.dll
 0004:000015f8       __imp__CloseDesktop@4      006875f8     user32:USER32.dll
 0004:000015fc       __imp__LoadStringA@16      006875fc     user32:USER32.dll
 0004:00001600       __imp__wsprintfA           00687600     user32:USER32.dll
 0004:00001604       __imp__GetSystemMetrics@4  00687604     user32:USER32.dll
 0004:00001608       __imp__DefWindowProcA@16   00687608     user32:USER32.dll
 0004:0000160c       __imp__GetParent@4         0068760c     user32:USER32.dll
 0004:00001610       __imp__GetThreadDesktop@4  00687610     user32:USER32.dll
 0004:00001614       __imp__MessageBoxA@16      00687614     user32:USER32.dll
 0004:00001618       __imp__DestroyWindow@4     00687618     user32:USER32.dll
 0004:0000161c       __imp__FindWindowA@8       0068761c     user32:USER32.dll
 0004:00001620       __imp__CreateWindowExA@48  00687620     user32:USER32.dll
 0004:00001624       __imp__UnregisterClassA@8  00687624     user32:USER32.dll
 0004:00001628       __imp__LoadCursorA@8       00687628     user32:USER32.dll
 0004:0000162c       __imp__RegisterClassA@4    0068762c     user32:USER32.dll
 0004:00001630       __imp__GetMessageA@16      00687630     user32:USER32.dll
 0004:00001634       __imp__DispatchMessageA@4  00687634     user32:USER32.dll
 0004:00001638       __imp__IsWindow@4          00687638     user32:USER32.dll
 0004:0000163c       __imp__PostMessageA@16     0068763c     user32:USER32.dll
 0004:00001640       __imp__GetProcessWindowStation@0 00687640     user32:USER32.dll
 0004:00001644       __imp__PostThreadMessageA@16 00687644     user32:USER32.dll
 0004:00001648       __imp__SendMessageA@16     00687648     user32:USER32.dll
 0004:0000164c       \177USER32_NULL_THUNK_DATA 0068764c     user32:USER32.dll
 0004:0000168c       __imp__WSAEnumNetworkEvents@12 0068768c     Ws2_32:WS2_32.dll
 0004:00001690       __imp__WSAGetOverlappedResult@20 00687690     Ws2_32:WS2_32.dll
 0004:00001694       __imp__WSAWaitForMultipleEvents@20 00687694     Ws2_32:WS2_32.dll
 0004:00001698       __imp__WSASend@28          00687698     Ws2_32:WS2_32.dll
 0004:0000169c       __imp__WSARecv@28          0068769c     Ws2_32:WS2_32.dll
 0004:000016a0       __imp__WSAIoctl@36         006876a0     Ws2_32:WS2_32.dll
 0004:000016a4       __imp__WSAEventSelect@12   006876a4     Ws2_32:WS2_32.dll
 0004:000016a8       \177WS2_32_NULL_THUNK_DATA 006876a8     Ws2_32:WS2_32.dll
 0004:000016d8       __imp__WSASetLastError@4   006876d8     wsock32:WSOCK32.dll
 0004:000016dc       __imp__inet_ntoa@4         006876dc     wsock32:WSOCK32.dll
 0004:000016e0       __imp__getpeername@12      006876e0     wsock32:WSOCK32.dll
 0004:000016e4       __imp__connect@12          006876e4     wsock32:WSOCK32.dll
 0004:000016e8       __imp__shutdown@8          006876e8     wsock32:WSOCK32.dll
 0004:000016ec       __imp__gethostbyaddr@12    006876ec     wsock32:WSOCK32.dll
 0004:000016f0       __imp__getservbyport@8     006876f0     wsock32:WSOCK32.dll
 0004:000016f4       __imp__accept@12           006876f4     wsock32:WSOCK32.dll
 0004:000016f8       __imp__WSACleanup@0        006876f8     wsock32:WSOCK32.dll
 0004:000016fc       __imp__getsockopt@20       006876fc     wsock32:WSOCK32.dll
 0004:00001700       __imp__send@16             00687700     wsock32:WSOCK32.dll
 0004:00001704       __imp__sendto@24           00687704     wsock32:WSOCK32.dll
 0004:00001708       __imp__gethostbyname@4     00687708     wsock32:WSOCK32.dll
 0004:0000170c       __imp__recvfrom@24         0068770c     wsock32:WSOCK32.dll
 0004:00001710       __imp__getservbyname@8     00687710     wsock32:WSOCK32.dll
 0004:00001714       __imp__closesocket@4       00687714     wsock32:WSOCK32.dll
 0004:00001718       __imp__ioctlsocket@12      00687718     wsock32:WSOCK32.dll
 0004:0000171c       __imp__ntohl@4             0068771c     wsock32:WSOCK32.dll
 0004:00001720       __imp__ntohs@4             00687720     wsock32:WSOCK32.dll
 0004:00001724       __imp__select@20           00687724     wsock32:WSOCK32.dll
 0004:00001728       __imp____WSAFDIsSet@8      00687728     wsock32:WSOCK32.dll
 0004:0000172c       __imp__recv@16             0068772c     wsock32:WSOCK32.dll
 0004:00001730       __imp__WSAStartup@8        00687730     wsock32:WSOCK32.dll
 0004:00001734       __imp__socket@12           00687734     wsock32:WSOCK32.dll
 0004:00001738       __imp__WSAGetLastError@0   00687738     wsock32:WSOCK32.dll
 0004:0000173c       __imp__setsockopt@20       0068773c     wsock32:WSOCK32.dll
 0004:00001740       __imp__htonl@4             00687740     wsock32:WSOCK32.dll
 0004:00001744       __imp__htons@4             00687744     wsock32:WSOCK32.dll
 0004:00001748       __imp__bind@12             00687748     wsock32:WSOCK32.dll
 0004:0000174c       __imp__listen@8            0068774c     wsock32:WSOCK32.dll
 0004:00001750       __imp__inet_addr@4         00687750     wsock32:WSOCK32.dll
 0004:00001754       __imp__getsockname@12      00687754     wsock32:WSOCK32.dll
 0004:00001758       \177WSOCK32_NULL_THUNK_DATA 00687758     wsock32:WSOCK32.dll
 0004:0000179c       __imp__MiniDumpWriteDump@28 0068779c     dbghelp:dbghelp.dll
 0004:000017a0       \177dbghelp_NULL_THUNK_DATA 006877a0     dbghelp:dbghelp.dll
 0004:000017cc       __imp__GetAdaptersInfo@8   006877cc     Iphlpapi:iphlpapi.dll
 0004:000017d0       \177iphlpapi_NULL_THUNK_DATA 006877d0     Iphlpapi:iphlpapi.dll
 0004:000017fc       __imp__OleRun@4            006877fc     ole32:ole32.dll
 0004:00001800       __imp__CoUninitialize@0    00687800     ole32:ole32.dll
 0004:00001804       __imp__CoCreateInstance@20 00687804     ole32:ole32.dll
 0004:00001808       __imp__CoInitialize@4      00687808     ole32:ole32.dll
 0004:0000180c       \177ole32_NULL_THUNK_DATA  0068780c     ole32:ole32.dll
 0004:00001838       __imp__deflateInit_        00687838     zdll:zlib1.dll
 0004:0000183c       __imp__inflateEnd          0068783c     zdll:zlib1.dll
 0004:00001840       __imp__inflate             00687840     zdll:zlib1.dll
 0004:00001844       __imp__inflateInit_        00687844     zdll:zlib1.dll
 0004:00001848       __imp__deflateEnd          00687848     zdll:zlib1.dll
 0004:0000184c       __imp__deflate             0068784c     zdll:zlib1.dll
 0004:00001850       \177zlib1_NULL_THUNK_DATA  00687850     zdll:zlib1.dll

 entry point at        0001:0015c120

