 TcSgSvr

 Timestamp is 56d833c9 (Thu Mar 03 20:53:29 2016)

 Preferred load address is 00400000

 Start         Length     Name                   Class
 0001:00000000 000e5d64H .text                   CODE
 0001:000e5d70 00000011H .text$AFX_COL1          CODE
 0001:000e5d90 00006532H .text$x                 CODE
 0002:00000000 000006f8H .idata$5                DATA
 0002:000006f8 00008910H .rdata                  DATA
 0002:00009008 0000008cH .rdata$r                DATA
 0002:00009098 00007c48H .xdata$x                DATA
 0002:00010ce0 0000012cH .idata$2                DATA
 0002:00010e0c 00000014H .idata$3                DATA
 0002:00010e20 000006f8H .idata$4                DATA
 0002:00011518 00001f58H .idata$6                DATA
 0002:00013470 00000000H .edata                  DATA
 0003:00000000 00000004H .CRT$XCA                DATA
 0003:00000004 00000130H .CRT$XCU                DATA
 0003:00000134 00000004H .CRT$XCZ                DATA
 0003:00000138 00000004H .CRT$XIA                DATA
 0003:0000013c 00000004H .CRT$XIZ                DATA
 0003:00000140 0000bf21H .data                   DATA
 0003:0000c068 00006c38H .bss                    DATA
 0004:00000000 00000058H .rsrc$01                DATA
 0004:00000060 000005c8H .rsrc$02                DATA

  Address         Publics by Value              Rva+Base     Lib:Object

 0001:000001f7       ?Instance@DataRecord@@SAPAV1@XZ 004011f7 f   DataRecord.obj
 0001:00000272       ?Purge@DataRecord@@SAXXZ   00401272 f   DataRecord.obj
 0001:000002bb       ??0DataRecord@@QAE@XZ      004012bb f   DataRecord.obj
 0001:00000354       ??1DataRecord@@UAE@XZ      00401354 f   DataRecord.obj
 0001:000003e6       ?init@DataRecord@@UAEXQADPAVCGameServer@@@Z 004013e6 f   DataRecord.obj
 0001:00000416       ?ResetInfos@DataRecord@@UAEXXZ 00401416 f   DataRecord.obj
 0001:00000487       ?UpdateInfos@DataRecord@@UAEXPAVCTable@@PAU_tagREFRESH_RESULT_EX@@PAU_tagGAME_RESULT_EX@@@Z 00401487 f   DataRecord.obj
 0001:00000694       ?UpdateRoomBout@DataRecord@@UAEXHH@Z 00401694 f   DataRecord.obj
 0001:00000728       ?SaveInfos@DataRecord@@UAEXH@Z 00401728 f   DataRecord.obj
 0001:00001537       ?ReadInfos@DataRecord@@UAEXXZ 00402537 f   DataRecord.obj
 0001:00001b7a       ?GetRecordFile@DataRecord@@IAE?AVCString@@XZ 00402b7a f   DataRecord.obj
 0001:00001c79       ?FormatStr@DataRecord@@IAEXAAVCString@@H@Z 00402c79 f   DataRecord.obj
 0001:00001ca2       ?FormatOneRowStr@DataRecord@@IAE?AVCString@@QAV2@HH@Z 00402ca2 f   DataRecord.obj
 0001:00001d86       ?SplitStr@DataRecord@@IAEHQAVCString@@HABV2@D_N@Z 00402d86 f   DataRecord.obj
 0001:00001eca       ?GetRoomKeyByNo@DataRecord@@IAEHHH@Z 00402eca f   DataRecord.obj
 0001:00001ef4       ?GetRoomKeyByIndex@DataRecord@@IAEHHH@Z 00402ef4 f   DataRecord.obj
 0001:00001f0d       ?ParseRoomKey@DataRecord@@IAEXHAAH0@Z 00402f0d f   DataRecord.obj
 0001:00001f3a       ?GetTableIndex@DataRecord@@IAEHHH@Z 00402f3a f   DataRecord.obj
 0001:00002207       ?IsTableDepositRoom@DataRecord@@MAEHH@Z 00403207 f   DataRecord.obj
 0001:0000222c       ?GetRoomSvrIniFile@DataRecord@@IAEHHAAVCString@@@Z 0040322c f   DataRecord.obj
 0001:00002260       ??_EDataRecord@@UAEPAXI@Z  00403260 f i DataRecord.obj
 0001:00002260       ??_GDataRecord@@UAEPAXI@Z  00403260 f i DataRecord.obj
 0001:00002290       ??1?$map@HU_tagPlayerInfo@@U?$less@H@std@@V?$allocator@U_tagPlayerInfo@@@3@@std@@QAE@XZ 00403290 f i DataRecord.obj
 0001:000022b0       ??1?$map@HU_tagRoomInfo@@U?$less@H@std@@V?$allocator@U_tagRoomInfo@@@3@@std@@QAE@XZ 004032b0 f i DataRecord.obj
 0001:000022d0       ??Y_tagRoomInfo@@QAEABU0@ABU0@@Z 004032d0 f i DataRecord.obj
 0001:00002370       ??1?$set@HU?$less@H@std@@V?$allocator@H@2@@std@@QAE@XZ 00403370 f i DataRecord.obj
 0001:00002390       ?GetLength@CString@@QBEHXZ 00403390 f i DataRecord.obj
 0001:000023b0       ?GetData@CString@@IBEPAUCStringData@@XZ 004033b0 f i DataRecord.obj
 0001:000023d0       ??BCString@@QBEPBDXZ       004033d0 f i DataRecord.obj
 0001:000023e0       ?GetAt@CString@@QBEDH@Z    004033e0 f i DataRecord.obj
 0001:00002400       ??8@YG_NABVCString@@0@Z    00403400 f i DataRecord.obj
 0001:00002420       ?Compare@CString@@QBEHPBD@Z 00403420 f i DataRecord.obj
 0001:00002440       __tcscmp                   00403440 f i DataRecord.obj
 0001:00002460       ??9@YG_NABVCString@@0@Z    00403460 f i DataRecord.obj
 0001:00002480       ??0CTime@@QAE@ABV0@@Z      00403480 f i DataRecord.obj
 0001:000024a0       ?GetYear@CTime@@QBEHXZ     004034a0 f i DataRecord.obj
 0001:000024c0       ?GetMonth@CTime@@QBEHXZ    004034c0 f i DataRecord.obj
 0001:000024e0       ?GetDay@CTime@@QBEHXZ      004034e0 f i DataRecord.obj
 0001:00002500       ??0?$set@HU?$less@H@std@@V?$allocator@H@2@@std@@QAE@ABU?$less@H@1@ABV?$allocator@H@1@@Z 00403500 f i DataRecord.obj
 0001:00002530       ?begin@?$set@HU?$less@H@std@@V?$allocator@H@2@@std@@QBE?AVconst_iterator@?$_Tree@HHU_Kfn@?$set@HU?$less@H@std@@V?$allocator@H@2@@std@@U?$less@H@3@V?$allocator@H@3@@2@XZ 00403530 f i DataRecord.obj
 0001:00002560       ?end@?$set@HU?$less@H@std@@V?$allocator@H@2@@std@@QAE?AViterator@?$_Tree@HHU_Kfn@?$set@HU?$less@H@std@@V?$allocator@H@2@@std@@U?$less@H@3@V?$allocator@H@3@@2@XZ 00403560 f i DataRecord.obj
 0001:00002590       ?end@?$set@HU?$less@H@std@@V?$allocator@H@2@@std@@QBE?AVconst_iterator@?$_Tree@HHU_Kfn@?$set@HU?$less@H@std@@V?$allocator@H@2@@std@@U?$less@H@3@V?$allocator@H@3@@2@XZ 00403590 f i DataRecord.obj
 0001:000025c0       ?size@?$set@HU?$less@H@std@@V?$allocator@H@2@@std@@QBEIXZ 004035c0 f i DataRecord.obj
 0001:000025e0       ?insert@?$set@HU?$less@H@std@@V?$allocator@H@2@@std@@QAE?AU?$pair@Viterator@?$_Tree@HHU_Kfn@?$set@HU?$less@H@std@@V?$allocator@H@2@@std@@U?$less@H@3@V?$allocator@H@3@@std@@_N@2@ABH@Z 004035e0 f i DataRecord.obj
 0001:00002630       ?find@?$set@HU?$less@H@std@@V?$allocator@H@2@@std@@QAE?AViterator@?$_Tree@HHU_Kfn@?$set@HU?$less@H@std@@V?$allocator@H@2@@std@@U?$less@H@3@V?$allocator@H@3@@2@ABH@Z 00403630 f i DataRecord.obj
 0001:00002660       ??1?$_Tree@HHU_Kfn@?$set@HU?$less@H@std@@V?$allocator@H@2@@std@@U?$less@H@3@V?$allocator@H@3@@std@@QAE@XZ 00403660 f i DataRecord.obj
 0001:00002710       ??Dconst_iterator@?$_Tree@HHU_Kfn@?$set@HU?$less@H@std@@V?$allocator@H@2@@std@@U?$less@H@3@V?$allocator@H@3@@std@@QBEABHXZ 00403710 f i DataRecord.obj
 0001:00002730       ??Econst_iterator@?$_Tree@HHU_Kfn@?$set@HU?$less@H@std@@V?$allocator@H@2@@std@@U?$less@H@3@V?$allocator@H@3@@std@@QAEAAV012@XZ 00403730 f i DataRecord.obj
 0001:00002750       ??9const_iterator@?$_Tree@HHU_Kfn@?$set@HU?$less@H@std@@V?$allocator@H@2@@std@@U?$less@H@3@V?$allocator@H@3@@std@@QBE_NABV012@@Z 00403750 f i DataRecord.obj
 0001:00002780       ??8iterator@?$_Tree@HHU_Kfn@?$set@HU?$less@H@std@@V?$allocator@H@2@@std@@U?$less@H@3@V?$allocator@H@3@@std@@QBE_NABV012@@Z 00403780 f i DataRecord.obj
 0001:000027a0       ??0?$map@HU_tagPlayerInfo@@U?$less@H@std@@V?$allocator@U_tagPlayerInfo@@@3@@std@@QAE@ABU?$less@H@1@ABV?$allocator@U_tagPlayerInfo@@@1@@Z 004037a0 f i DataRecord.obj
 0001:000027d0       ?begin@?$map@HU_tagPlayerInfo@@U?$less@H@std@@V?$allocator@U_tagPlayerInfo@@@3@@std@@QAE?AViterator@?$_Tree@HU?$pair@$$CBHU_tagPlayerInfo@@@std@@U_Kfn@?$map@HU_tagPlayerInfo@@U?$less@H@std@@V?$allocator@U_tagPlayerInfo@@@3@@2@U?$less@H@2@V?$allocator@U_tagPlayerInfo@@@2@@2@XZ 004037d0 f i DataRecord.obj
 0001:00002800       ?end@?$map@HU_tagPlayerInfo@@U?$less@H@std@@V?$allocator@U_tagPlayerInfo@@@3@@std@@QAE?AViterator@?$_Tree@HU?$pair@$$CBHU_tagPlayerInfo@@@std@@U_Kfn@?$map@HU_tagPlayerInfo@@U?$less@H@std@@V?$allocator@U_tagPlayerInfo@@@3@@2@U?$less@H@2@V?$allocator@U_tagPlayerInfo@@@2@@2@XZ 00403800 f i DataRecord.obj
 0001:00002830       ?size@?$map@HU_tagPlayerInfo@@U?$less@H@std@@V?$allocator@U_tagPlayerInfo@@@3@@std@@QBEIXZ 00403830 f i DataRecord.obj
 0001:00002850       ??A?$map@HU_tagPlayerInfo@@U?$less@H@std@@V?$allocator@U_tagPlayerInfo@@@3@@std@@QAEAAU_tagPlayerInfo@@ABH@Z 00403850 f i DataRecord.obj
 0001:000028a0       ??0_tagPlayerInfo@@QAE@XZ  004038a0 f i DataRecord.obj
 0001:000028f0       ?clear@?$map@HU_tagPlayerInfo@@U?$less@H@std@@V?$allocator@U_tagPlayerInfo@@@3@@std@@QAEXXZ 004038f0 f i DataRecord.obj
 0001:00002910       ??1?$_Tree@HU?$pair@$$CBHU_tagPlayerInfo@@@std@@U_Kfn@?$map@HU_tagPlayerInfo@@U?$less@H@std@@V?$allocator@U_tagPlayerInfo@@@3@@2@U?$less@H@2@V?$allocator@U_tagPlayerInfo@@@2@@std@@QAE@XZ 00403910 f i DataRecord.obj
 0001:000029c0       ??Citerator@?$_Tree@HU?$pair@$$CBHU_tagPlayerInfo@@@std@@U_Kfn@?$map@HU_tagPlayerInfo@@U?$less@H@std@@V?$allocator@U_tagPlayerInfo@@@3@@2@U?$less@H@2@V?$allocator@U_tagPlayerInfo@@@2@@std@@QBEPAU?$pair@$$CBHU_tagPlayerInfo@@@2@XZ 004039c0 f i DataRecord.obj
 0001:000029e0       ??Eiterator@?$_Tree@HU?$pair@$$CBHU_tagPlayerInfo@@@std@@U_Kfn@?$map@HU_tagPlayerInfo@@U?$less@H@std@@V?$allocator@U_tagPlayerInfo@@@3@@2@U?$less@H@2@V?$allocator@U_tagPlayerInfo@@@2@@std@@QAEAAV012@XZ 004039e0 f i DataRecord.obj
 0001:00002a00       ??9iterator@?$_Tree@HU?$pair@$$CBHU_tagPlayerInfo@@@std@@U_Kfn@?$map@HU_tagPlayerInfo@@U?$less@H@std@@V?$allocator@U_tagPlayerInfo@@@3@@2@U?$less@H@2@V?$allocator@U_tagPlayerInfo@@@2@@std@@QBE_NABV012@@Z 00403a00 f i DataRecord.obj
 0001:00002a30       ??0?$map@HU_tagRoomInfo@@U?$less@H@std@@V?$allocator@U_tagRoomInfo@@@3@@std@@QAE@ABU?$less@H@1@ABV?$allocator@U_tagRoomInfo@@@1@@Z 00403a30 f i DataRecord.obj
 0001:00002a60       ?begin@?$map@HU_tagRoomInfo@@U?$less@H@std@@V?$allocator@U_tagRoomInfo@@@3@@std@@QAE?AViterator@?$_Tree@HU?$pair@$$CBHU_tagRoomInfo@@@std@@U_Kfn@?$map@HU_tagRoomInfo@@U?$less@H@std@@V?$allocator@U_tagRoomInfo@@@3@@2@U?$less@H@2@V?$allocator@U_tagRoomInfo@@@2@@2@XZ 00403a60 f i DataRecord.obj
 0001:00002a90       ?end@?$map@HU_tagRoomInfo@@U?$less@H@std@@V?$allocator@U_tagRoomInfo@@@3@@std@@QAE?AViterator@?$_Tree@HU?$pair@$$CBHU_tagRoomInfo@@@std@@U_Kfn@?$map@HU_tagRoomInfo@@U?$less@H@std@@V?$allocator@U_tagRoomInfo@@@3@@2@U?$less@H@2@V?$allocator@U_tagRoomInfo@@@2@@2@XZ 00403a90 f i DataRecord.obj
 0001:00002ac0       ??A?$map@HU_tagRoomInfo@@U?$less@H@std@@V?$allocator@U_tagRoomInfo@@@3@@std@@QAEAAU_tagRoomInfo@@ABH@Z 00403ac0 f i DataRecord.obj
 0001:00002b60       ??0_tagRoomInfo@@QAE@XZ    00403b60 f i DataRecord.obj
 0001:00002be0       ??1_tagRoomInfo@@QAE@XZ    00403be0 f i DataRecord.obj
 0001:00002c00       ?clear@?$set@HU?$less@H@std@@V?$allocator@H@2@@std@@QAEXXZ 00403c00 f i DataRecord.obj
 0001:00002c20       ?clear@?$map@HU_tagRoomInfo@@U?$less@H@std@@V?$allocator@U_tagRoomInfo@@@3@@std@@QAEXXZ 00403c20 f i DataRecord.obj
 0001:00002c40       ??1?$_Tree@HU?$pair@$$CBHU_tagRoomInfo@@@std@@U_Kfn@?$map@HU_tagRoomInfo@@U?$less@H@std@@V?$allocator@U_tagRoomInfo@@@3@@2@U?$less@H@2@V?$allocator@U_tagRoomInfo@@@2@@std@@QAE@XZ 00403c40 f i DataRecord.obj
 0001:00002cf0       ??Citerator@?$_Tree@HU?$pair@$$CBHU_tagRoomInfo@@@std@@U_Kfn@?$map@HU_tagRoomInfo@@U?$less@H@std@@V?$allocator@U_tagRoomInfo@@@3@@2@U?$less@H@2@V?$allocator@U_tagRoomInfo@@@2@@std@@QBEPAU?$pair@$$CBHU_tagRoomInfo@@@2@XZ 00403cf0 f i DataRecord.obj
 0001:00002d10       ??Eiterator@?$_Tree@HU?$pair@$$CBHU_tagRoomInfo@@@std@@U_Kfn@?$map@HU_tagRoomInfo@@U?$less@H@std@@V?$allocator@U_tagRoomInfo@@@3@@2@U?$less@H@2@V?$allocator@U_tagRoomInfo@@@2@@std@@QAEAAV012@XZ 00403d10 f i DataRecord.obj
 0001:00002d30       ??9iterator@?$_Tree@HU?$pair@$$CBHU_tagRoomInfo@@@std@@U_Kfn@?$map@HU_tagRoomInfo@@U?$less@H@std@@V?$allocator@U_tagRoomInfo@@@3@@2@U?$less@H@2@V?$allocator@U_tagRoomInfo@@@2@@std@@QBE_NABV012@@Z 00403d30 f i DataRecord.obj
 0001:00002d60       ??1?$pair@$$CBHU_tagRoomInfo@@@std@@QAE@XZ 00403d60 f i DataRecord.obj
 0001:00002d80       ?_Value@?$_Tree@HHU_Kfn@?$set@HU?$less@H@std@@V?$allocator@H@2@@std@@U?$less@H@3@V?$allocator@H@3@@std@@KAAAHPAU_Node@12@@Z 00403d80 f i DataRecord.obj
 0001:00002d90       ??0?$_Tree@HHU_Kfn@?$set@HU?$less@H@std@@V?$allocator@H@2@@std@@U?$less@H@3@V?$allocator@H@3@@std@@QAE@ABU?$less@H@1@_NABV?$allocator@H@1@@Z 00403d90 f i DataRecord.obj
 0001:00002dd0       ?begin@?$_Tree@HHU_Kfn@?$set@HU?$less@H@std@@V?$allocator@H@2@@std@@U?$less@H@3@V?$allocator@H@3@@std@@QAE?AViterator@12@XZ 00403dd0 f i DataRecord.obj
 0001:00002e00       ?begin@?$_Tree@HHU_Kfn@?$set@HU?$less@H@std@@V?$allocator@H@2@@std@@U?$less@H@3@V?$allocator@H@3@@std@@QBE?AVconst_iterator@12@XZ 00403e00 f i DataRecord.obj
 0001:00002e30       ?end@?$_Tree@HHU_Kfn@?$set@HU?$less@H@std@@V?$allocator@H@2@@std@@U?$less@H@3@V?$allocator@H@3@@std@@QAE?AViterator@12@XZ 00403e30 f i DataRecord.obj
 0001:00002e60       ?end@?$_Tree@HHU_Kfn@?$set@HU?$less@H@std@@V?$allocator@H@2@@std@@U?$less@H@3@V?$allocator@H@3@@std@@QBE?AVconst_iterator@12@XZ 00403e60 f i DataRecord.obj
 0001:00002e90       ?size@?$_Tree@HHU_Kfn@?$set@HU?$less@H@std@@V?$allocator@H@2@@std@@U?$less@H@3@V?$allocator@H@3@@std@@QBEIXZ 00403e90 f i DataRecord.obj
 0001:00002eb0       ?insert@?$_Tree@HHU_Kfn@?$set@HU?$less@H@std@@V?$allocator@H@2@@std@@U?$less@H@3@V?$allocator@H@3@@std@@QAE?AU?$pair@Viterator@?$_Tree@HHU_Kfn@?$set@HU?$less@H@std@@V?$allocator@H@2@@std@@U?$less@H@3@V?$allocator@H@3@@std@@_N@2@ABH@Z 00403eb0 f i DataRecord.obj
 0001:000030b0       ?erase@?$_Tree@HHU_Kfn@?$set@HU?$less@H@std@@V?$allocator@H@2@@std@@U?$less@H@3@V?$allocator@H@3@@std@@QAE?AViterator@12@V312@0@Z 004040b0 f i DataRecord.obj
 0001:000031b0       ?clear@?$_Tree@HHU_Kfn@?$set@HU?$less@H@std@@V?$allocator@H@2@@std@@U?$less@H@3@V?$allocator@H@3@@std@@QAEXXZ 004041b0 f i DataRecord.obj
 0001:000031f0       ?find@?$_Tree@HHU_Kfn@?$set@HU?$less@H@std@@V?$allocator@H@2@@std@@U?$less@H@3@V?$allocator@H@3@@std@@QAE?AViterator@12@ABH@Z 004041f0 f i DataRecord.obj
 0001:00003290       ?_Init@?$_Tree@HHU_Kfn@?$set@HU?$less@H@std@@V?$allocator@H@2@@std@@U?$less@H@3@V?$allocator@H@3@@std@@IAEXXZ 00404290 f i DataRecord.obj
 0001:00003390       ?_Freenode@?$_Tree@HHU_Kfn@?$set@HU?$less@H@std@@V?$allocator@H@2@@std@@U?$less@H@3@V?$allocator@H@3@@std@@IAEXPAU_Node@12@@Z 00404390 f i DataRecord.obj
 0001:000033b0       ??8const_iterator@?$_Tree@HHU_Kfn@?$set@HU?$less@H@std@@V?$allocator@H@2@@std@@U?$less@H@3@V?$allocator@H@3@@std@@QBE_NABV012@@Z 004043b0 f i DataRecord.obj
 0001:000033d0       ?_Inc@const_iterator@?$_Tree@HHU_Kfn@?$set@HU?$less@H@std@@V?$allocator@H@2@@std@@U?$less@H@3@V?$allocator@H@3@@std@@QAEXXZ 004043d0 f i DataRecord.obj
 0001:00003470       ??0?$pair@Viterator@?$_Tree@HHU_Kfn@?$set@HU?$less@H@std@@V?$allocator@H@2@@std@@U?$less@H@3@V?$allocator@H@3@@std@@_N@std@@QAE@ABViterator@?$_Tree@HHU_Kfn@?$set@HU?$less@H@std@@V?$allocator@H@2@@std@@U?$less@H@3@V?$allocator@H@3@@1@AB_N@Z 00404470 f i DataRecord.obj
 0001:000034a0       ?insert@?$map@HU_tagPlayerInfo@@U?$less@H@std@@V?$allocator@U_tagPlayerInfo@@@3@@std@@QAE?AU?$pair@Viterator@?$_Tree@HU?$pair@$$CBHU_tagPlayerInfo@@@std@@U_Kfn@?$map@HU_tagPlayerInfo@@U?$less@H@std@@V?$allocator@U_tagPlayerInfo@@@3@@2@U?$less@H@2@V?$allocator@U_tagPlayerInfo@@@2@@std@@_N@2@ABU?$pair@$$CBHU_tagPlayerInfo@@@2@@Z 004044a0 f i DataRecord.obj
 0001:000034f0       ??0?$_Tree@HU?$pair@$$CBHU_tagPlayerInfo@@@std@@U_Kfn@?$map@HU_tagPlayerInfo@@U?$less@H@std@@V?$allocator@U_tagPlayerInfo@@@3@@2@U?$less@H@2@V?$allocator@U_tagPlayerInfo@@@2@@std@@QAE@ABU?$less@H@1@_NABV?$allocator@U_tagPlayerInfo@@@1@@Z 004044f0 f i DataRecord.obj
 0001:00003530       ?begin@?$_Tree@HU?$pair@$$CBHU_tagPlayerInfo@@@std@@U_Kfn@?$map@HU_tagPlayerInfo@@U?$less@H@std@@V?$allocator@U_tagPlayerInfo@@@3@@2@U?$less@H@2@V?$allocator@U_tagPlayerInfo@@@2@@std@@QAE?AViterator@12@XZ 00404530 f i DataRecord.obj
 0001:00003560       ?end@?$_Tree@HU?$pair@$$CBHU_tagPlayerInfo@@@std@@U_Kfn@?$map@HU_tagPlayerInfo@@U?$less@H@std@@V?$allocator@U_tagPlayerInfo@@@3@@2@U?$less@H@2@V?$allocator@U_tagPlayerInfo@@@2@@std@@QAE?AViterator@12@XZ 00404560 f i DataRecord.obj
 0001:00003590       ?size@?$_Tree@HU?$pair@$$CBHU_tagPlayerInfo@@@std@@U_Kfn@?$map@HU_tagPlayerInfo@@U?$less@H@std@@V?$allocator@U_tagPlayerInfo@@@3@@2@U?$less@H@2@V?$allocator@U_tagPlayerInfo@@@2@@std@@QBEIXZ 00404590 f i DataRecord.obj
 0001:000035b0       ?erase@?$_Tree@HU?$pair@$$CBHU_tagPlayerInfo@@@std@@U_Kfn@?$map@HU_tagPlayerInfo@@U?$less@H@std@@V?$allocator@U_tagPlayerInfo@@@3@@2@U?$less@H@2@V?$allocator@U_tagPlayerInfo@@@2@@std@@QAE?AViterator@12@V312@0@Z 004045b0 f i DataRecord.obj
 0001:000036b0       ?clear@?$_Tree@HU?$pair@$$CBHU_tagPlayerInfo@@@std@@U_Kfn@?$map@HU_tagPlayerInfo@@U?$less@H@std@@V?$allocator@U_tagPlayerInfo@@@3@@2@U?$less@H@2@V?$allocator@U_tagPlayerInfo@@@2@@std@@QAEXXZ 004046b0 f i DataRecord.obj
 0001:000036f0       ?_Freenode@?$_Tree@HU?$pair@$$CBHU_tagPlayerInfo@@@std@@U_Kfn@?$map@HU_tagPlayerInfo@@U?$less@H@std@@V?$allocator@U_tagPlayerInfo@@@3@@2@U?$less@H@2@V?$allocator@U_tagPlayerInfo@@@2@@std@@IAEXPAU_Node@12@@Z 004046f0 f i DataRecord.obj
 0001:00003710       ??0?$pair@$$CBHU_tagPlayerInfo@@@std@@QAE@ABHABU_tagPlayerInfo@@@Z 00404710 f i DataRecord.obj
 0001:00003740       ?_Inc@const_iterator@?$_Tree@HU?$pair@$$CBHU_tagPlayerInfo@@@std@@U_Kfn@?$map@HU_tagPlayerInfo@@U?$less@H@std@@V?$allocator@U_tagPlayerInfo@@@3@@2@U?$less@H@2@V?$allocator@U_tagPlayerInfo@@@2@@std@@QAEXXZ 00404740 f i DataRecord.obj
 0001:000037e0       ??Diterator@?$_Tree@HU?$pair@$$CBHU_tagPlayerInfo@@@std@@U_Kfn@?$map@HU_tagPlayerInfo@@U?$less@H@std@@V?$allocator@U_tagPlayerInfo@@@3@@2@U?$less@H@2@V?$allocator@U_tagPlayerInfo@@@2@@std@@QBEAAU?$pair@$$CBHU_tagPlayerInfo@@@2@XZ 004047e0 f i DataRecord.obj
 0001:00003800       ??8iterator@?$_Tree@HU?$pair@$$CBHU_tagPlayerInfo@@@std@@U_Kfn@?$map@HU_tagPlayerInfo@@U?$less@H@std@@V?$allocator@U_tagPlayerInfo@@@3@@2@U?$less@H@2@V?$allocator@U_tagPlayerInfo@@@2@@std@@QBE_NABV012@@Z 00404800 f i DataRecord.obj
 0001:00003820       ?insert@?$map@HU_tagRoomInfo@@U?$less@H@std@@V?$allocator@U_tagRoomInfo@@@3@@std@@QAE?AU?$pair@Viterator@?$_Tree@HU?$pair@$$CBHU_tagRoomInfo@@@std@@U_Kfn@?$map@HU_tagRoomInfo@@U?$less@H@std@@V?$allocator@U_tagRoomInfo@@@3@@2@U?$less@H@2@V?$allocator@U_tagRoomInfo@@@2@@std@@_N@2@ABU?$pair@$$CBHU_tagRoomInfo@@@2@@Z 00404820 f i DataRecord.obj
 0001:00003870       ??0?$_Tree@HU?$pair@$$CBHU_tagRoomInfo@@@std@@U_Kfn@?$map@HU_tagRoomInfo@@U?$less@H@std@@V?$allocator@U_tagRoomInfo@@@3@@2@U?$less@H@2@V?$allocator@U_tagRoomInfo@@@2@@std@@QAE@ABU?$less@H@1@_NABV?$allocator@U_tagRoomInfo@@@1@@Z 00404870 f i DataRecord.obj
 0001:000038b0       ?begin@?$_Tree@HU?$pair@$$CBHU_tagRoomInfo@@@std@@U_Kfn@?$map@HU_tagRoomInfo@@U?$less@H@std@@V?$allocator@U_tagRoomInfo@@@3@@2@U?$less@H@2@V?$allocator@U_tagRoomInfo@@@2@@std@@QAE?AViterator@12@XZ 004048b0 f i DataRecord.obj
 0001:000038e0       ?end@?$_Tree@HU?$pair@$$CBHU_tagRoomInfo@@@std@@U_Kfn@?$map@HU_tagRoomInfo@@U?$less@H@std@@V?$allocator@U_tagRoomInfo@@@3@@2@U?$less@H@2@V?$allocator@U_tagRoomInfo@@@2@@std@@QAE?AViterator@12@XZ 004048e0 f i DataRecord.obj
 0001:00003910       ?erase@?$_Tree@HU?$pair@$$CBHU_tagRoomInfo@@@std@@U_Kfn@?$map@HU_tagRoomInfo@@U?$less@H@std@@V?$allocator@U_tagRoomInfo@@@3@@2@U?$less@H@2@V?$allocator@U_tagRoomInfo@@@2@@std@@QAE?AViterator@12@V312@0@Z 00404910 f i DataRecord.obj
 0001:00003a10       ?clear@?$_Tree@HU?$pair@$$CBHU_tagRoomInfo@@@std@@U_Kfn@?$map@HU_tagRoomInfo@@U?$less@H@std@@V?$allocator@U_tagRoomInfo@@@3@@2@U?$less@H@2@V?$allocator@U_tagRoomInfo@@@2@@std@@QAEXXZ 00404a10 f i DataRecord.obj
 0001:00003a50       ?_Freenode@?$_Tree@HU?$pair@$$CBHU_tagRoomInfo@@@std@@U_Kfn@?$map@HU_tagRoomInfo@@U?$less@H@std@@V?$allocator@U_tagRoomInfo@@@3@@2@U?$less@H@2@V?$allocator@U_tagRoomInfo@@@2@@std@@IAEXPAU_Node@12@@Z 00404a50 f i DataRecord.obj
 0001:00003a70       ??0?$pair@$$CBHU_tagRoomInfo@@@std@@QAE@ABHABU_tagRoomInfo@@@Z 00404a70 f i DataRecord.obj
 0001:00003aa0       ??0_tagRoomInfo@@QAE@ABU0@@Z 00404aa0 f i DataRecord.obj
 0001:00003ae0       ??0?$set@HU?$less@H@std@@V?$allocator@H@2@@std@@QAE@ABV01@@Z 00404ae0 f i DataRecord.obj
 0001:00003b00       ??0?$_Tree@HHU_Kfn@?$set@HU?$less@H@std@@V?$allocator@H@2@@std@@U?$less@H@3@V?$allocator@H@3@@std@@QAE@ABV01@@Z 00404b00 f i DataRecord.obj
 0001:00003b50       ?_Copy@?$_Tree@HHU_Kfn@?$set@HU?$less@H@std@@V?$allocator@H@2@@std@@U?$less@H@3@V?$allocator@H@3@@std@@IAEXABV12@@Z 00404b50 f i DataRecord.obj
 0001:00003c10       ?_Inc@const_iterator@?$_Tree@HU?$pair@$$CBHU_tagRoomInfo@@@std@@U_Kfn@?$map@HU_tagRoomInfo@@U?$less@H@std@@V?$allocator@U_tagRoomInfo@@@3@@2@U?$less@H@2@V?$allocator@U_tagRoomInfo@@@2@@std@@QAEXXZ 00404c10 f i DataRecord.obj
 0001:00003cb0       ??Diterator@?$_Tree@HU?$pair@$$CBHU_tagRoomInfo@@@std@@U_Kfn@?$map@HU_tagRoomInfo@@U?$less@H@std@@V?$allocator@U_tagRoomInfo@@@3@@2@U?$less@H@2@V?$allocator@U_tagRoomInfo@@@2@@std@@QBEAAU?$pair@$$CBHU_tagRoomInfo@@@2@XZ 00404cb0 f i DataRecord.obj
 0001:00003cd0       ??8iterator@?$_Tree@HU?$pair@$$CBHU_tagRoomInfo@@@std@@U_Kfn@?$map@HU_tagRoomInfo@@U?$less@H@std@@V?$allocator@U_tagRoomInfo@@@3@@2@U?$less@H@2@V?$allocator@U_tagRoomInfo@@@2@@std@@QBE_NABV012@@Z 00404cd0 f i DataRecord.obj
 0001:00003cf0       ??R?$less@H@std@@QBE_NABH0@Z 00404cf0 f i DataRecord.obj
 0001:00003d10       ??R_Kfn@?$set@HU?$less@H@std@@V?$allocator@H@2@@std@@QBEABHABH@Z 00404d10 f i DataRecord.obj
 0001:00003d20       ?_Key@?$_Tree@HHU_Kfn@?$set@HU?$less@H@std@@V?$allocator@H@2@@std@@U?$less@H@3@V?$allocator@H@3@@std@@KAABHPAU_Node@12@@Z 00404d20 f i DataRecord.obj
 0001:00003d40       ?_Left@?$_Tree@HHU_Kfn@?$set@HU?$less@H@std@@V?$allocator@H@2@@std@@U?$less@H@3@V?$allocator@H@3@@std@@KAAAPAU_Node@12@PAU312@@Z 00404d40 f i DataRecord.obj
 0001:00003d50       ?_Parent@?$_Tree@HHU_Kfn@?$set@HU?$less@H@std@@V?$allocator@H@2@@std@@U?$less@H@3@V?$allocator@H@3@@std@@KAAAPAU_Node@12@PAU312@@Z 00404d50 f i DataRecord.obj
 0001:00003d60       ?_Right@?$_Tree@HHU_Kfn@?$set@HU?$less@H@std@@V?$allocator@H@2@@std@@U?$less@H@3@V?$allocator@H@3@@std@@KAAAPAU_Node@12@PAU312@@Z 00404d60 f i DataRecord.obj
 0001:00003d70       ?erase@?$_Tree@HHU_Kfn@?$set@HU?$less@H@std@@V?$allocator@H@2@@std@@U?$less@H@3@V?$allocator@H@3@@std@@QAE?AViterator@12@V312@@Z 00404d70 f i DataRecord.obj
 0001:000045c0       ?lower_bound@?$_Tree@HHU_Kfn@?$set@HU?$less@H@std@@V?$allocator@H@2@@std@@U?$less@H@3@V?$allocator@H@3@@std@@QAE?AViterator@12@ABH@Z 004055c0 f i DataRecord.obj
 0001:000045f0       ?_Copy@?$_Tree@HHU_Kfn@?$set@HU?$less@H@std@@V?$allocator@H@2@@std@@U?$less@H@3@V?$allocator@H@3@@std@@IAEPAU_Node@12@PAU312@0@Z 004055f0 f i DataRecord.obj
 0001:000046e0       ?_Erase@?$_Tree@HHU_Kfn@?$set@HU?$less@H@std@@V?$allocator@H@2@@std@@U?$less@H@3@V?$allocator@H@3@@std@@IAEXPAU_Node@12@@Z 004056e0 f i DataRecord.obj
 0001:00004760       ?_Insert@?$_Tree@HHU_Kfn@?$set@HU?$less@H@std@@V?$allocator@H@2@@std@@U?$less@H@3@V?$allocator@H@3@@std@@IAE?AViterator@12@PAU_Node@12@0ABH@Z 00405760 f i DataRecord.obj
 0001:00004bf0       ?_Lmost@?$_Tree@HHU_Kfn@?$set@HU?$less@H@std@@V?$allocator@H@2@@std@@U?$less@H@3@V?$allocator@H@3@@std@@IAEAAPAU_Node@12@XZ 00405bf0 f i DataRecord.obj
 0001:00004c10       ?_Lmost@?$_Tree@HHU_Kfn@?$set@HU?$less@H@std@@V?$allocator@H@2@@std@@U?$less@H@3@V?$allocator@H@3@@std@@IBEAAPAU_Node@12@XZ 00405c10 f i DataRecord.obj
 0001:00004c30       ?_Max@?$_Tree@HHU_Kfn@?$set@HU?$less@H@std@@V?$allocator@H@2@@std@@U?$less@H@3@V?$allocator@H@3@@std@@KAPAU_Node@12@PAU312@@Z 00405c30 f i DataRecord.obj
 0001:00004c70       ?_Min@?$_Tree@HHU_Kfn@?$set@HU?$less@H@std@@V?$allocator@H@2@@std@@U?$less@H@3@V?$allocator@H@3@@std@@KAPAU_Node@12@PAU312@@Z 00405c70 f i DataRecord.obj
 0001:00004cb0       ?_Rmost@?$_Tree@HHU_Kfn@?$set@HU?$less@H@std@@V?$allocator@H@2@@std@@U?$less@H@3@V?$allocator@H@3@@std@@IAEAAPAU_Node@12@XZ 00405cb0 f i DataRecord.obj
 0001:00004cd0       ?_Root@?$_Tree@HHU_Kfn@?$set@HU?$less@H@std@@V?$allocator@H@2@@std@@U?$less@H@3@V?$allocator@H@3@@std@@IAEAAPAU_Node@12@XZ 00405cd0 f i DataRecord.obj
 0001:00004cf0       ?_Root@?$_Tree@HHU_Kfn@?$set@HU?$less@H@std@@V?$allocator@H@2@@std@@U?$less@H@3@V?$allocator@H@3@@std@@IBEAAPAU_Node@12@XZ 00405cf0 f i DataRecord.obj
 0001:00004d10       ?_Buynode@?$_Tree@HHU_Kfn@?$set@HU?$less@H@std@@V?$allocator@H@2@@std@@U?$less@H@3@V?$allocator@H@3@@std@@IAEPAU_Node@12@PAU312@W4_Redbl@12@@Z 00405d10 f i DataRecord.obj
 0001:00004d60       ?deallocate@?$allocator@H@std@@QAEXPAXI@Z 00405d60 f i DataRecord.obj
 0001:00004d80       ??0const_iterator@?$_Tree@HHU_Kfn@?$set@HU?$less@H@std@@V?$allocator@H@2@@std@@U?$less@H@3@V?$allocator@H@3@@std@@QAE@PAU_Node@12@@Z 00405d80 f i DataRecord.obj
 0001:00004da0       ?_Mynode@const_iterator@?$_Tree@HHU_Kfn@?$set@HU?$less@H@std@@V?$allocator@H@2@@std@@U?$less@H@3@V?$allocator@H@3@@std@@QBEPAU_Node@23@XZ 00405da0 f i DataRecord.obj
 0001:00004db0       ??0iterator@?$_Tree@HHU_Kfn@?$set@HU?$less@H@std@@V?$allocator@H@2@@std@@U?$less@H@3@V?$allocator@H@3@@std@@QAE@PAU_Node@12@@Z 00405db0 f i DataRecord.obj
 0001:00004dd0       ??Eiterator@?$_Tree@HHU_Kfn@?$set@HU?$less@H@std@@V?$allocator@H@2@@std@@U?$less@H@3@V?$allocator@H@3@@std@@QAE?AV012@H@Z 00405dd0 f i DataRecord.obj
 0001:00004e00       ??Fiterator@?$_Tree@HHU_Kfn@?$set@HU?$less@H@std@@V?$allocator@H@2@@std@@U?$less@H@3@V?$allocator@H@3@@std@@QAEAAV012@XZ 00405e00 f i DataRecord.obj
 0001:00004e20       ??9iterator@?$_Tree@HHU_Kfn@?$set@HU?$less@H@std@@V?$allocator@H@2@@std@@U?$less@H@3@V?$allocator@H@3@@std@@QBE_NABV012@@Z 00405e20 f i DataRecord.obj
 0001:00004e50       ?deallocate@?$allocator@U_tagPlayerInfo@@@std@@QAEXPAXI@Z 00405e50 f i DataRecord.obj
 0001:00004e70       ?_Parent@?$_Tree@HU?$pair@$$CBHU_tagPlayerInfo@@@std@@U_Kfn@?$map@HU_tagPlayerInfo@@U?$less@H@std@@V?$allocator@U_tagPlayerInfo@@@3@@2@U?$less@H@2@V?$allocator@U_tagPlayerInfo@@@2@@std@@KAAAPAU_Node@12@PAU312@@Z 00405e70 f i DataRecord.obj
 0001:00004e80       ?_Right@?$_Tree@HU?$pair@$$CBHU_tagPlayerInfo@@@std@@U_Kfn@?$map@HU_tagPlayerInfo@@U?$less@H@std@@V?$allocator@U_tagPlayerInfo@@@3@@2@U?$less@H@2@V?$allocator@U_tagPlayerInfo@@@2@@std@@KAAAPAU_Node@12@PAU312@@Z 00405e80 f i DataRecord.obj
 0001:00004e90       ?_Value@?$_Tree@HU?$pair@$$CBHU_tagPlayerInfo@@@std@@U_Kfn@?$map@HU_tagPlayerInfo@@U?$less@H@std@@V?$allocator@U_tagPlayerInfo@@@3@@2@U?$less@H@2@V?$allocator@U_tagPlayerInfo@@@2@@std@@KAAAU?$pair@$$CBHU_tagPlayerInfo@@@2@PAU_Node@12@@Z 00405e90 f i DataRecord.obj
 0001:00004ea0       ?insert@?$_Tree@HU?$pair@$$CBHU_tagPlayerInfo@@@std@@U_Kfn@?$map@HU_tagPlayerInfo@@U?$less@H@std@@V?$allocator@U_tagPlayerInfo@@@3@@2@U?$less@H@2@V?$allocator@U_tagPlayerInfo@@@2@@std@@QAE?AU?$pair@Viterator@?$_Tree@HU?$pair@$$CBHU_tagPlayerInfo@@@std@@U_Kfn@?$map@HU_tagPlayerInfo@@U?$less@H@std@@V?$allocator@U_tagPlayerInfo@@@3@@2@U?$less@H@2@V?$allocator@U_tagPlayerInfo@@@2@@std@@_N@2@ABU?$pair@$$CBHU_tagPlayerInfo@@@2@@Z 00405ea0 f i DataRecord.obj
 0001:000050a0       ?erase@?$_Tree@HU?$pair@$$CBHU_tagPlayerInfo@@@std@@U_Kfn@?$map@HU_tagPlayerInfo@@U?$less@H@std@@V?$allocator@U_tagPlayerInfo@@@3@@2@U?$less@H@2@V?$allocator@U_tagPlayerInfo@@@2@@std@@QAE?AViterator@12@V312@@Z 004060a0 f i DataRecord.obj
 0001:000058f0       ?_Erase@?$_Tree@HU?$pair@$$CBHU_tagPlayerInfo@@@std@@U_Kfn@?$map@HU_tagPlayerInfo@@U?$less@H@std@@V?$allocator@U_tagPlayerInfo@@@3@@2@U?$less@H@2@V?$allocator@U_tagPlayerInfo@@@2@@std@@IAEXPAU_Node@12@@Z 004068f0 f i DataRecord.obj
 0001:00005970       ?_Init@?$_Tree@HU?$pair@$$CBHU_tagPlayerInfo@@@std@@U_Kfn@?$map@HU_tagPlayerInfo@@U?$less@H@std@@V?$allocator@U_tagPlayerInfo@@@3@@2@U?$less@H@2@V?$allocator@U_tagPlayerInfo@@@2@@std@@IAEXXZ 00406970 f i DataRecord.obj
 0001:00005a70       ?_Lmost@?$_Tree@HU?$pair@$$CBHU_tagPlayerInfo@@@std@@U_Kfn@?$map@HU_tagPlayerInfo@@U?$less@H@std@@V?$allocator@U_tagPlayerInfo@@@3@@2@U?$less@H@2@V?$allocator@U_tagPlayerInfo@@@2@@std@@IAEAAPAU_Node@12@XZ 00406a70 f i DataRecord.obj
 0001:00005a90       ?_Min@?$_Tree@HU?$pair@$$CBHU_tagPlayerInfo@@@std@@U_Kfn@?$map@HU_tagPlayerInfo@@U?$less@H@std@@V?$allocator@U_tagPlayerInfo@@@3@@2@U?$less@H@2@V?$allocator@U_tagPlayerInfo@@@2@@std@@KAPAU_Node@12@PAU312@@Z 00406a90 f i DataRecord.obj
 0001:00005ad0       ?_Rmost@?$_Tree@HU?$pair@$$CBHU_tagPlayerInfo@@@std@@U_Kfn@?$map@HU_tagPlayerInfo@@U?$less@H@std@@V?$allocator@U_tagPlayerInfo@@@3@@2@U?$less@H@2@V?$allocator@U_tagPlayerInfo@@@2@@std@@IAEAAPAU_Node@12@XZ 00406ad0 f i DataRecord.obj
 0001:00005af0       ?_Root@?$_Tree@HU?$pair@$$CBHU_tagPlayerInfo@@@std@@U_Kfn@?$map@HU_tagPlayerInfo@@U?$less@H@std@@V?$allocator@U_tagPlayerInfo@@@3@@2@U?$less@H@2@V?$allocator@U_tagPlayerInfo@@@2@@std@@IAEAAPAU_Node@12@XZ 00406af0 f i DataRecord.obj
 0001:00005b10       ??0iterator@?$_Tree@HU?$pair@$$CBHU_tagPlayerInfo@@@std@@U_Kfn@?$map@HU_tagPlayerInfo@@U?$less@H@std@@V?$allocator@U_tagPlayerInfo@@@3@@2@U?$less@H@2@V?$allocator@U_tagPlayerInfo@@@2@@std@@QAE@PAU_Node@12@@Z 00406b10 f i DataRecord.obj
 0001:00005b30       ??Eiterator@?$_Tree@HU?$pair@$$CBHU_tagPlayerInfo@@@std@@U_Kfn@?$map@HU_tagPlayerInfo@@U?$less@H@std@@V?$allocator@U_tagPlayerInfo@@@3@@2@U?$less@H@2@V?$allocator@U_tagPlayerInfo@@@2@@std@@QAE?AV012@H@Z 00406b30 f i DataRecord.obj
 0001:00005b60       ?deallocate@?$allocator@U_tagRoomInfo@@@std@@QAEXPAXI@Z 00406b60 f i DataRecord.obj
 0001:00005b80       ?_Parent@?$_Tree@HU?$pair@$$CBHU_tagRoomInfo@@@std@@U_Kfn@?$map@HU_tagRoomInfo@@U?$less@H@std@@V?$allocator@U_tagRoomInfo@@@3@@2@U?$less@H@2@V?$allocator@U_tagRoomInfo@@@2@@std@@KAAAPAU_Node@12@PAU312@@Z 00406b80 f i DataRecord.obj
 0001:00005b90       ?_Right@?$_Tree@HU?$pair@$$CBHU_tagRoomInfo@@@std@@U_Kfn@?$map@HU_tagRoomInfo@@U?$less@H@std@@V?$allocator@U_tagRoomInfo@@@3@@2@U?$less@H@2@V?$allocator@U_tagRoomInfo@@@2@@std@@KAAAPAU_Node@12@PAU312@@Z 00406b90 f i DataRecord.obj
 0001:00005ba0       ?_Value@?$_Tree@HU?$pair@$$CBHU_tagRoomInfo@@@std@@U_Kfn@?$map@HU_tagRoomInfo@@U?$less@H@std@@V?$allocator@U_tagRoomInfo@@@3@@2@U?$less@H@2@V?$allocator@U_tagRoomInfo@@@2@@std@@KAAAU?$pair@$$CBHU_tagRoomInfo@@@2@PAU_Node@12@@Z 00406ba0 f i DataRecord.obj
 0001:00005bb0       ?size@?$_Tree@HU?$pair@$$CBHU_tagRoomInfo@@@std@@U_Kfn@?$map@HU_tagRoomInfo@@U?$less@H@std@@V?$allocator@U_tagRoomInfo@@@3@@2@U?$less@H@2@V?$allocator@U_tagRoomInfo@@@2@@std@@QBEIXZ 00406bb0 f i DataRecord.obj
 0001:00005bd0       ?insert@?$_Tree@HU?$pair@$$CBHU_tagRoomInfo@@@std@@U_Kfn@?$map@HU_tagRoomInfo@@U?$less@H@std@@V?$allocator@U_tagRoomInfo@@@3@@2@U?$less@H@2@V?$allocator@U_tagRoomInfo@@@2@@std@@QAE?AU?$pair@Viterator@?$_Tree@HU?$pair@$$CBHU_tagRoomInfo@@@std@@U_Kfn@?$map@HU_tagRoomInfo@@U?$less@H@std@@V?$allocator@U_tagRoomInfo@@@3@@2@U?$less@H@2@V?$allocator@U_tagRoomInfo@@@2@@std@@_N@2@ABU?$pair@$$CBHU_tagRoomInfo@@@2@@Z 00406bd0 f i DataRecord.obj
 0001:00005dd0       ?erase@?$_Tree@HU?$pair@$$CBHU_tagRoomInfo@@@std@@U_Kfn@?$map@HU_tagRoomInfo@@U?$less@H@std@@V?$allocator@U_tagRoomInfo@@@3@@2@U?$less@H@2@V?$allocator@U_tagRoomInfo@@@2@@std@@QAE?AViterator@12@V312@@Z 00406dd0 f i DataRecord.obj
 0001:00006620       ?_Erase@?$_Tree@HU?$pair@$$CBHU_tagRoomInfo@@@std@@U_Kfn@?$map@HU_tagRoomInfo@@U?$less@H@std@@V?$allocator@U_tagRoomInfo@@@3@@2@U?$less@H@2@V?$allocator@U_tagRoomInfo@@@2@@std@@IAEXPAU_Node@12@@Z 00407620 f i DataRecord.obj
 0001:000066a0       ?_Init@?$_Tree@HU?$pair@$$CBHU_tagRoomInfo@@@std@@U_Kfn@?$map@HU_tagRoomInfo@@U?$less@H@std@@V?$allocator@U_tagRoomInfo@@@3@@2@U?$less@H@2@V?$allocator@U_tagRoomInfo@@@2@@std@@IAEXXZ 004076a0 f i DataRecord.obj
 0001:000067a0       ?_Lmost@?$_Tree@HU?$pair@$$CBHU_tagRoomInfo@@@std@@U_Kfn@?$map@HU_tagRoomInfo@@U?$less@H@std@@V?$allocator@U_tagRoomInfo@@@3@@2@U?$less@H@2@V?$allocator@U_tagRoomInfo@@@2@@std@@IAEAAPAU_Node@12@XZ 004077a0 f i DataRecord.obj
 0001:000067c0       ?_Min@?$_Tree@HU?$pair@$$CBHU_tagRoomInfo@@@std@@U_Kfn@?$map@HU_tagRoomInfo@@U?$less@H@std@@V?$allocator@U_tagRoomInfo@@@3@@2@U?$less@H@2@V?$allocator@U_tagRoomInfo@@@2@@std@@KAPAU_Node@12@PAU312@@Z 004077c0 f i DataRecord.obj
 0001:00006800       ?_Rmost@?$_Tree@HU?$pair@$$CBHU_tagRoomInfo@@@std@@U_Kfn@?$map@HU_tagRoomInfo@@U?$less@H@std@@V?$allocator@U_tagRoomInfo@@@3@@2@U?$less@H@2@V?$allocator@U_tagRoomInfo@@@2@@std@@IAEAAPAU_Node@12@XZ 00407800 f i DataRecord.obj
 0001:00006820       ?_Root@?$_Tree@HU?$pair@$$CBHU_tagRoomInfo@@@std@@U_Kfn@?$map@HU_tagRoomInfo@@U?$less@H@std@@V?$allocator@U_tagRoomInfo@@@3@@2@U?$less@H@2@V?$allocator@U_tagRoomInfo@@@2@@std@@IAEAAPAU_Node@12@XZ 00407820 f i DataRecord.obj
 0001:00006840       ??0iterator@?$_Tree@HU?$pair@$$CBHU_tagRoomInfo@@@std@@U_Kfn@?$map@HU_tagRoomInfo@@U?$less@H@std@@V?$allocator@U_tagRoomInfo@@@3@@2@U?$less@H@2@V?$allocator@U_tagRoomInfo@@@2@@std@@QAE@PAU_Node@12@@Z 00407840 f i DataRecord.obj
 0001:00006860       ??Eiterator@?$_Tree@HU?$pair@$$CBHU_tagRoomInfo@@@std@@U_Kfn@?$map@HU_tagRoomInfo@@U?$less@H@std@@V?$allocator@U_tagRoomInfo@@@3@@2@U?$less@H@2@V?$allocator@U_tagRoomInfo@@@2@@std@@QAE?AV012@H@Z 00407860 f i DataRecord.obj
 0001:00006890       ??0?$pair@Viterator@?$_Tree@HU?$pair@$$CBHU_tagPlayerInfo@@@std@@U_Kfn@?$map@HU_tagPlayerInfo@@U?$less@H@std@@V?$allocator@U_tagPlayerInfo@@@3@@2@U?$less@H@2@V?$allocator@U_tagPlayerInfo@@@2@@std@@_N@std@@QAE@ABViterator@?$_Tree@HU?$pair@$$CBHU_tagPlayerInfo@@@std@@U_Kfn@?$map@HU_tagPlayerInfo@@U?$less@H@std@@V?$allocator@U_tagPlayerInfo@@@3@@2@U?$less@H@2@V?$allocator@U_tagPlayerInfo@@@2@@1@AB_N@Z 00407890 f i DataRecord.obj
 0001:000068c0       ??0?$pair@Viterator@?$_Tree@HU?$pair@$$CBHU_tagRoomInfo@@@std@@U_Kfn@?$map@HU_tagRoomInfo@@U?$less@H@std@@V?$allocator@U_tagRoomInfo@@@3@@2@U?$less@H@2@V?$allocator@U_tagRoomInfo@@@2@@std@@_N@std@@QAE@ABViterator@?$_Tree@HU?$pair@$$CBHU_tagRoomInfo@@@std@@U_Kfn@?$map@HU_tagRoomInfo@@U?$less@H@std@@V?$allocator@U_tagRoomInfo@@@3@@2@U?$less@H@2@V?$allocator@U_tagRoomInfo@@@2@@1@AB_N@Z 004078c0 f i DataRecord.obj
 0001:000068f0       ?_Color@?$_Tree@HHU_Kfn@?$set@HU?$less@H@std@@V?$allocator@H@2@@std@@U?$less@H@3@V?$allocator@H@3@@std@@KAAAW4_Redbl@12@PAU_Node@12@@Z 004078f0 f i DataRecord.obj
 0001:00006900       ?_Lbound@?$_Tree@HHU_Kfn@?$set@HU?$less@H@std@@V?$allocator@H@2@@std@@U?$less@H@3@V?$allocator@H@3@@std@@IBEPAU_Node@12@ABH@Z 00407900 f i DataRecord.obj
 0001:00006990       ?_Lrotate@?$_Tree@HHU_Kfn@?$set@HU?$less@H@std@@V?$allocator@H@2@@std@@U?$less@H@3@V?$allocator@H@3@@std@@IAEXPAU_Node@12@@Z 00407990 f i DataRecord.obj
 0001:00006ac0       ?_Rrotate@?$_Tree@HHU_Kfn@?$set@HU?$less@H@std@@V?$allocator@H@2@@std@@U?$less@H@3@V?$allocator@H@3@@std@@IAEXPAU_Node@12@@Z 00407ac0 f i DataRecord.obj
 0001:00006bf0       ?_Consval@?$_Tree@HHU_Kfn@?$set@HU?$less@H@std@@V?$allocator@H@2@@std@@U?$less@H@3@V?$allocator@H@3@@std@@IAEXPAHABH@Z 00407bf0 f i DataRecord.obj
 0001:00006c10       ?_Destval@?$_Tree@HHU_Kfn@?$set@HU?$less@H@std@@V?$allocator@H@2@@std@@U?$less@H@3@V?$allocator@H@3@@std@@IAEXPAH@Z 00407c10 f i DataRecord.obj
 0001:00006c30       ?_Charalloc@?$allocator@H@std@@QAEPADI@Z 00407c30 f i DataRecord.obj
 0001:00006c50       ?_Dec@const_iterator@?$_Tree@HHU_Kfn@?$set@HU?$less@H@std@@V?$allocator@H@2@@std@@U?$less@H@3@V?$allocator@H@3@@std@@QAEXXZ 00407c50 f i DataRecord.obj
 0001:00006d20       ??Eiterator@?$_Tree@HHU_Kfn@?$set@HU?$less@H@std@@V?$allocator@H@2@@std@@U?$less@H@3@V?$allocator@H@3@@std@@QAEAAV012@XZ 00407d20 f i DataRecord.obj
 0001:00006d40       ??R_Kfn@?$map@HU_tagPlayerInfo@@U?$less@H@std@@V?$allocator@U_tagPlayerInfo@@@3@@std@@QBEABHABU?$pair@$$CBHU_tagPlayerInfo@@@2@@Z 00407d40 f i DataRecord.obj
 0001:00006d50       ?_Color@?$_Tree@HU?$pair@$$CBHU_tagPlayerInfo@@@std@@U_Kfn@?$map@HU_tagPlayerInfo@@U?$less@H@std@@V?$allocator@U_tagPlayerInfo@@@3@@2@U?$less@H@2@V?$allocator@U_tagPlayerInfo@@@2@@std@@KAAAW4_Redbl@12@PAU_Node@12@@Z 00407d50 f i DataRecord.obj
 0001:00006d60       ?_Key@?$_Tree@HU?$pair@$$CBHU_tagPlayerInfo@@@std@@U_Kfn@?$map@HU_tagPlayerInfo@@U?$less@H@std@@V?$allocator@U_tagPlayerInfo@@@3@@2@U?$less@H@2@V?$allocator@U_tagPlayerInfo@@@2@@std@@KAABHPAU_Node@12@@Z 00407d60 f i DataRecord.obj
 0001:00006d80       ?_Left@?$_Tree@HU?$pair@$$CBHU_tagPlayerInfo@@@std@@U_Kfn@?$map@HU_tagPlayerInfo@@U?$less@H@std@@V?$allocator@U_tagPlayerInfo@@@3@@2@U?$less@H@2@V?$allocator@U_tagPlayerInfo@@@2@@std@@KAAAPAU_Node@12@PAU312@@Z 00407d80 f i DataRecord.obj
 0001:00006d90       ?_Insert@?$_Tree@HU?$pair@$$CBHU_tagPlayerInfo@@@std@@U_Kfn@?$map@HU_tagPlayerInfo@@U?$less@H@std@@V?$allocator@U_tagPlayerInfo@@@3@@2@U?$less@H@2@V?$allocator@U_tagPlayerInfo@@@2@@std@@IAE?AViterator@12@PAU_Node@12@0ABU?$pair@$$CBHU_tagPlayerInfo@@@2@@Z 00407d90 f i DataRecord.obj
 0001:00007220       ?_Lrotate@?$_Tree@HU?$pair@$$CBHU_tagPlayerInfo@@@std@@U_Kfn@?$map@HU_tagPlayerInfo@@U?$less@H@std@@V?$allocator@U_tagPlayerInfo@@@3@@2@U?$less@H@2@V?$allocator@U_tagPlayerInfo@@@2@@std@@IAEXPAU_Node@12@@Z 00408220 f i DataRecord.obj
 0001:00007350       ?_Max@?$_Tree@HU?$pair@$$CBHU_tagPlayerInfo@@@std@@U_Kfn@?$map@HU_tagPlayerInfo@@U?$less@H@std@@V?$allocator@U_tagPlayerInfo@@@3@@2@U?$less@H@2@V?$allocator@U_tagPlayerInfo@@@2@@std@@KAPAU_Node@12@PAU312@@Z 00408350 f i DataRecord.obj
 0001:00007390       ?_Rrotate@?$_Tree@HU?$pair@$$CBHU_tagPlayerInfo@@@std@@U_Kfn@?$map@HU_tagPlayerInfo@@U?$less@H@std@@V?$allocator@U_tagPlayerInfo@@@3@@2@U?$less@H@2@V?$allocator@U_tagPlayerInfo@@@2@@std@@IAEXPAU_Node@12@@Z 00408390 f i DataRecord.obj
 0001:000074c0       ?_Buynode@?$_Tree@HU?$pair@$$CBHU_tagPlayerInfo@@@std@@U_Kfn@?$map@HU_tagPlayerInfo@@U?$less@H@std@@V?$allocator@U_tagPlayerInfo@@@3@@2@U?$less@H@2@V?$allocator@U_tagPlayerInfo@@@2@@std@@IAEPAU_Node@12@PAU312@W4_Redbl@12@@Z 004084c0 f i DataRecord.obj
 0001:00007510       ?_Destval@?$_Tree@HU?$pair@$$CBHU_tagPlayerInfo@@@std@@U_Kfn@?$map@HU_tagPlayerInfo@@U?$less@H@std@@V?$allocator@U_tagPlayerInfo@@@3@@2@U?$less@H@2@V?$allocator@U_tagPlayerInfo@@@2@@std@@IAEXPAU?$pair@$$CBHU_tagPlayerInfo@@@2@@Z 00408510 f i DataRecord.obj
 0001:00007530       ??0const_iterator@?$_Tree@HU?$pair@$$CBHU_tagPlayerInfo@@@std@@U_Kfn@?$map@HU_tagPlayerInfo@@U?$less@H@std@@V?$allocator@U_tagPlayerInfo@@@3@@2@U?$less@H@2@V?$allocator@U_tagPlayerInfo@@@2@@std@@QAE@PAU_Node@12@@Z 00408530 f i DataRecord.obj
 0001:00007550       ?_Mynode@const_iterator@?$_Tree@HU?$pair@$$CBHU_tagPlayerInfo@@@std@@U_Kfn@?$map@HU_tagPlayerInfo@@U?$less@H@std@@V?$allocator@U_tagPlayerInfo@@@3@@2@U?$less@H@2@V?$allocator@U_tagPlayerInfo@@@2@@std@@QBEPAU_Node@23@XZ 00408550 f i DataRecord.obj
 0001:00007560       ??Fiterator@?$_Tree@HU?$pair@$$CBHU_tagPlayerInfo@@@std@@U_Kfn@?$map@HU_tagPlayerInfo@@U?$less@H@std@@V?$allocator@U_tagPlayerInfo@@@3@@2@U?$less@H@2@V?$allocator@U_tagPlayerInfo@@@2@@std@@QAEAAV012@XZ 00408560 f i DataRecord.obj
 0001:00007580       ??R_Kfn@?$map@HU_tagRoomInfo@@U?$less@H@std@@V?$allocator@U_tagRoomInfo@@@3@@std@@QBEABHABU?$pair@$$CBHU_tagRoomInfo@@@2@@Z 00408580 f i DataRecord.obj
 0001:00007590       ?_Color@?$_Tree@HU?$pair@$$CBHU_tagRoomInfo@@@std@@U_Kfn@?$map@HU_tagRoomInfo@@U?$less@H@std@@V?$allocator@U_tagRoomInfo@@@3@@2@U?$less@H@2@V?$allocator@U_tagRoomInfo@@@2@@std@@KAAAW4_Redbl@12@PAU_Node@12@@Z 00408590 f i DataRecord.obj
 0001:000075a0       ?_Key@?$_Tree@HU?$pair@$$CBHU_tagRoomInfo@@@std@@U_Kfn@?$map@HU_tagRoomInfo@@U?$less@H@std@@V?$allocator@U_tagRoomInfo@@@3@@2@U?$less@H@2@V?$allocator@U_tagRoomInfo@@@2@@std@@KAABHPAU_Node@12@@Z 004085a0 f i DataRecord.obj
 0001:000075c0       ?_Left@?$_Tree@HU?$pair@$$CBHU_tagRoomInfo@@@std@@U_Kfn@?$map@HU_tagRoomInfo@@U?$less@H@std@@V?$allocator@U_tagRoomInfo@@@3@@2@U?$less@H@2@V?$allocator@U_tagRoomInfo@@@2@@std@@KAAAPAU_Node@12@PAU312@@Z 004085c0 f i DataRecord.obj
 0001:000075d0       ?_Insert@?$_Tree@HU?$pair@$$CBHU_tagRoomInfo@@@std@@U_Kfn@?$map@HU_tagRoomInfo@@U?$less@H@std@@V?$allocator@U_tagRoomInfo@@@3@@2@U?$less@H@2@V?$allocator@U_tagRoomInfo@@@2@@std@@IAE?AViterator@12@PAU_Node@12@0ABU?$pair@$$CBHU_tagRoomInfo@@@2@@Z 004085d0 f i DataRecord.obj
 0001:00007a60       ?_Lrotate@?$_Tree@HU?$pair@$$CBHU_tagRoomInfo@@@std@@U_Kfn@?$map@HU_tagRoomInfo@@U?$less@H@std@@V?$allocator@U_tagRoomInfo@@@3@@2@U?$less@H@2@V?$allocator@U_tagRoomInfo@@@2@@std@@IAEXPAU_Node@12@@Z 00408a60 f i DataRecord.obj
 0001:00007b90       ?_Max@?$_Tree@HU?$pair@$$CBHU_tagRoomInfo@@@std@@U_Kfn@?$map@HU_tagRoomInfo@@U?$less@H@std@@V?$allocator@U_tagRoomInfo@@@3@@2@U?$less@H@2@V?$allocator@U_tagRoomInfo@@@2@@std@@KAPAU_Node@12@PAU312@@Z 00408b90 f i DataRecord.obj
 0001:00007bd0       ?_Rrotate@?$_Tree@HU?$pair@$$CBHU_tagRoomInfo@@@std@@U_Kfn@?$map@HU_tagRoomInfo@@U?$less@H@std@@V?$allocator@U_tagRoomInfo@@@3@@2@U?$less@H@2@V?$allocator@U_tagRoomInfo@@@2@@std@@IAEXPAU_Node@12@@Z 00408bd0 f i DataRecord.obj
 0001:00007d00       ?_Buynode@?$_Tree@HU?$pair@$$CBHU_tagRoomInfo@@@std@@U_Kfn@?$map@HU_tagRoomInfo@@U?$less@H@std@@V?$allocator@U_tagRoomInfo@@@3@@2@U?$less@H@2@V?$allocator@U_tagRoomInfo@@@2@@std@@IAEPAU_Node@12@PAU312@W4_Redbl@12@@Z 00408d00 f i DataRecord.obj
 0001:00007d50       ?_Destval@?$_Tree@HU?$pair@$$CBHU_tagRoomInfo@@@std@@U_Kfn@?$map@HU_tagRoomInfo@@U?$less@H@std@@V?$allocator@U_tagRoomInfo@@@3@@2@U?$less@H@2@V?$allocator@U_tagRoomInfo@@@2@@std@@IAEXPAU?$pair@$$CBHU_tagRoomInfo@@@2@@Z 00408d50 f i DataRecord.obj
 0001:00007d70       ??0const_iterator@?$_Tree@HU?$pair@$$CBHU_tagRoomInfo@@@std@@U_Kfn@?$map@HU_tagRoomInfo@@U?$less@H@std@@V?$allocator@U_tagRoomInfo@@@3@@2@U?$less@H@2@V?$allocator@U_tagRoomInfo@@@2@@std@@QAE@PAU_Node@12@@Z 00408d70 f i DataRecord.obj
 0001:00007d90       ?_Mynode@const_iterator@?$_Tree@HU?$pair@$$CBHU_tagRoomInfo@@@std@@U_Kfn@?$map@HU_tagRoomInfo@@U?$less@H@std@@V?$allocator@U_tagRoomInfo@@@3@@2@U?$less@H@2@V?$allocator@U_tagRoomInfo@@@2@@std@@QBEPAU_Node@23@XZ 00408d90 f i DataRecord.obj
 0001:00007da0       ??Fiterator@?$_Tree@HU?$pair@$$CBHU_tagRoomInfo@@@std@@U_Kfn@?$map@HU_tagRoomInfo@@U?$less@H@std@@V?$allocator@U_tagRoomInfo@@@3@@2@U?$less@H@2@V?$allocator@U_tagRoomInfo@@@2@@std@@QAEAAV012@XZ 00408da0 f i DataRecord.obj
 0001:00007dc0       ?_Charalloc@?$allocator@U_tagPlayerInfo@@@std@@QAEPADI@Z 00408dc0 f i DataRecord.obj
 0001:00007de0       ?_Consval@?$_Tree@HU?$pair@$$CBHU_tagPlayerInfo@@@std@@U_Kfn@?$map@HU_tagPlayerInfo@@U?$less@H@std@@V?$allocator@U_tagPlayerInfo@@@3@@2@U?$less@H@2@V?$allocator@U_tagPlayerInfo@@@2@@std@@IAEXPAU?$pair@$$CBHU_tagPlayerInfo@@@2@ABU32@@Z 00408de0 f i DataRecord.obj
 0001:00007e00       ?_Dec@const_iterator@?$_Tree@HU?$pair@$$CBHU_tagPlayerInfo@@@std@@U_Kfn@?$map@HU_tagPlayerInfo@@U?$less@H@std@@V?$allocator@U_tagPlayerInfo@@@3@@2@U?$less@H@2@V?$allocator@U_tagPlayerInfo@@@2@@std@@QAEXXZ 00408e00 f i DataRecord.obj
 0001:00007ed0       ?_Charalloc@?$allocator@U_tagRoomInfo@@@std@@QAEPADI@Z 00408ed0 f i DataRecord.obj
 0001:00007ef0       ?_Consval@?$_Tree@HU?$pair@$$CBHU_tagRoomInfo@@@std@@U_Kfn@?$map@HU_tagRoomInfo@@U?$less@H@std@@V?$allocator@U_tagRoomInfo@@@3@@2@U?$less@H@2@V?$allocator@U_tagRoomInfo@@@2@@std@@IAEXPAU?$pair@$$CBHU_tagRoomInfo@@@2@ABU32@@Z 00408ef0 f i DataRecord.obj
 0001:00007f10       ?_Dec@const_iterator@?$_Tree@HU?$pair@$$CBHU_tagRoomInfo@@@std@@U_Kfn@?$map@HU_tagRoomInfo@@U?$less@H@std@@V?$allocator@U_tagRoomInfo@@@3@@2@U?$less@H@2@V?$allocator@U_tagRoomInfo@@@2@@std@@QAEXXZ 00408f10 f i DataRecord.obj
 0001:00007fe0       ?swap@std@@YAXAAW4_Redbl@?$_Tree@HHU_Kfn@?$set@HU?$less@H@std@@V?$allocator@H@2@@std@@U?$less@H@3@V?$allocator@H@3@@1@0@Z 00408fe0 f i DataRecord.obj
 0001:00008010       ?swap@std@@YAXAAW4_Redbl@?$_Tree@HU?$pair@$$CBHU_tagPlayerInfo@@@std@@U_Kfn@?$map@HU_tagPlayerInfo@@U?$less@H@std@@V?$allocator@U_tagPlayerInfo@@@3@@2@U?$less@H@2@V?$allocator@U_tagPlayerInfo@@@2@@1@0@Z 00409010 f i DataRecord.obj
 0001:00008040       ?swap@std@@YAXAAW4_Redbl@?$_Tree@HU?$pair@$$CBHU_tagRoomInfo@@@std@@U_Kfn@?$map@HU_tagRoomInfo@@U?$less@H@std@@V?$allocator@U_tagRoomInfo@@@3@@2@U?$less@H@2@V?$allocator@U_tagRoomInfo@@@2@@1@0@Z 00409040 f i DataRecord.obj
 0001:00008070       ?_Construct@std@@YAXPAHABH@Z 00409070 f i DataRecord.obj
 0001:000080b0       ?_Destroy@std@@YAXPAH@Z    004090b0 f i DataRecord.obj
 0001:000080c0       ?_Allocate@std@@YAPADHPAD@Z 004090c0 f i DataRecord.obj
 0001:000080e0       ?_Destroy@std@@YAXPAU?$pair@$$CBHU_tagPlayerInfo@@@1@@Z 004090e0 f i DataRecord.obj
 0001:000080f0       ?_Destroy@std@@YAXPAU?$pair@$$CBHU_tagRoomInfo@@@1@@Z 004090f0 f i DataRecord.obj
 0001:00008100       ?_Construct@std@@YAXPAU?$pair@$$CBHU_tagPlayerInfo@@@1@ABU21@@Z 00409100 f i DataRecord.obj
 0001:00008150       ?_Construct@std@@YAXPAU?$pair@$$CBHU_tagRoomInfo@@@1@ABU21@@Z 00409150 f i DataRecord.obj
 0001:000081c0       ??_G?$pair@$$CBHU_tagRoomInfo@@@std@@QAEPAXI@Z 004091c0 f i DataRecord.obj
 0001:000081f0       ??0?$pair@$$CBHU_tagRoomInfo@@@std@@QAE@ABU01@@Z 004091f0 f i DataRecord.obj
 0001:00008220       ??2@YAPAXIPAX@Z            00409220 f i DataRecord.obj
 0001:00008230       ??3@YAXPAX0@Z              00409230 f i DataRecord.obj
 0001:00008240       ??0CCritSec@@QAE@XZ        00409240 f i DataRecord.obj
 0001:00008260       ??1CCritSec@@QAE@XZ        00409260 f i DataRecord.obj
 0001:00008280       ??0CAutoLock@@QAE@PAVCCritSec@@@Z 00409280 f i DataRecord.obj
 0001:000082b0       ?Lock@CCritSec@@QAEXXZ     004092b0 f i DataRecord.obj
 0001:000082d0       ??1CAutoLock@@QAE@XZ       004092d0 f i DataRecord.obj
 0001:000082f0       ?Unlock@CCritSec@@QAEXXZ   004092f0 f i DataRecord.obj
 0001:00008310       ?Svr_RetrieveFields@@YAHPADPAPADH1@Z 00409310 f i DataRecord.obj
 0001:00008420       ?x_StrInsertReplace@@YAXAAVCString@@HHABV1@@Z 00409420 f   Markup.obj
 0001:000084f8       ?x_Hash@@YAHPBDH@Z         004094f8 f   Markup.obj
 0001:00008534       ?x_IntToStr@@YA?AVCString@@H@Z 00409534 f   Markup.obj
 0001:000085b1       ?x_StrNCmp@@YAHPBD0HH@Z    004095b1 f   Markup.obj
 0001:000086d3       ?x_AddResult@@YAXAAVCString@@UMCD_CSTR@@1HHH@Z 004096d3 f   Markup.obj
 0001:000088ef       ?x_GetEncodingCodePage@@YAHUMCD_CSTR@@@Z 004098ef f   Markup.obj
 0001:00008a7b       ?CanConvert@TextEncoding@@SA_NUMCD_CSTR@@0@Z 00409a7b f   Markup.obj
 0001:00008aee       ?x_NoDefaultChar@@YA_NH@Z  00409aee f   Markup.obj
 0001:00008b75       ?PerformConversion@TextEncoding@@QAEHPAXUMCD_CSTR@@@Z 00409b75 f   Markup.obj
 0001:00008eed       ?FindRaggedEnd@TextEncoding@@QAE_NAAH@Z 00409eed f   Markup.obj
 0001:0000958f       ?x_EndianSwapRequired@@YA_NH@Z 0040a58f f   Markup.obj
 0001:000095d0       ?x_EndianSwapUTF16@@YAXPAGH@Z 0040a5d0 f   Markup.obj
 0001:0000961b       ?CopyElemPosTree@ElemPosTree@@QAEXPAU1@H@Z 0040a61b f   Markup.obj
 0001:00009712       ?GrowElemPosTree@ElemPosTree@@QAEXH@Z 0040a712 f   Markup.obj
 0001:00009909       ?FindAttrib@TokenPos@@QAE_NPBDHPAVCString@@@Z 0040a909 f   Markup.obj
 0001:00009c9e       ?CalcSlot@ElemStack@@SAHPBDH_N@Z 0040ac9e f   Markup.obj
 0001:00009d13       ?PushTagAndCount@ElemStack@@QAEXAAUTokenPos@@@Z 0040ad13 f   Markup.obj
 0001:00009f8b       ?FileErrorAddResult@FilePos@@QAE_NXZ 0040af8b f   Markup.obj
 0001:0000a10c       ?FileSpecifyEncoding@FilePos@@QAEXPAVCString@@@Z 0040b10c f   Markup.obj
 0001:0000a178       ?FileAtTop@FilePos@@QAE_NXZ 0040b178 f   Markup.obj
 0001:0000a1bd       ?FileOpen@FilePos@@QAE_NUMCD_CSTR@@@Z 0040b1bd f   Markup.obj
 0001:0000a670       ?FileRead@FilePos@@QAE_NPAX@Z 0040b670 f   Markup.obj
 0001:0000a8ca       ?FileCheckRaggedEnd@FilePos@@QAE_NPAX@Z 0040b8ca f   Markup.obj
 0001:0000aa5f       ?FileReadText@FilePos@@QAE_NAAVCString@@@Z 0040ba5f f   Markup.obj
 0001:0000b2cc       ?FileWrite@FilePos@@QAE_NPAXPBX@Z 0040c2cc f   Markup.obj
 0001:0000b443       ?FileWriteText@FilePos@@QAE_NABVCString@@H@Z 0040c443 f   Markup.obj
 0001:0000b7a3       ?FileClose@FilePos@@QAE_NXZ 0040c7a3 f   Markup.obj
 0001:0000b7ef       ?FileReadNextBuffer@FilePos@@QAE_NXZ 0040c7ef f   Markup.obj
 0001:0000b9e6       ?FileGatherStart@FilePos@@QAEXH@Z 0040c9e6 f   Markup.obj
 0001:0000b9ff       ?FileGatherEnd@FilePos@@QAEHAAVCString@@@Z 0040c9ff f   Markup.obj
 0001:0000ba49       ?FileFlush@FilePos@@QAE_NAAVCString@@H_N@Z 0040ca49 f   Markup.obj
 0001:0000bbc9       ?ParsePath@PathPos@@AAE_NXZ 0040cbc9 f   Markup.obj
 0001:0000bd65       ?AttribPredicateMatch@PathPos@@QAE_NAAUTokenPos@@@Z 0040cd65 f   Markup.obj
 0001:0000bea0       ?GetMap@SavedPosMapArray@@QAE_NAAPAUSavedPosMap@@HH@Z 0040cea0 f   Markup.obj
 0001:0000c008       ?CopySavedPosMaps@SavedPosMapArray@@QAEXPAU1@@Z 0040d008 f   Markup.obj
 0001:0000c1fd       ?ParseNode@TokenPos@@QAEHAAUNodePos@@@Z 0040d1fd f   Markup.obj
 0001:0000ccc2       ??1CMarkup@@QAE@XZ         0040dcc2 f   Markup.obj
 0001:0000cd69       ??4CMarkup@@QAEXABV0@@Z    0040dd69 f   Markup.obj
 0001:0000ce4a       ?SetDoc@CMarkup@@QAE_NPBD@Z 0040de4a f   Markup.obj
 0001:0000ceee       ?SetDoc@CMarkup@@QAE_NABVCString@@@Z 0040deee f   Markup.obj
 0001:0000cf2b       ?IsWellFormed@CMarkup@@QAE_NXZ 0040df2b f   Markup.obj
 0001:0000cfdb       ?GetError@CMarkup@@QBE?AVCString@@XZ 0040dfdb f   Markup.obj
 0001:0000df36       ?Load@CMarkup@@QAE_NUMCD_CSTR@@@Z 0040ef36 f   Markup.obj
 0001:0000df89       ?ReadTextFile@CMarkup@@SA_NUMCD_CSTR@@AAVCString@@PAV3@PAH2@Z 0040ef89 f   Markup.obj
 0001:0000e0b4       ?Save@CMarkup@@QAE_NUMCD_CSTR@@@Z 0040f0b4 f   Markup.obj
 0001:0000e0f2       ?WriteTextFile@CMarkup@@SA_NUMCD_CSTR@@ABVCString@@PAV3@PAH2@Z 0040f0f2 f   Markup.obj
 0001:0000e29f       ?FindElem@CMarkup@@QAE_NUMCD_CSTR@@@Z 0040f29f f   Markup.obj
 0001:0000e32b       ?FindChildElem@CMarkup@@QAE_NUMCD_CSTR@@@Z 0040f32b f   Markup.obj
 0001:0000e3dd       ?EscapeText@CMarkup@@SA?AVCString@@UMCD_CSTR@@H@Z 0040f3dd f   Markup.obj
 0001:0000e6ff       ?UnescapeText@CMarkup@@SA?AVCString@@UMCD_CSTR@@HH@Z 0040f6ff f   Markup.obj
 0001:0000eb57       ?DetectUTF8@CMarkup@@SA_NPBDHPAHPA_N@Z 0040fb57 f   Markup.obj
 0001:0000ebfa       ?DecodeCharUTF8@CMarkup@@SAHAAPBDPBD@Z 0040fbfa f   Markup.obj
 0001:0000ece5       ?EncodeCharUTF16@CMarkup@@SAXHPAGAAH@Z 0040fce5 f   Markup.obj
 0001:0000ed98       ?DecodeCharUTF16@CMarkup@@SAHAAPBGPBG@Z 0040fd98 f   Markup.obj
 0001:0000ee1b       ?EncodeCharUTF8@CMarkup@@SAXHPADAAH@Z 0040fe1b f   Markup.obj
 0001:0000f011       ?UTF16To8@CMarkup@@SAHPADPBGH@Z 00410011 f   Markup.obj
 0001:0000f0b8       ?UTF8To16@CMarkup@@SAHPAGPBDH@Z 004100b8 f   Markup.obj
 0001:0000f14e       ?UTF8ToA@CMarkup@@SA?AVCString@@UMCD_CSTR@@PAH@Z 0041014e f   Markup.obj
 0001:0000f25d       ?AToUTF8@CMarkup@@SA?AVCString@@UMCD_CSTR@@@Z 0041025d f   Markup.obj
 0001:0000f351       ?GetDeclaredEncoding@CMarkup@@SA?AVCString@@UMCD_CSTR@@@Z 00410351 f   Markup.obj
 0001:0000f6cd       ?GetEncodingCodePage@CMarkup@@SAHUMCD_CSTR@@@Z 004106cd f   Markup.obj
 0001:0000f6de       ?FindNode@CMarkup@@QAEHH@Z 004106de f   Markup.obj
 0001:0000f9c2       ?RemoveNode@CMarkup@@QAE_NXZ 004109c2 f   Markup.obj
 0001:0000fa2b       ?GetTagName@CMarkup@@QBE?AVCString@@XZ 00410a2b f   Markup.obj
 0001:0000fcfc       ?IntoElem@CMarkup@@QAE_NXZ 00410cfc f   Markup.obj
 0001:0000fd37       ?OutOfElem@CMarkup@@QAE_NXZ 00410d37 f   Markup.obj
 0001:0000fd7d       ?GetNthAttrib@CMarkup@@QBE_NHAAVCString@@0@Z 00410d7d f   Markup.obj
 0001:0000fe99       ?GetAttribName@CMarkup@@QBE?AVCString@@H@Z 00410e99 f   Markup.obj
 0001:0000ff84       ?SavePos@CMarkup@@QAE_NUMCD_CSTR@@H@Z 00410f84 f   Markup.obj
 0001:000102e6       ?RestorePos@CMarkup@@QAE_NUMCD_CSTR@@H@Z 004112e6 f   Markup.obj
 0001:0001047f       ?SetMapSize@CMarkup@@QAE_NHH@Z 0041147f f   Markup.obj
 0001:000104b6       ?RemoveElem@CMarkup@@QAE_NXZ 004114b6 f   Markup.obj
 0001:00010513       ?RemoveChildElem@CMarkup@@QAE_NXZ 00411513 f   Markup.obj
 0001:0001056c       ?x_InitMarkup@CMarkup@@IAEXXZ 0041156c f   Markup.obj
 0001:00010634       ?x_GetParent@CMarkup@@IAEHH@Z 00411634 f   Markup.obj
 0001:00010653       ?x_SetPos@CMarkup@@IAEXHHH@Z 00411653 f   Markup.obj
 0001:0001069e       ?x_GetFreePos@CMarkup@@IAEHXZ 0041169e f   Markup.obj
 0001:000106db       ?x_AllocElemPos@CMarkup@@IAE_NH@Z 004116db f   Markup.obj
 0001:00010722       ?x_ParseDoc@CMarkup@@IAE_NXZ 00411722 f   Markup.obj
 0001:00010870       ?x_ParseElem@CMarkup@@IAEHHAAUTokenPos@@@Z 00411870 f   Markup.obj
 0001:00010fe3       ?x_FindElem@CMarkup@@IBEHHHAAUPathPos@@@Z 00411fe3 f   Markup.obj
 0001:00011100       ?x_GetPath@CMarkup@@IBE?AVCString@@H@Z 00412100 f   Markup.obj
 0001:000113c8       ?x_GetTagName@CMarkup@@IBE?AVCString@@H@Z 004123c8 f   Markup.obj
 0001:0001145e       ?x_GetAttrib@CMarkup@@IBE?AVCString@@HPBD@Z 0041245e f   Markup.obj
 0001:00011577       ?x_SetAttrib@CMarkup@@IAE_NHPBDHH@Z 00412577 f   Markup.obj
 0001:000115b4       ?x_SetAttrib@CMarkup@@IAE_NHPBD0H@Z 004125b4 f   Markup.obj
 0001:000119de       ?x_CreateNode@CMarkup@@KA_NAAVCString@@HPBD@Z 004129de f   Markup.obj
 0001:00011c15       ?x_EncodeCDATASection@CMarkup@@KA?AVCString@@PBD@Z 00412c15 f   Markup.obj
 0001:00011d1c       ?x_SetData@CMarkup@@IAE_NHH@Z 00412d1c f   Markup.obj
 0001:00011d53       ?x_SetData@CMarkup@@IAE_NHPBDH@Z 00412d53 f   Markup.obj
 0001:00012051       ?x_GetData@CMarkup@@IAE?AVCString@@H@Z 00413051 f   Markup.obj
 0001:00012725       ?x_GetElemContent@CMarkup@@IBE?AVCString@@H@Z 00413725 f   Markup.obj
 0001:000127b0       ?x_SetElemContent@CMarkup@@IAE_NPBD@Z 004137b0 f   Markup.obj
 0001:00012a94       ?x_DocChange@CMarkup@@IAEXHHABVCString@@@Z 00413a94 f   Markup.obj
 0001:00012ab9       ?x_Adjust@CMarkup@@IAEXHH_N@Z 00413ab9 f   Markup.obj
 0001:00012c45       ?x_InsertNew@CMarkup@@IAEHHAAHAAUNodePos@@@Z 00413c45 f   Markup.obj
 0001:000132f5       ?x_AddElem@CMarkup@@IAE_NPBDHH@Z 004142f5 f   Markup.obj
 0001:0001332e       ?x_AddElem@CMarkup@@IAE_NPBD0H@Z 0041432e f   Markup.obj
 0001:000138a0       ?x_GetSubDoc@CMarkup@@IAE?AVCString@@H@Z 004148a0 f   Markup.obj
 0001:00013960       ?x_AddSubDoc@CMarkup@@IAE_NPBDH@Z 00414960 f   Markup.obj
 0001:00013f6c       ?x_RemoveElem@CMarkup@@IAEHH@Z 00414f6c f   Markup.obj
 0001:0001406a       ?x_LinkElem@CMarkup@@IAEXHHH@Z 0041506a f   Markup.obj
 0001:0001429e       ?x_UnlinkElem@CMarkup@@IAEHH@Z 0041529e f   Markup.obj
 0001:000143d6       ?x_UnlinkPrevElem@CMarkup@@IAEHHHH@Z 004153d6 f   Markup.obj
 0001:0001448d       ?x_ReleasePos@CMarkup@@IAEHH@Z 0041548d f   Markup.obj
 0001:000144eb       ?x_ReleaseSubDoc@CMarkup@@IAEHH@Z 004154eb f   Markup.obj
 0001:00014597       ?x_CheckSavedPos@CMarkup@@IAEXXZ 00415597 f   Markup.obj
 0001:00014723       ?x_AdjustForNode@CMarkup@@IAEXHHH@Z 00415723 f   Markup.obj
 0001:000147b8       ?x_AddNode@CMarkup@@IAE_NHPBDH@Z 004157b8 f   Markup.obj
 0001:00014a06       ?x_RemoveNode@CMarkup@@IAEXHAAH000@Z 00415a06 f   Markup.obj
 0001:00014cb0       ??0MCD_CSTR@@QAE@PBD@Z     00415cb0 f i Markup.obj
 0001:00014cd0       ??0MCD_CSTR@@QAE@ABVCString@@@Z 00415cd0 f i Markup.obj
 0001:00014cf0       ??0CMarkup@@QAE@UMCD_CSTR@@@Z 00415cf0 f i Markup.obj
 0001:00014d60       ??BMCD_CSTR@@QBEPBDXZ      00415d60 f i Markup.obj
 0001:00014d70       ?GetDoc@CMarkup@@QBEABVCString@@XZ 00415d70 f i Markup.obj
 0001:00014d80       ?AddElem@CMarkup@@QAE_NUMCD_CSTR@@0H@Z 00415d80 f i Markup.obj
 0001:00014db0       ?SetAttrib@CMarkup@@QAE_NUMCD_CSTR@@0H@Z 00415db0 f i Markup.obj
 0001:00014df0       ?SetAttrib@CMarkup@@QAE_NUMCD_CSTR@@HH@Z 00415df0 f i Markup.obj
 0001:00014e20       ?ReleaseElemPosTree@ElemPosTree@@QAEXXZ 00415e20 f i Markup.obj
 0001:00014e40       ?Release@ElemPosTree@@QAEXXZ 00415e40 f i Markup.obj
 0001:00014eb0       ?Clear@ElemPosTree@@QAEXXZ 00415eb0 f i Markup.obj
 0001:00014ee0       ?SegsUsed@ElemPosTree@@QBEHXZ 00415ee0 f i Markup.obj
 0001:00014f00       ?GetTokenText@TokenPos@@QBE?AVCString@@XZ 00415f00 f i Markup.obj
 0001:00014f40       ?Length@TokenPos@@QBEHXZ   00415f40 f i Markup.obj
 0001:00014f60       ?GetTokenPtr@TokenPos@@QBEPBDXZ 00415f60 f i Markup.obj
 0001:00014f80       ?NextChar@TokenPos@@QAEDXZ 00415f80 f i Markup.obj
 0001:00014fc0       ?FindAny@TokenPos@@QAE_NXZ 00415fc0 f i Markup.obj
 0001:00015070       ?Match@TokenPos@@QAE_NUMCD_CSTR@@@Z 00416070 f i Markup.obj
 0001:00015130       ??_ETagPos@@QAEPAXI@Z      00416130 f i Markup.obj
 0001:000151a0       ??1TagPos@@QAE@XZ          004161a0 f i Markup.obj
 0001:000151c0       ?Init@TagPos@@QAEXHH@Z     004161c0 f i Markup.obj
 0001:00015220       ?IncCount@TagPos@@QAEXXZ   00416220 f i Markup.obj
 0001:00015250       ?Current@ElemStack@@QAEAAUTagPos@@XZ 00416250 f i Markup.obj
 0001:00015270       ?Push@ElemStack@@QAEXPBDH@Z 00416270 f i Markup.obj
 0001:000152f0       ?SetTagName@TagPos@@QAEXPBDH@Z 004162f0 f i Markup.obj
 0001:00015330       ?Slot@ElemStack@@QAEXH@Z   00416330 f i Markup.obj
 0001:000153b0       ?Unslot@ElemStack@@QAEXAAUTagPos@@@Z 004163b0 f i Markup.obj
 0001:00015420       ?Alloc@ElemStack@@IAEXH@Z  00416420 f i Markup.obj
 0001:000154e0       ??0TagPos@@QAE@XZ          004164e0 f i Markup.obj
 0001:00015530       ?Copy@ElemStack@@IAEXPAUTagPos@@@Z 00416530 f i Markup.obj
 0001:000155c0       ??4TagPos@@QAEAAU0@ABU0@@Z 004165c0 f i Markup.obj
 0001:00015640       ??ACString@@QBEDH@Z        00416640 f i Markup.obj
 0001:00015660       ??9@YG_NABVCString@@PBD@Z  00416660 f i Markup.obj
 0001:00015680       ?IsEmpty@CString@@QBEHXZ   00416680 f i Markup.obj
 0001:000156a0       ??0TextEncoding@@QAE@UMCD_CSTR@@PBXH@Z 004166a0 f i Markup.obj
 0001:00015730       ??1TextEncoding@@QAE@XZ    00416730 f i Markup.obj
 0001:00015780       ?GetTypeAndInc@PathPos@@QAEHXZ 00416780 f i Markup.obj
 0001:00015800       ?GetNumAndInc@PathPos@@QAEHXZ 00416800 f i Markup.obj
 0001:00015870       ?GetValAndInc@PathPos@@QAEPBDXZ 00416870 f i Markup.obj
 0001:00015920       ?GetChar@PathPos@@QAEDXZ   00416920 f i Markup.obj
 0001:00015940       ?SaveOffset@PathPos@@QAEXXZ 00416940 f i Markup.obj
 0001:00015960       ?RevertOffset@PathPos@@QAEXXZ 00416960 f i Markup.obj
 0001:00015980       ?IncWord@PathPos@@QAEXXZ   00416980 f i Markup.obj
 0001:00015a20       ?IncWord@PathPos@@QAEXD@Z  00416a20 f i Markup.obj
 0001:00015a80       ?IncChar@PathPos@@QAEXXZ   00416a80 f i Markup.obj
 0001:00015aa0       ?IsAnywherePath@PathPos@@QAE_NXZ 00416aa0 f i Markup.obj
 0001:00015ac0       ?GetValOrWordLen@PathPos@@QAEHXZ 00416ac0 f i Markup.obj
 0001:00015ae0       ?GetPtr@PathPos@@QAEPBDXZ  00416ae0 f i Markup.obj
 0001:00015b00       ??_ESavedPos@@QAEPAXI@Z    00416b00 f i Markup.obj
 0001:00015b70       ??1SavedPos@@QAE@XZ        00416b70 f i Markup.obj
 0001:00015b90       ??0SavedPosMap@@QAE@H@Z    00416b90 f i Markup.obj
 0001:00015be0       ??0SavedPos@@QAE@XZ        00416be0 f i Markup.obj
 0001:00015c10       ?ReleaseMaps@SavedPosMapArray@@QAEXXZ 00416c10 f i Markup.obj
 0001:00015c90       ??_GSavedPosMap@@QAEPAXI@Z 00416c90 f i Markup.obj
 0001:00015cc0       ??1SavedPosMap@@QAE@XZ     00416cc0 f i Markup.obj
 0001:00015d50       ??4SavedPos@@QAEAAU0@ABU0@@Z 00416d50 f i Markup.obj
 0001:00015d90       ??_GSavedPosMapArray@@QAEPAXI@Z 00416d90 f i Markup.obj
 0001:00015dc0       ??1SavedPosMapArray@@QAE@XZ 00416dc0 f i Markup.obj
 0001:00015de0       ??_GElemPosTree@@QAEPAXI@Z 00416de0 f i Markup.obj
 0001:00015e10       ??1ElemPosTree@@QAE@XZ     00416e10 f i Markup.obj
 0001:00015e30       ?GetSize@ElemPosTree@@QBEHXZ 00416e30 f i Markup.obj
 0001:00015e50       ?GetRefElemPosAt@ElemPosTree@@QBEAAUElemPos@@H@Z 00416e50 f i Markup.obj
 0001:00015e80       ?GetAttrib@CMarkup@@QBE?AVCString@@UMCD_CSTR@@@Z 00416e80 f i Markup.obj
 0001:00015ec0       ??8@YG_NABVCString@@PBD@Z  00416ec0 f i Markup.obj
 0001:00015ee0       ??0FilePos@@QAE@XZ         00416ee0 f i Markup.obj
 0001:00015fe0       ??0ElemStack@@QAE@XZ       00416fe0 f i Markup.obj
 0001:00016050       ??1ElemStack@@QAE@XZ       00417050 f i Markup.obj
 0001:000160a0       ?InitTable@ElemStack@@QAEXXZ 004170a0 f i Markup.obj
 0001:000160c0       ??1FilePos@@QAE@XZ         004170c0 f i Markup.obj
 0001:00016130       ??0PathPos@@QAE@PBD_N@Z    00417130 f i Markup.obj
 0001:000161a0       ??0NodePos@@QAE@XZ         004171a0 f i Markup.obj
 0001:000161c0       ??0TokenPos@@QAE@UMCD_CSTR@@HPAUFilePos@@@Z 004171c0 f i Markup.obj
 0001:00016200       ?Clear@TokenPos@@QAEXXZ    00417200 f i Markup.obj
 0001:00016230       ?FindName@TokenPos@@QAE_NXZ 00417230 f i Markup.obj
 0001:000162e0       ??1NodePos@@QAE@XZ         004172e0 f i Markup.obj
 0001:00016300       ?IsEmptyElement@ElemPos@@QAE_NXZ 00417300 f i Markup.obj
 0001:00016320       ?StartTagLen@ElemPos@@QBEHXZ 00417320 f i Markup.obj
 0001:00016340       ?StartContent@ElemPos@@QBEHXZ 00417340 f i Markup.obj
 0001:00016360       ?ContentLen@ElemPos@@QBEHXZ 00417360 f i Markup.obj
 0001:00016390       ?EndTagLen@ElemPos@@QBEHXZ 00417390 f i Markup.obj
 0001:000163b0       ?StartAfter@ElemPos@@QBEHXZ 004173b0 f i Markup.obj
 0001:000163d0       ??0ElemPosTree@@QAE@XZ     004173d0 f i Markup.obj
 0001:000163f0       ??0SavedPosMapArray@@QAE@XZ 004173f0 f i Markup.obj
 0001:00016410       ?ResetPos@CMarkup@@QAEXXZ  00417410 f i Markup.obj
 0001:00016430       ?ClearVirtualParent@ElemPos@@QAEXXZ 00417430 f i Markup.obj
 0001:00016450       ?SetStartTagLen@ElemPos@@QAEXH@Z 00417450 f i Markup.obj
 0001:00016480       ?SetEndTagLen@ElemPos@@QAEXH@Z 00417480 f i Markup.obj
 0001:000164b0       ?Level@ElemPos@@QBEHXZ     004174b0 f i Markup.obj
 0001:000164d0       ?SetLevel@ElemPos@@QAEXH@Z 004174d0 f i Markup.obj
 0001:00016500       ?GetRefTagPosAt@ElemStack@@QAEAAUTagPos@@H@Z 00417500 f i Markup.obj
 0001:00016520       ?PushIntoLevel@ElemStack@@QAEXPBDH@Z 00417520 f i Markup.obj
 0001:00016580       ?PopOutOfLevel@ElemStack@@QAEXXZ 00417580 f i Markup.obj
 0001:000165a0       ?IsAbsolutePath@PathPos@@QAE_NXZ 004175a0 f i Markup.obj
 0001:000165c0       ?IsPath@PathPos@@QAE_NXZ   004175c0 f i Markup.obj
 0001:000165e0       ?ValidPath@PathPos@@QAE_NXZ 004175e0 f i Markup.obj
 0001:00016600       ?AdjustStartTagLen@ElemPos@@QAEXH@Z 00417600 f i Markup.obj
 0001:00016640       ??0NodePos@@QAE@H@Z        00417640 f i Markup.obj
 0001:00016690       ?IsUnparsed@ElemPos@@QAE_NXZ 00417690 f i Markup.obj
 0001:000166b0       ?OutOfLevel@ElemStack@@QAEXXZ 004176b0 f i Markup.obj
 0001:00016700       ?Pop@ElemStack@@QAEXXZ     00417700 f i Markup.obj
 0001:00016780       ?WhitespaceToTag@TokenPos@@QAEHH@Z 00417780 f i Markup.obj
 0001:000167e0       ?OnRequest@CMySockClit@@MAEHPAX0@Z 004177e0 f   MySockClit.obj
 0001:0001690a       ?OnResponse@CMySockClit@@MAEHPAU_tagCONTEXT_HEAD@@PAVREQUEST@@1@Z 0041790a f   MySockClit.obj
 0001:0001693b       ?OnNotifyClient@CMySockClit@@MAEHPAVREQUEST@@@Z 0041793b f   MySockClit.obj
 0001:0001698e       ?OnSendPulse@CMySockClit@@MAEHPAVREQUEST@@@Z 0041798e f   MySockClit.obj
 0001:000169c0       ??0REQUEST@@QAE@XZ         004179c0 f i MySockClit.obj
 0001:000169e0       ??1REQUEST@@QAE@XZ         004179e0 f i MySockClit.obj
 0001:000169f0       ?OnRequest@CGameServer@@MAEHPAX0@Z 004179f0 f   Server.obj
 0001:00016b3d       ?OnNewTable@CGameServer@@MAEPAVCTable@@HHH@Z 00417b3d f   Server.obj
 0001:00016c03       ?OnSeverAutoPlay@CGameServer@@UAEXPAVCRoom@@PAVCTable@@H@Z 00417c03 f   Server.obj
 0001:00016ea5       ?OnSendSysMsgToServer@CGameServer@@MAEHPAU_tagCONTEXT_HEAD@@PAVREQUEST@@PAVCWorkerContext@@@Z 00417ea5 f   Server.obj
 0001:00018029       ?OnZuPai@CGameServer@@QAEHPAU_tagCONTEXT_HEAD@@PAVREQUEST@@PAVCWorkerContext@@@Z 00419029 f   Server.obj
 0001:00018781       ?OnQiangZhuang@CGameServer@@QAEHPAU_tagCONTEXT_HEAD@@PAVREQUEST@@PAVCWorkerContext@@@Z 00419781 f   Server.obj
 0001:00018edc       ?OnYaZhu@CGameServer@@QAEHPAU_tagCONTEXT_HEAD@@PAVREQUEST@@PAVCWorkerContext@@@Z 00419edc f   Server.obj
 0001:0001963b       ?Initialize@CGameServer@@UAEHXZ 0041a63b f   Server.obj
 0001:00019690       ?ReadChunkSvrFromProfile@CGameServer@@QAEHXZ 0041a690 f   Server.obj
 0001:000196e2       ?InitSockToChunk@CGameServer@@QAEHXZ 0041a6e2 f   Server.obj
 0001:000199d2       ?Shutdown@CGameServer@@UAEXXZ 0041a9d2 f   Server.obj
 0001:000199f7       ?ShutDownSockToChunk@CGameServer@@QAEXXZ 0041a9f7 f   Server.obj
 0001:00019b88       ?OnAskExit@CGameServer@@MAEHPAU_tagCONTEXT_HEAD@@PAVREQUEST@@PAVCWorkerContext@@@Z 0041ab88 f   Server.obj
 0001:0001a0ab       ?NotifyPlayersAskExit@CGameServer@@QAEXPAVCGameTable@@PAU_tagASK_EXIT@@JH@Z 0041b0ab f   Server.obj
 0001:0001a15a       ?OnGameWin@CGameServer@@UAEHPAU_tagCONTEXT_HEAD@@PAVCRoom@@PAVCTable@@HHH@Z 0041b15a f   Server.obj
 0001:0001a965       ?GetRoomSvrIniFile@CGameServer@@UAEHHAAVCString@@@Z 0041b965 f   Server.obj
 0001:0001ac4b       ?GetTableDepositMin@CGameServer@@UAEHHH@Z 0041bc4b f   Server.obj
 0001:0001af1e       ?GetMinPlayingDeposit@CGameServer@@UAEHPAVCTable@@H@Z 0041bf1e f   Server.obj
 0001:0001b046       ?IsTableDepositRoom@CGameServer@@UAEHH@Z 0041c046 f   Server.obj
 0001:0001b076       ?OnStartGameEx@CGameServer@@UAEHPAU_tagCONTEXT_HEAD@@PAVREQUEST@@PAVCWorkerContext@@@Z 0041c076 f   Server.obj
 0001:0001bae9       ?ReadTableGrade@CGameServer@@QAEHHPAU_tagTABLESILVERGRADEALL@@@Z 0041cae9 f   Server.obj
 0001:0001bdb8       ?NotifyTableGrade@CGameServer@@QAEXHIJ@Z 0041cdb8 f   Server.obj
 0001:0001bf53       ?PostAskNewTableByTableGrade@CGameServer@@QAEXHHHH@Z 0041cf53 f   Server.obj
 0001:0001bfb3       ?OnEnterGameDXXW@CGameServer@@UAEHPAU_tagCONTEXT_HEAD@@PAU_tagENTER_GAME_EX@@@Z 0041cfb3 f   Server.obj
 0001:0001c027       ?OnPlayerEnterGame@CGameServer@@UAEHPAU_tagCONTEXT_HEAD@@PAU_tagENTER_GAME_OK_EX@@PAVREQUEST@@@Z 0041d027 f   Server.obj
 0001:0001c8b1       ?SendWelfareActivityID@CGameServer@@QAEXIJ@Z 0041d8b1 f   Server.obj
 0001:0001c907       ?SendIsTongbiRoom@CGameServer@@QAEXHIJ@Z 0041d907 f   Server.obj
 0001:0001c97c       ?OnChatToTableEx@CGameServer@@UAEHPAU_tagCONTEXT_HEAD@@PAVREQUEST@@PAVCWorkerContext@@@Z 0041d97c f   Server.obj
 0001:0001d16e       ?CopyWaitResultMap@CGameServer@@QAEXAAV?$CMap@KKU_tagWAIT_FRESHRESULT@@AAU1@@@@Z 0041e16e f   Server.obj
 0001:0001d214       ?RemoveWaitResultByKey@CGameServer@@QAEXK@Z 0041e214 f   Server.obj
 0001:0001d27b       ?CheckGameWin@CGameServer@@UAEXXZ 0041e27b f   Server.obj
 0001:0001d49b       ?GetThreadID_ChunkConnect@CGameServer@@QAEIXZ 0041e49b f   Server.obj
 0001:0001d4af       ?Chunk_BaseVerify@CGameServer@@QAEHHH@Z 0041e4af f   Server.obj
 0001:0001d4da       ?Chunk_TransmitRequest@CGameServer@@QAEHPAU_tagCONTEXT_HEAD@@PAVREQUEST@@@Z 0041e4da f   Server.obj
 0001:0001d64e       ?Chunk_SendPulseData@CGameServer@@QAEXXZ 0041e64e f   Server.obj
 0001:0001d744       ?Chunk_SendThreadFunc@CGameServer@@KGIPAX@Z 0041e744 f   Server.obj
 0001:0001d75c       ?Chunk_ConnectThreadFunc@CGameServer@@KGIPAX@Z 0041e75c f   Server.obj
 0001:0001d774       ?Chunk_ServerPulseThreadFunc@CGameServer@@KGIPAX@Z 0041e774 f   Server.obj
 0001:0001d78c       ?Chunk_TimerThreadFunc@CGameServer@@KGIPAX@Z 0041e78c f   Server.obj
 0001:0001d7a4       ?Chunk_SendThreadProc@CGameServer@@IAEIXZ 0041e7a4 f   Server.obj
 0001:0001d988       ?Chunk_ConnectThreadProc@CGameServer@@IAEIXZ 0041e988 f   Server.obj
 0001:0001db3c       ?Chunk_ServerPulseThreadProc@CGameServer@@IAEIXZ 0041eb3c f   Server.obj
 0001:0001dcef       ?Chunk_TimerThreadProc@CGameServer@@IAEIXZ 0041ecef f   Server.obj
 0001:0001ddb5       ?Chunk_ValidateClientEx@CGameServer@@IAEHXZ 0041edb5 f   Server.obj
 0001:0001ddc5       ?Chunk_ValidateClientInfo@CGameServer@@IAEHH@Z 0041edc5 f   Server.obj
 0001:0001df75       ?Chunk_IsTimingOK@CGameServer@@IAEHKAAH00@Z 0041ef75 f   Server.obj
 0001:0001e079       ?Chunk_DoTimingWork@CGameServer@@IAEHXZ 0041f079 f   Server.obj
 0001:0001e0cc       ?Chunk_OnTimerTriggered@CGameServer@@IAEHKAAH00@Z 0041f0cc f   Server.obj
 0001:0001e101       ?Chunk_OnHourTriggered@CGameServer@@IAEXAAH@Z 0041f101 f   Server.obj
 0001:0001e10e       ?OnChunkSendPulse@CGameServer@@QAEHPAVREQUEST@@@Z 0041f10e f   Server.obj
 0001:0001e17b       ?Chunk_SetIsConnectChunkSvr@CGameServer@@IAEXH@Z 0041f17b f   Server.obj
 0001:0001e194       ?Chunk_GetIsConnectChunkSvr@CGameServer@@IAEHXZ 0041f194 f   Server.obj
 0001:0001e1a8       ?OnRoomLimit@CGameServer@@UAEHPAU_tagCONTEXT_HEAD@@PAVREQUEST@@PAVCWorkerContext@@@Z 0041f1a8 f   Server.obj
 0001:0001e63b       ?OnChargeBtn@CGameServer@@UAEHPAU_tagCONTEXT_HEAD@@PAVREQUEST@@PAVCWorkerContext@@@Z 0041f63b f   Server.obj
 0001:0001ea2f       ?SendChargeUrl@CGameServer@@QAEXIJ@Z 0041fa2f f   Server.obj
 0001:0001eb57       ?OnNewTableChair@CGameServer@@UAEHHHHH@Z 0041fb57 f   Server.obj
 0001:0001ecc5       ?ResetTableBanker@CGameServer@@QAEXPAVCTable@@H@Z 0041fcc5 f   Server.obj
 0001:0001ed7c       ?OnUserStart@CGameServer@@UAEHPAVCTable@@H@Z 0041fd7c f   Server.obj
 0001:0001efa0       ??_GREQUEST@@QAEPAXI@Z     0041ffa0 f i Server.obj
 0001:0001efd0       ?Lookup@?$CMap@HHPAVCTable@@PAV1@@@QBEHHAAPAVCTable@@@Z 0041ffd0 f i Server.obj
 0001:0001f010       ?Lookup@?$CMap@HHPAVCRoom@@PAV1@@@QBEHHAAPAVCRoom@@@Z 00420010 f i Server.obj
 0001:0001f050       ?Lookup@?$CMap@HHU_tagUSER_DATA@@AAU1@@@QBEHHAAU_tagUSER_DATA@@@Z 00420050 f i Server.obj
 0001:0001f0a0       ??0?$CMap@KKU_tagWAIT_FRESHRESULT@@AAU1@@@QAE@H@Z 004200a0 f i Server.obj
 0001:0001f100       ??0CObject@@IAE@XZ         00420100 f i Server.obj
 0001:0001f120       ??_GCObject@@UAEPAXI@Z     00420120 f i Server.obj
 0001:0001f120       ??_ECObject@@UAEPAXI@Z     00420120 f i Server.obj
 0001:0001f150       ??1CObject@@UAE@XZ         00420150 f i Server.obj
 0001:0001f170       ?Serialize@CObject@@UAEXAAVCArchive@@@Z 00420170 f i Server.obj
 0001:0001f180       ??3CObject@@SGXPAX@Z       00420180 f i Server.obj
 0001:0001f1a0       ?AssertValid@CObject@@UBEXXZ 004201a0 f i Server.obj
 0001:0001f1b0       ?Dump@CObject@@UBEXAAVCDumpContext@@@Z 004201b0 f i Server.obj
 0001:0001f1c0       ?GetCount@?$CMap@KKU_tagWAIT_FRESHRESULT@@AAU1@@@QBEHXZ 004201c0 f i Server.obj
 0001:0001f1e0       ?SetAt@?$CMap@KKU_tagWAIT_FRESHRESULT@@AAU1@@@QAEXKAAU_tagWAIT_FRESHRESULT@@@Z 004201e0 f i Server.obj
 0001:0001f210       ?RemoveKey@?$CMap@KKU_tagWAIT_FRESHRESULT@@AAU1@@@QAEHK@Z 00420210 f i Server.obj
 0001:0001f2a0       ?GetStartPosition@?$CMap@KKU_tagWAIT_FRESHRESULT@@AAU1@@@QBEPAU__POSITION@@XZ 004202a0 f i Server.obj
 0001:0001f2c0       ?GetNextAssoc@?$CMap@KKU_tagWAIT_FRESHRESULT@@AAU1@@@QBEXAAPAU__POSITION@@AAKAAU_tagWAIT_FRESHRESULT@@@Z 004202c0 f i Server.obj
 0001:0001f390       ??1?$CMap@KKU_tagWAIT_FRESHRESULT@@AAU1@@@UAE@XZ 00420390 f i Server.obj
 0001:0001f3f0       ?Serialize@?$CMap@KKU_tagWAIT_FRESHRESULT@@AAU1@@@UAEXAAVCArchive@@@Z 004203f0 f i Server.obj
 0001:0001f4f0       ?IsStoring@CArchive@@QBEHXZ 004204f0 f i Server.obj
 0001:0001f510       ??_E?$CMap@KKU_tagWAIT_FRESHRESULT@@AAU1@@@UAEPAXI@Z 00420510 f i Server.obj
 0001:0001f510       ??_G?$CMap@KKU_tagWAIT_FRESHRESULT@@AAU1@@@UAEPAXI@Z 00420510 f i Server.obj
 0001:0001f540       ?SerializeElements@@YGXAAVCArchive@@PAKH@Z 00420540 f i Server.obj
 0001:0001f580       ?GetAssocAt@?$CMap@HHPAVCTable@@PAV1@@@IBEPAUCAssoc@1@HAAI@Z 00420580 f i Server.obj
 0001:0001f5f0       ?GetAssocAt@?$CMap@HHPAVCRoom@@PAV1@@@IBEPAUCAssoc@1@HAAI@Z 004205f0 f i Server.obj
 0001:0001f660       ?GetAssocAt@?$CMap@HHU_tagUSER_DATA@@AAU1@@@IBEPAUCAssoc@1@HAAI@Z 00420660 f i Server.obj
 0001:0001f6d0       ??A?$CMap@KKU_tagWAIT_FRESHRESULT@@AAU1@@@QAEAAU_tagWAIT_FRESHRESULT@@K@Z 004206d0 f i Server.obj
 0001:0001f760       ?RemoveAll@?$CMap@KKU_tagWAIT_FRESHRESULT@@AAU1@@@QAEXXZ 00420760 f i Server.obj
 0001:0001f820       ?FreeAssoc@?$CMap@KKU_tagWAIT_FRESHRESULT@@AAU1@@@IAEXPAUCAssoc@1@@Z 00420820 f i Server.obj
 0001:0001f880       ?HashKey@@YGIK@Z           00420880 f i Server.obj
 0001:0001f890       ?CompareElements@@YGHPBK0@Z 00420890 f i Server.obj
 0001:0001f8b0       ?SerializeElements@@YGXAAVCArchive@@PAU_tagWAIT_FRESHRESULT@@H@Z 004208b0 f i Server.obj
 0001:0001f8f0       ?DestructElements@@YGXPAKH@Z 004208f0 f i Server.obj
 0001:0001f920       ?HashKey@@YGIH@Z           00420920 f i Server.obj
 0001:0001f930       ?CompareElements@@YGHPBH0@Z 00420930 f i Server.obj
 0001:0001f950       ?InitHashTable@?$CMap@KKU_tagWAIT_FRESHRESULT@@AAU1@@@QAEXIH@Z 00420950 f i Server.obj
 0001:0001f9d0       ?NewAssoc@?$CMap@KKU_tagWAIT_FRESHRESULT@@AAU1@@@IAEPAUCAssoc@1@XZ 004209d0 f i Server.obj
 0001:0001faa0       ?GetAssocAt@?$CMap@KKU_tagWAIT_FRESHRESULT@@AAU1@@@IBEPAUCAssoc@1@KAAI@Z 00420aa0 f i Server.obj
 0001:0001fb10       ?DestructElements@@YGXPAU_tagWAIT_FRESHRESULT@@H@Z 00420b10 f i Server.obj
 0001:0001fb40       ?ConstructElements@@YGXPAKH@Z 00420b40 f i Server.obj
 0001:0001fb90       ?ConstructElements@@YGXPAU_tagWAIT_FRESHRESULT@@H@Z 00420b90 f i Server.obj
 0001:0001fcb1       ?WriteMiniDMP@@YAXPAU_EXCEPTION_POINTERS@@@Z 00420cb1 f   TcSgSvr.obj
 0001:0001fdec       ?ExpFilter@@YGJPAU_EXCEPTION_POINTERS@@@Z 00420dec f   TcSgSvr.obj
 0001:0001fe04       _main                      00420e04 f   TcSgSvr.obj
 0001:0001ff60       ??0CGameService@@QAE@PBD0HH000HHKK@Z 00420f60 f i TcSgSvr.obj
 0001:0001ffb0       ?OnNewServer@CGameService@@UAEPAVCBaseServer@@XZ 00420fb0 f i TcSgSvr.obj
 0001:00020070       ??0CGameServer@@QAE@PBD00HHKK@Z 00421070 f i TcSgSvr.obj
 0001:000201e0       ?CheckBeforeGameStart@CBaseServer@@UAEHPAVCTable@@@Z 004211e0 f i TcSgSvr.obj
 0001:00020200       ?OnSeverAutoPlay@CMainServer@@MAEXPAVCTable@@H@Z 00421200 f i TcSgSvr.obj
 0001:00020210       ??0CSkServer@@QAE@PBD00HHKK@Z 00421210 f i TcSgSvr.obj
 0001:00020250       ??_GCSkServer@@UAEPAXI@Z   00421250 f i TcSgSvr.obj
 0001:00020250       ??_ECSkServer@@UAEPAXI@Z   00421250 f i TcSgSvr.obj
 0001:00020280       ??1CSkServer@@UAE@XZ       00421280 f i TcSgSvr.obj
 0001:000202a0       ??0CMySockClit@@QAE@PAVCBaseServer@@HKK@Z 004212a0 f i TcSgSvr.obj
 0001:000202e0       ??0CSockClient@@QAE@PAVCBaseServer@@HKK@Z 004212e0 f i TcSgSvr.obj
 0001:00020320       ??_GCSockClient@@UAEPAXI@Z 00421320 f i TcSgSvr.obj
 0001:00020320       ??_ECSockClient@@UAEPAXI@Z 00421320 f i TcSgSvr.obj
 0001:00020350       ??1CSockClient@@UAE@XZ     00421350 f i TcSgSvr.obj
 0001:00020370       ??_GCMySockClit@@UAEPAXI@Z 00421370 f i TcSgSvr.obj
 0001:00020370       ??_ECMySockClit@@UAEPAXI@Z 00421370 f i TcSgSvr.obj
 0001:000203a0       ??1CMySockClit@@UAE@XZ     004213a0 f i TcSgSvr.obj
 0001:000203c0       ??_GCGameServer@@UAEPAXI@Z 004213c0 f i TcSgSvr.obj
 0001:000203c0       ??_ECGameServer@@UAEPAXI@Z 004213c0 f i TcSgSvr.obj
 0001:000203f0       ??1CGameServer@@UAE@XZ     004213f0 f i TcSgSvr.obj
 0001:00020450       ??_GCGameService@@UAEPAXI@Z 00421450 f i TcSgSvr.obj
 0001:00020450       ??_ECGameService@@UAEPAXI@Z 00421450 f i TcSgSvr.obj
 0001:00020480       ??1CGameService@@UAE@XZ    00421480 f i TcSgSvr.obj
 0001:000204a0       ?TCSG_CalcCardValue@@YAHH@Z 004214a0 f   TcSgTbl.obj
 0001:000204c3       ?TCSG_CalcCardPoint@@YAHH@Z 004214c3 f   TcSgTbl.obj
 0001:0002053c       ??0CGameTable@@QAE@HHHHKKHHHHHHHHQAHHHHHHHP6AHHK@Z111P6AHHHK@Z2@Z 0042153c f   TcSgTbl.obj
 0001:000206c0       ??1CGameTable@@UAE@XZ      004216c0 f   TcSgTbl.obj
 0001:00020739       ?InitialGameTableInfo@@YAXPAU_tagGAME_TABLE_INFO@@@Z 00421739 f   TcSgTbl.obj
 0001:000207b8       ?My_GetIndexPRI@@YAHHHK@Z  004217b8 f   TcSgTbl.obj
 0001:000207e9       ?GetGameTableInfo@CGameTable@@QAEPAU_tagGAME_TABLE_INFO@@XZ 004217e9 f   TcSgTbl.obj
 0001:00020814       ?GetPublicInfo@CGameTable@@QAEPAU_tagGAME_PUBLIC_INFO@@XZ 00421814 f   TcSgTbl.obj
 0001:00020844       ?GetStartInfo@CGameTable@@QAEPAU_tagGAME_START_INFO@@XZ 00421844 f   TcSgTbl.obj
 0001:0002086f       ?GetPlayerInfo@CGameTable@@QAEPAU_tagGAME_PLAYER_INFO@@H@Z 0042186f f   TcSgTbl.obj
 0001:000208ac       ?ResetMembers@CGameTable@@UAEXH@Z 004218ac f   TcSgTbl.obj
 0001:00020a3b       ?ResetTable@CGameTable@@UAEXXZ 00421a3b f   TcSgTbl.obj
 0001:00020aa3       ?GetGameTableInfoSize@CGameTable@@UAEHXZ 00421aa3 f   TcSgTbl.obj
 0001:00020ab3       ?FillupGameTableInfo@CGameTable@@UAEXPAXHHH@Z 00421ab3 f   TcSgTbl.obj
 0001:00020eff       ?GetEnterGameInfoSize@CGameTable@@UAEHXZ 00421eff f   TcSgTbl.obj
 0001:00020f0f       ?FillupEnterGameInfo@CGameTable@@UAEXPAXHHH@Z 00421f0f f   TcSgTbl.obj
 0001:00020f78       ?GetGameStartSize@CGameTable@@UAEHXZ 00421f78 f   TcSgTbl.obj
 0001:00020f88       ?FillupGameStart@CGameTable@@UAEXPAXHHH@Z 00421f88 f   TcSgTbl.obj
 0001:00021006       ?GetGameWinSize@CGameTable@@UAEHXZ 00422006 f   TcSgTbl.obj
 0001:00021016       ?FillupGameWin@CGameTable@@UAEHPAXHH@Z 00422016 f   TcSgTbl.obj
 0001:00021282       ?FillupStartData@CGameTable@@UAEXPAXH@Z 00422282 f   TcSgTbl.obj
 0001:000213f3       ?CalcBankerChairBefore@CGameTable@@UAEHXZ 004223f3 f   TcSgTbl.obj
 0001:0002148b       ?CalcBankerChairAfter@CGameTable@@UAEHPAXH@Z 0042248b f   TcSgTbl.obj
 0001:000214a1       ?CalcWinPoints@CGameTable@@UAEHPAXHHQAH@Z 004224a1 f   TcSgTbl.obj
 0001:0002163e       ?CalcResultDiffs@CGameTable@@UAEHPAXHQAH1@Z 0042263e f   TcSgTbl.obj
 0001:00021840       ?ConstructGameData@CGameTable@@UAEXXZ 00422840 f   TcSgTbl.obj
 0001:00021887       ?GetRandomBombNum@CGameTable@@QAEHH@Z 00422887 f   TcSgTbl.obj
 0001:0002195a       ?MakeDealCards@CGameTable@@QAEHH@Z 0042295a f   TcSgTbl.obj
 0001:00021b9b       ?MakeCardsLayIn@CGameTable@@QAEXHHAAHQAH@Z 00422b9b f   TcSgTbl.obj
 0001:00021c3a       ?DealCardNormal@CGameTable@@QAEXXZ 00422c3a f   TcSgTbl.obj
 0001:00021c55       ?DealCardNormal_Begin@CGameTable@@QAEXXZ 00422c55 f   TcSgTbl.obj
 0001:00021dcf       ?DealCardNormal_End@CGameTable@@QAEXXZ 00422dcf f   TcSgTbl.obj
 0001:00021fb5       ?CalcCardType@CGameTable@@UAEHHPAU_tagSANGONG_DETAIL@@@Z 00422fb5 f   TcSgTbl.obj
 0001:000220c0       ?IsMakedCard@CGameTable@@QAEHH@Z 004230c0 f   TcSgTbl.obj
 0001:0002214b       ?StartDeal@CGameTable@@UAEXXZ 0042314b f   TcSgTbl.obj
 0001:00022333       ?CheckCards@CGameTable@@UAEHXZ 00423333 f   TcSgTbl.obj
 0001:00022402       ?ReadCardsFromFile@CGameTable@@QAEHXZ 00423402 f   TcSgTbl.obj
 0001:00022715       ?RetrieveFields@CGameTable@@QAEHPADPAPADH1@Z 00423715 f   TcSgTbl.obj
 0001:0002281c       ?GetINIFileName@CGameTable@@QAE?AVCString@@XZ 0042381c f   TcSgTbl.obj
 0001:0002291c       ?CatchOneCard@CGameTable@@UAEHH@Z 0042391c f   TcSgTbl.obj
 0001:00022a1e       ?GiveCard@CGameTable@@UAEHHHH@Z 00423a1e f   TcSgTbl.obj
 0001:00022ad8       ?ValidateThrow@CGameTable@@UAEHPAU_tagCARDS_THROW@@@Z 00423ad8 f   TcSgTbl.obj
 0001:00022ce9       ?ThrowCards@CGameTable@@UAEHPAU_tagCARDS_THROW@@@Z 00423ce9 f   TcSgTbl.obj
 0001:00022eac       ?GetCard@CGameTable@@UAEPAU_tagCARDINFO@@H@Z 00423eac f   TcSgTbl.obj
 0001:00022f11       ?SetCardStatus@CGameTable@@UAEHHHH@Z 00423f11 f   TcSgTbl.obj
 0001:00022f91       ?CalcWinOnThrow@CGameTable@@UAEHPAU_tagCARDS_THROW@@@Z 00423f91 f   TcSgTbl.obj
 0001:00023111       ?CalcWinOnPass@CGameTable@@UAEHPAU_tagCARDS_PASS@@@Z 00424111 f   TcSgTbl.obj
 0001:0002328a       ?PutThrowCardsToCost@CGameTable@@UAEXH@Z 0042428a f   TcSgTbl.obj
 0001:00023302       ?PutAllCardsToCost@CGameTable@@UAEXXZ 00424302 f   TcSgTbl.obj
 0001:00023363       ?GetTributeCard@CGameTable@@UAEHH@Z 00424363 f   TcSgTbl.obj
 0001:00023479       ?GetInHandCard@CGameTable@@UAEHHQAH@Z 00424479 f   TcSgTbl.obj
 0001:00023519       ?SetCurrentRank@CGameTable@@UAEXH@Z 00424519 f   TcSgTbl.obj
 0001:00023537       ?GetCurrentRank@CGameTable@@UAEHXZ 00424537 f   TcSgTbl.obj
 0001:00023550       ?CalcChairThrowTime@CGameTable@@UAEHH@Z 00424550 f   TcSgTbl.obj
 0001:000235c4       ?CalcBombInThrow@CGameTable@@UAEXPAU_tagCARDS_THROW@@@Z 004245c4 f   TcSgTbl.obj
 0001:0002362a       ?IsCardInHand@CGameTable@@UAEHHQAHH@Z 0042462a f   TcSgTbl.obj
 0001:00023696       ?OnPass@CGameTable@@UAEXPAU_tagCARDS_PASS@@@Z 00424696 f   TcSgTbl.obj
 0001:000236b6       ?ValidatePass@CGameTable@@UAEHPAU_tagCARDS_PASS@@@Z 004246b6 f   TcSgTbl.obj
 0001:00023748       ?FillupNextBoutInfo@CGameTable@@UAEXPAXHH@Z 00424748 f   TcSgTbl.obj
 0001:0002383b       ?GetCardType_Bomb@CGameTable@@UAEHQAHH0HHAAU_tagUNITE_TYPE@@H@Z 0042483b f   TcSgTbl.obj
 0001:00023a69       ?GetUniteDetails@CGameTable@@UAEHHQAHHAAU_tagCARD_UNITE@@K@Z 00424a69 f   TcSgTbl.obj
 0001:00023d0c       ?SetStatusOnStart@CGameTable@@UAEKXZ 00424d0c f   TcSgTbl.obj
 0001:00023d2f       ?SetCurrentChairOnStart@CGameTable@@UAEHXZ 00424d2f f   TcSgTbl.obj
[...]
 0001:000ab7c0       _$E316                     004ac7c0 f   xygament2:xygsocks.obj
 0001:000ab7d0       _$E313                     004ac7d0 f   xygament2:xygsocks.obj
 0001:000ab7e0       _$E315                     004ac7e0 f   xygament2:xygsocks.obj
 0001:000ab7f0       _$E314                     004ac7f0 f   xygament2:xygsocks.obj
 0001:000ab800       _$E322                     004ac800 f   xygament2:xygsocks.obj
 0001:000ab810       _$E319                     004ac810 f   xygament2:xygsocks.obj
 0001:000ab820       _$E321                     004ac820 f   xygament2:xygsocks.obj
 0001:000ab830       _$E320                     004ac830 f   xygament2:xygsocks.obj
 0001:0008fb50       ?MessageWndProc@@YGJPAUHWND__@@IIJ@Z 00490b50 f   xygament2:xygsvr.obj
 0001:000a7b60       _$E316                     004a8b60 f   xygament2:xygsvr.obj
 0001:000a7b70       _$E313                     004a8b70 f   xygament2:xygsvr.obj
 0001:000a7b80       _$E315                     004a8b80 f   xygament2:xygsvr.obj
 0001:000a7b90       _$E314                     004a8b90 f   xygament2:xygsvr.obj
 0001:000a7ba0       _$E322                     004a8ba0 f   xygament2:xygsvr.obj
 0001:000a7bb0       _$E319                     004a8bb0 f   xygament2:xygsvr.obj
 0001:000a7bc0       _$E321                     004a8bc0 f   xygament2:xygsvr.obj
 0001:000a7bd0       _$E320                     004a8bd0 f   xygament2:xygsvr.obj
 0001:0008beb0       _$E316                     0048ceb0 f   xygament2:xygsockc.obj
 0001:0008bec0       _$E313                     0048cec0 f   xygament2:xygsockc.obj
 0001:0008bed0       _$E315                     0048ced0 f   xygament2:xygsockc.obj
 0001:0008bee0       _$E314                     0048cee0 f   xygament2:xygsockc.obj
 0001:0008bef0       _$E322                     0048cef0 f   xygament2:xygsockc.obj
 0001:0008bf00       _$E319                     0048cf00 f   xygament2:xygsockc.obj
 0001:0008bf10       _$E321                     0048cf10 f   xygament2:xygsockc.obj
 0001:0008bf20       _$E320                     0048cf20 f   xygament2:xygsockc.obj
 0001:000af770       _$E316                     004b0770 f   tcgsk2:tcgsk.obj
 0001:000af780       _$E313                     004b0780 f   tcgsk2:tcgsk.obj
 0001:000af790       _$E315                     004b0790 f   tcgsk2:tcgsk.obj
 0001:000af7a0       _$E314                     004b07a0 f   tcgsk2:tcgsk.obj
 0001:000af7b0       _$E322                     004b07b0 f   tcgsk2:tcgsk.obj
 0001:000af7c0       _$E319                     004b07c0 f   tcgsk2:tcgsk.obj
 0001:000af7d0       _$E321                     004b07d0 f   tcgsk2:tcgsk.obj
 0001:000af7e0       _$E320                     004b07e0 f   tcgsk2:tcgsk.obj
 0001:000b1930       _$E316                     004b2930 f   tcgsknt2:tcgsvrsk.obj
 0001:000b1940       _$E313                     004b2940 f   tcgsknt2:tcgsvrsk.obj
 0001:000b1950       _$E315                     004b2950 f   tcgsknt2:tcgsvrsk.obj
 0001:000b1960       _$E314                     004b2960 f   tcgsknt2:tcgsvrsk.obj
 0001:000b1970       _$E322                     004b2970 f   tcgsknt2:tcgsvrsk.obj
 0001:000b1980       _$E319                     004b2980 f   tcgsknt2:tcgsvrsk.obj
 0001:000b1990       _$E321                     004b2990 f   tcgsknt2:tcgsvrsk.obj
 0001:000b19a0       _$E320                     004b29a0 f   tcgsknt2:tcgsvrsk.obj
 0001:000e5c90       _$E316                     004e6c90 f   uwl:uwlcrc32.obj
 0001:000e5ca0       _$E313                     004e6ca0 f   uwl:uwlcrc32.obj
 0001:000e5cb0       _$E315                     004e6cb0 f   uwl:uwlcrc32.obj
 0001:000e5cc0       _$E314                     004e6cc0 f   uwl:uwlcrc32.obj
 0001:000e5cd0       _$E322                     004e6cd0 f   uwl:uwlcrc32.obj
 0001:000e5ce0       _$E319                     004e6ce0 f   uwl:uwlcrc32.obj
 0001:000e5cf0       _$E321                     004e6cf0 f   uwl:uwlcrc32.obj
 0001:000e5d00       _$E320                     004e6d00 f   uwl:uwlcrc32.obj
 0001:000be790       _$E316                     004bf790 f   uwl:uwlaes.obj
 0001:000be7a0       _$E313                     004bf7a0 f   uwl:uwlaes.obj
 0001:000be7b0       _$E315                     004bf7b0 f   uwl:uwlaes.obj
 0001:000be7c0       _$E314                     004bf7c0 f   uwl:uwlaes.obj
 0001:000be7d0       _$E322                     004bf7d0 f   uwl:uwlaes.obj
 0001:000be7e0       _$E319                     004bf7e0 f   uwl:uwlaes.obj
 0001:000be7f0       _$E321                     004bf7f0 f   uwl:uwlaes.obj
 0001:000be800       _$E320                     004bf800 f   uwl:uwlaes.obj
 0001:000bbcd0       _$E316                     004bccd0 f   uwl:uwlflate.obj
 0001:000bbce0       _$E313                     004bcce0 f   uwl:uwlflate.obj
 0001:000bbcf0       _$E315                     004bccf0 f   uwl:uwlflate.obj
 0001:000bbd00       _$E314                     004bcd00 f   uwl:uwlflate.obj
 0001:000bbd10       _$E322                     004bcd10 f   uwl:uwlflate.obj
 0001:000bbd20       _$E319                     004bcd20 f   uwl:uwlflate.obj
 0001:000bbd30       _$E321                     004bcd30 f   uwl:uwlflate.obj
 0001:000bbd40       _$E320                     004bcd40 f   uwl:uwlflate.obj
 0001:000bb610       _$E316                     004bc610 f   uwl:uwlmac.obj
 0001:000bb620       _$E313                     004bc620 f   uwl:uwlmac.obj
 0001:000bb630       _$E315                     004bc630 f   uwl:uwlmac.obj
 0001:000bb640       _$E314                     004bc640 f   uwl:uwlmac.obj
 0001:000bb650       _$E322                     004bc650 f   uwl:uwlmac.obj
 0001:000bb660       _$E319                     004bc660 f   uwl:uwlmac.obj
 0001:000bb670       _$E321                     004bc670 f   uwl:uwlmac.obj
 0001:000bb680       _$E320                     004bc680 f   uwl:uwlmac.obj
 0001:000bb370       _$E316                     004bc370 f   uwl:uwlpack.obj
 0001:000bb380       _$E313                     004bc380 f   uwl:uwlpack.obj
 0001:000bb390       _$E315                     004bc390 f   uwl:uwlpack.obj
 0001:000bb3a0       _$E314                     004bc3a0 f   uwl:uwlpack.obj
 0001:000bb3b0       _$E322                     004bc3b0 f   uwl:uwlpack.obj
 0001:000bb3c0       _$E319                     004bc3c0 f   uwl:uwlpack.obj
 0001:000bb3d0       _$E321                     004bc3d0 f   uwl:uwlpack.obj
 0001:000bb3e0       _$E320                     004bc3e0 f   uwl:uwlpack.obj
 0001:000b9df0       ?MD5Transform@@YAXPAK0@Z   004badf0 f   uwl:uwlmd5.obj
 0001:000ba780       _$E316                     004bb780 f   uwl:uwlmd5.obj
 0001:000ba790       _$E313                     004bb790 f   uwl:uwlmd5.obj
 0001:000ba7a0       _$E315                     004bb7a0 f   uwl:uwlmd5.obj
 0001:000ba7b0       _$E314                     004bb7b0 f   uwl:uwlmd5.obj
 0001:000ba7c0       _$E322                     004bb7c0 f   uwl:uwlmd5.obj
 0001:000ba7d0       _$E319                     004bb7d0 f   uwl:uwlmd5.obj
 0001:000ba7e0       _$E321                     004bb7e0 f   uwl:uwlmd5.obj
 0001:000ba7f0       _$E320                     004bb7f0 f   uwl:uwlmd5.obj
 0001:000b8500       ?SocketWndProc@@YGJPAUHWND__@@IIJ@Z 004b9500 f   uwl:uwlsock.obj
 0001:000b9200       _$E316                     004ba200 f   uwl:uwlsock.obj
 0001:000b9210       _$E313                     004ba210 f   uwl:uwlsock.obj
 0001:000b9220       _$E315                     004ba220 f   uwl:uwlsock.obj
 0001:000b9230       _$E314                     004ba230 f   uwl:uwlsock.obj
 0001:000b9240       _$E322                     004ba240 f   uwl:uwlsock.obj
 0001:000b9250       _$E319                     004ba250 f   uwl:uwlsock.obj
 0001:000b9260       _$E321                     004ba260 f   uwl:uwlsock.obj
 0001:000b9270       _$E320                     004ba270 f   uwl:uwlsock.obj
 0001:000b83c0       _$E316                     004b93c0 f   uwl:uwllic.obj
 0001:000b83d0       _$E313                     004b93d0 f   uwl:uwllic.obj
 0001:000b83e0       _$E315                     004b93e0 f   uwl:uwllic.obj
 0001:000b83f0       _$E314                     004b93f0 f   uwl:uwllic.obj
 0001:000b8400       _$E322                     004b9400 f   uwl:uwllic.obj
 0001:000b8410       _$E319                     004b9410 f   uwl:uwllic.obj
 0001:000b8420       _$E321                     004b9420 f   uwl:uwllic.obj
 0001:000b8430       _$E320                     004b9430 f   uwl:uwllic.obj
 0001:000b5440       _$E316                     004b6440 f   uwl:uwlmain.obj
 0001:000b5450       _$E313                     004b6450 f   uwl:uwlmain.obj
 0001:000b5460       _$E315                     004b6460 f   uwl:uwlmain.obj
 0001:000b5470       _$E314                     004b6470 f   uwl:uwlmain.obj
 0001:000b5480       _$E322                     004b6480 f   uwl:uwlmain.obj
 0001:000b5490       _$E319                     004b6490 f   uwl:uwlmain.obj
 0001:000b54a0       _$E321                     004b64a0 f   uwl:uwlmain.obj
 0001:000b54b0       _$E320                     004b64b0 f   uwl:uwlmain.obj
 0001:000b4ff0       _$E316                     004b5ff0 f   uwl:uwlwork.obj
 0001:000b5000       _$E313                     004b6000 f   uwl:uwlwork.obj
 0001:000b5010       _$E315                     004b6010 f   uwl:uwlwork.obj
 0001:000b5020       _$E314                     004b6020 f   uwl:uwlwork.obj
 0001:000b5030       _$E322                     004b6030 f   uwl:uwlwork.obj
 0001:000b5040       _$E319                     004b6040 f   uwl:uwlwork.obj
 0001:000b5050       _$E321                     004b6050 f   uwl:uwlwork.obj
 0001:000b5060       _$E320                     004b6060 f   uwl:uwlwork.obj
 0001:000b4220       _$E316                     004b5220 f   uwl:uwlutil.obj
 0001:000b4230       _$E313                     004b5230 f   uwl:uwlutil.obj
 0001:000b4240       _$E315                     004b5240 f   uwl:uwlutil.obj
 0001:000b4250       _$E314                     004b5250 f   uwl:uwlutil.obj
 0001:000b4260       _$E322                     004b5260 f   uwl:uwlutil.obj
 0001:000b4270       _$E319                     004b5270 f   uwl:uwlutil.obj
 0001:000b4280       _$E321                     004b5280 f   uwl:uwlutil.obj
 0001:000b4290       _$E320                     004b5290 f   uwl:uwlutil.obj
 0001:000b2120       _$E316                     004b3120 f   uwl:uwlerr.obj
 0001:000b2130       _$E313                     004b3130 f   uwl:uwlerr.obj
 0001:000b2140       _$E315                     004b3140 f   uwl:uwlerr.obj
 0001:000b2150       _$E314                     004b3150 f   uwl:uwlerr.obj
 0001:000b2160       _$E322                     004b3160 f   uwl:uwlerr.obj
 0001:000b2170       _$E319                     004b3170 f   uwl:uwlerr.obj
 0001:000b2180       _$E321                     004b3180 f   uwl:uwlerr.obj
 0001:000b2190       _$E320                     004b3190 f   uwl:uwlerr.obj
 0001:000b2050       _$E316                     004b3050 f   uwl:uwllog.obj
 0001:000b2060       _$E313                     004b3060 f   uwl:uwllog.obj
 0001:000b2070       _$E315                     004b3070 f   uwl:uwllog.obj
 0001:000b2080       _$E314                     004b3080 f   uwl:uwllog.obj
 0001:000b2090       _$E322                     004b3090 f   uwl:uwllog.obj
 0001:000b20a0       _$E319                     004b30a0 f   uwl:uwllog.obj
 0001:000b20b0       _$E321                     004b30b0 f   uwl:uwllog.obj
 0001:000b20c0       _$E320                     004b30c0 f   uwl:uwllog.obj
 0001:000b1c80       _$E316                     004b2c80 f   uwl:uwlreq.obj
 0001:000b1c90       _$E313                     004b2c90 f   uwl:uwlreq.obj
 0001:000b1ca0       _$E315                     004b2ca0 f   uwl:uwlreq.obj
 0001:000b1cb0       _$E314                     004b2cb0 f   uwl:uwlreq.obj
 0001:000b1cc0       _$E322                     004b2cc0 f   uwl:uwlreq.obj
 0001:000b1cd0       _$E319                     004b2cd0 f   uwl:uwlreq.obj
 0001:000b1ce0       _$E321                     004b2ce0 f   uwl:uwlreq.obj
 0001:000b1cf0       _$E320                     004b2cf0 f   uwl:uwlreq.obj
 0001:000bf2e0       _$E316                     004c02e0 f   uwlnt:uwlsvc.obj
 0001:000bf2f0       _$E313                     004c02f0 f   uwlnt:uwlsvc.obj
 0001:000bf300       _$E315                     004c0300 f   uwlnt:uwlsvc.obj
 0001:000bf310       _$E314                     004c0310 f   uwlnt:uwlsvc.obj
 0001:000bf320       _$E322                     004c0320 f   uwlnt:uwlsvc.obj
 0001:000bf330       _$E319                     004c0330 f   uwlnt:uwlsvc.obj
 0001:000bf340       _$E321                     004c0340 f   uwlnt:uwlsvc.obj
 0001:000bf350       _$E320                     004c0350 f   uwlnt:uwlsvc.obj
 0001:000be910       _$E316                     004bf910 f   uwlnt:uwlsvcwd.obj
 0001:000be920       _$E313                     004bf920 f   uwlnt:uwlsvcwd.obj
 0001:000be930       _$E315                     004bf930 f   uwlnt:uwlsvcwd.obj
 0001:000be940       _$E314                     004bf940 f   uwlnt:uwlsvcwd.obj
 0001:000be950       _$E322                     004bf950 f   uwlnt:uwlsvcwd.obj
 0001:000be960       _$E319                     004bf960 f   uwlnt:uwlsvcwd.obj
 0001:000be970       _$E321                     004bf970 f   uwlnt:uwlsvcwd.obj
 0001:000be980       _$E320                     004bf980 f   uwlnt:uwlsvcwd.obj
 0001:000c3980       _$E316                     004c4980 f   tcns:tciocp.obj
 0001:000c3990       _$E313                     004c4990 f   tcns:tciocp.obj
 0001:000c39a0       _$E315                     004c49a0 f   tcns:tciocp.obj
 0001:000c39b0       _$E314                     004c49b0 f   tcns:tciocp.obj
 0001:000c39c0       _$E322                     004c49c0 f   tcns:tciocp.obj
 0001:000c39d0       _$E319                     004c49d0 f   tcns:tciocp.obj
 0001:000c39e0       _$E321                     004c49e0 f   tcns:tciocp.obj
 0001:000c39f0       _$E320                     004c49f0 f   tcns:tciocp.obj
 0001:000da9a0       ?uintToString@Json@@YAXIAAPAD@Z 004db9a0 f   jsoncpp:json_writer.obj
 0001:000dbb80       ?isControlCharacter@Json@@YA_ND@Z 004dcb80 f   jsoncpp:json_writer.obj
 0001:000dbbb0       ?containsControlCharacter@Json@@YA_NPBD@Z 004dcbb0 f   jsoncpp:json_writer.obj
 0001:000e3130       _$E31                      004e4130 f   jsoncpp:json_writer.obj
 0001:000e3140       _$E28                      004e4140 f   jsoncpp:json_writer.obj
 0001:000e3150       _$E30                      004e4150 f   jsoncpp:json_writer.obj
 0001:000e3170       _$E29                      004e4170 f   jsoncpp:json_writer.obj
 0001:000e3180       _$E37                      004e4180 f   jsoncpp:json_writer.obj
 0001:000e3190       _$E34                      004e4190 f   jsoncpp:json_writer.obj
 0001:000e31a0       _$E36                      004e41a0 f   jsoncpp:json_writer.obj
 0001:000e31c0       _$E35                      004e41c0 f   jsoncpp:json_writer.obj
 0001:000d0ab0       ?containsNewLine@Json@@YA_NPBD0@Z 004d1ab0 f   jsoncpp:json_reader.obj
 0001:000d3340       ?codePointToUTF8@Json@@YA?AV?$basic_string@DU?$char_traits@D@std@@V?$allocator@D@2@@std@@I@Z 004d4340 f   jsoncpp:json_reader.obj
 0001:000d54c0       _$E31                      004d64c0 f   jsoncpp:json_reader.obj
 0001:000d54d0       _$E28                      004d64d0 f   jsoncpp:json_reader.obj
 0001:000d54e0       _$E30                      004d64e0 f   jsoncpp:json_reader.obj
 0001:000d5500       _$E29                      004d6500 f   jsoncpp:json_reader.obj
 0001:000d5510       _$E37                      004d6510 f   jsoncpp:json_reader.obj
 0001:000d5520       _$E34                      004d6520 f   jsoncpp:json_reader.obj
 0001:000d5530       _$E36                      004d6530 f   jsoncpp:json_reader.obj
 0001:000d5550       _$E35                      004d6550 f   jsoncpp:json_reader.obj
 0001:000c3a90       _$E43                      004c4a90 f   jsoncpp:json_value.obj
 0001:000c3aa0       _$E39                      004c4aa0 f   jsoncpp:json_value.obj
 0001:000c3ac0       _$E42                      004c4ac0 f   jsoncpp:json_value.obj
 0001:000c3ae0       _$E40                      004c4ae0 f   jsoncpp:json_value.obj
 0001:000c3b60       _$E48                      004c4b60 f   jsoncpp:json_value.obj
 0001:000c3b70       _$E47                      004c4b70 f   jsoncpp:json_value.obj
 0001:000c3b80       ?valueAllocator@Json@@YAAAPAVValueAllocator@1@XZ 004c4b80 f   jsoncpp:json_value.obj
 0001:000c3bc0       _$E46                      004c4bc0 f   jsoncpp:json_value.obj
 0001:000caa10       _$E25                      004cba10 f   jsoncpp:json_value.obj
 0001:000caa20       _$E22                      004cba20 f   jsoncpp:json_value.obj
 0001:000caa30       _$E24                      004cba30 f   jsoncpp:json_value.obj
 0001:000caa50       _$E23                      004cba50 f   jsoncpp:json_value.obj
 0001:000caa60       _$E31                      004cba60 f   jsoncpp:json_value.obj
 0001:000caa70       _$E28                      004cba70 f   jsoncpp:json_value.obj
 0001:000caa80       _$E30                      004cba80 f   jsoncpp:json_value.obj
 0001:000caaa0       _$E29                      004cbaa0 f   jsoncpp:json_value.obj
 0001:000e4090       _$E316                     004e5090 f   TcyCommon:DefIocpServer.obj
 0001:000e40a0       _$E313                     004e50a0 f   TcyCommon:DefIocpServer.obj
 0001:000e40b0       _$E315                     004e50b0 f   TcyCommon:DefIocpServer.obj
 0001:000e40c0       _$E314                     004e50c0 f   TcyCommon:DefIocpServer.obj
 0001:000e40d0       _$E322                     004e50d0 f   TcyCommon:DefIocpServer.obj
 0001:000e40e0       _$E319                     004e50e0 f   TcyCommon:DefIocpServer.obj
 0001:000e40f0       _$E321                     004e50f0 f   TcyCommon:DefIocpServer.obj
 0001:000e4100       _$E320                     004e5100 f   TcyCommon:DefIocpServer.obj
 0001:000e3f60       _$E316                     004e4f60 f   TcyCommon:DefIocpClient.obj
 0001:000e3f70       _$E313                     004e4f70 f   TcyCommon:DefIocpClient.obj
 0001:000e3f80       _$E315                     004e4f80 f   TcyCommon:DefIocpClient.obj
 0001:000e3f90       _$E314                     004e4f90 f   TcyCommon:DefIocpClient.obj
 0001:000e3fa0       _$E322                     004e4fa0 f   TcyCommon:DefIocpClient.obj
 0001:000e3fb0       _$E319                     004e4fb0 f   TcyCommon:DefIocpClient.obj
 0001:000e3fc0       _$E321                     004e4fc0 f   TcyCommon:DefIocpClient.obj
 0001:000e3fd0       _$E320                     004e4fd0 f   TcyCommon:DefIocpClient.obj
 0001:000e3e30       _$E316                     004e4e30 f   TcyCommon:CommonData.obj
 0001:000e3e40       _$E313                     004e4e40 f   TcyCommon:CommonData.obj
 0001:000e3e50       _$E315                     004e4e50 f   TcyCommon:CommonData.obj
 0001:000e3e60       _$E314                     004e4e60 f   TcyCommon:CommonData.obj
 0001:000e3e70       _$E322                     004e4e70 f   TcyCommon:CommonData.obj
 0001:000e3e80       _$E319                     004e4e80 f   TcyCommon:CommonData.obj
 0001:000e3e90       _$E321                     004e4e90 f   TcyCommon:CommonData.obj
 0001:000e3ea0       _$E320                     004e4ea0 f   TcyCommon:CommonData.obj
 0001:000e445a       ?ArrayUnwindFilter@@YAHPAU_EXCEPTION_POINTERS@@@Z 004e545a f   msvcrt:ehvecdtr.obj
 0001:000e5090       ?_com_invoke_helper@@YAJPAUIDispatch@@JGGPAXPBGPADPAPAUIErrorInfo@@@Z 004e6090 f   comsupp:comsupp.obj
 0001:000e4e62       _$E4                       004e5e62 f   comsupp:comutil.obj
 0001:000e4e6c       _$E1                       004e5e6c f   comsupp:comutil.obj
 0001:000e4e7e       _$E3                       004e5e7e f   comsupp:comutil.obj
 0001:000e4e8a       _$E2                       004e5e8a f   comsupp:comutil.obj
